<testsuites id="" name="" tests="465" failures="205" skipped="0" errors="0" time="520.140689">
<testsuite name="complete-flow.spec.ts" timestamp="2025-12-04T15:45:49.799Z" hostname="chromium" tests="12" failures="2" skipped="0" time="62.591" errors="0">
<testcase name="Complete App Flow - EntryPage → LoginPage → StoryPage › E2E-1: EntryPage should display title and start button" classname="complete-flow.spec.ts" time="1.545">
<system-out>
<![CDATA[✅ EntryPage: 타이틀과 시작 버튼 표시 완료
]]>
</system-out>
</testcase>
<testcase name="Complete App Flow - EntryPage → LoginPage → StoryPage › E2E-2: Click start button and navigate to LoginPage" classname="complete-flow.spec.ts" time="2.175">
<system-out>
<![CDATA[✅ EntryPage 클릭 후 이동: http://localhost:3002/story
]]>
</system-out>
</testcase>
<testcase name="Complete App Flow - EntryPage → LoginPage → StoryPage › E2E-3: LoginPage form and login functionality" classname="complete-flow.spec.ts" time="5.979">
<failure message="complete-flow.spec.ts:40:7 E2E-3: LoginPage form and login functionality" type="FAILURE">
<![CDATA[  [chromium] › complete-flow.spec.ts:40:7 › Complete App Flow - EntryPage → LoginPage → StoryPage › E2E-3: LoginPage form and login functionality 

    Error: expect(locator).toBeVisible() failed

    Locator: locator('button').filter({ hasText: '로그인' }).first()
    Expected: visible
    Timeout: 5000ms
    Error: element(s) not found

    Call log:
      - Expect "toBeVisible" with timeout 5000ms
      - waiting for locator('button').filter({ hasText: '로그인' }).first()


      48 |     await expect(usernameInput).toBeVisible();
      49 |     await expect(passwordInput).toBeVisible();
    > 50 |     await expect(loginButton).toBeVisible();
         |                               ^
      51 |
      52 |     // 입력값 채우기
      53 |     await usernameInput.fill('testuser');
        at /mnt/d/progress/animal forest coding/e2e/complete-flow.spec.ts:50:31

    attachment #1: screenshot (image/png) ──────────────────────────────────────────────────────────
    ../test-results/complete-flow-Complete-App-9f170-orm-and-login-functionality-chromium/test-failed-1.png
    ────────────────────────────────────────────────────────────────────────────────────────────────

    Error Context: ../test-results/complete-flow-Complete-App-9f170-orm-and-login-functionality-chromium/error-context.md
]]>
</failure>
<system-out>
<![CDATA[
[[ATTACHMENT|complete-flow-Complete-App-9f170-orm-and-login-functionality-chromium/test-failed-1.png]]

[[ATTACHMENT|complete-flow-Complete-App-9f170-orm-and-login-functionality-chromium/error-context.md]]
]]>
</system-out>
</testcase>
<testcase name="Complete App Flow - EntryPage → LoginPage → StoryPage › E2E-4: Navigate to StoryPage after login" classname="complete-flow.spec.ts" time="30.107">
<failure message="complete-flow.spec.ts:62:7 E2E-4: Navigate to StoryPage after login" type="FAILURE">
<![CDATA[  [chromium] › complete-flow.spec.ts:62:7 › Complete App Flow - EntryPage → LoginPage → StoryPage › E2E-4: Navigate to StoryPage after login 

    Test timeout of 30000ms exceeded.

    Error: locator.click: Test timeout of 30000ms exceeded.
    Call log:
      - waiting for locator('button').filter({ hasText: '로그인' }).first()


      70 |     await usernameInput.fill('testuser');
      71 |     await passwordInput.fill('testpass');
    > 72 |     await loginButton.click();
         |                       ^
      73 |
      74 |     // StoryPage로 이동 대기
      75 |     await page.waitForURL(/story/, { timeout: 5000 });
        at /mnt/d/progress/animal forest coding/e2e/complete-flow.spec.ts:72:23

    attachment #1: screenshot (image/png) ──────────────────────────────────────────────────────────
    ../test-results/complete-flow-Complete-App-bb6fb-te-to-StoryPage-after-login-chromium/test-failed-1.png
    ────────────────────────────────────────────────────────────────────────────────────────────────

    Error Context: ../test-results/complete-flow-Complete-App-bb6fb-te-to-StoryPage-after-login-chromium/error-context.md
]]>
</failure>
<system-out>
<![CDATA[
[[ATTACHMENT|complete-flow-Complete-App-bb6fb-te-to-StoryPage-after-login-chromium/test-failed-1.png]]

[[ATTACHMENT|complete-flow-Complete-App-bb6fb-te-to-StoryPage-after-login-chromium/error-context.md]]
]]>
</system-out>
</testcase>
<testcase name="Complete App Flow - EntryPage → LoginPage → StoryPage › E2E-5: StoryPage displays Scene 1 with img1.jpg" classname="complete-flow.spec.ts" time="2.105">
<system-out>
<![CDATA[✅ StoryPage Scene 1: img1.jpg 배경 확인 완료
]]>
</system-out>
</testcase>
<testcase name="Complete App Flow - EntryPage → LoginPage → StoryPage › E2E-6: Text typing animation" classname="complete-flow.spec.ts" time="2.99">
<system-out>
<![CDATA[초기 텍스트 길이: 11
1초 후 텍스트 길이: 14
✅ 텍스트 타이핑 애니메이션 작동 중
]]>
</system-out>
</testcase>
<testcase name="Complete App Flow - EntryPage → LoginPage → StoryPage › E2E-7: Next button progresses dialogue" classname="complete-flow.spec.ts" time="2.008">
<system-out>
<![CDATA[초기 진행도: 1 / 2 (1 / 5)
진행도 변경 후: 1 / 2 (2 / 5)
✅ 다음 버튼으로 대사 진행 완료
]]>
</system-out>
</testcase>
<testcase name="Complete App Flow - EntryPage → LoginPage → StoryPage › E2E-8: Scene transitions from Scene 1 to Scene 2" classname="complete-flow.spec.ts" time="4.006">
<system-out>
<![CDATA[✅ Scene 1 → Scene 2 전환 완료, img2.jpg 확인
]]>
</system-out>
</testcase>
<testcase name="Complete App Flow - EntryPage → LoginPage → StoryPage › E2E-9: Complete story and navigate to IDE" classname="complete-flow.spec.ts" time="4.579">
<system-out>
<![CDATA[✅ 스토리 완료 → IDE 페이지 이동 완료
]]>
</system-out>
</testcase>
<testcase name="Complete App Flow - EntryPage → LoginPage → StoryPage › E2E-10: Skip button navigates directly to IDE" classname="complete-flow.spec.ts" time="1.254">
<system-out>
<![CDATA[✅ 스킵 버튼으로 IDE 직접 이동 완료
]]>
</system-out>
</testcase>
<testcase name="Complete App Flow - EntryPage → LoginPage → StoryPage › E2E-11: Responsive design on mobile viewport" classname="complete-flow.spec.ts" time="1.231">
<system-out>
<![CDATA[✅ 모바일 반응형 디자인 확인 완료
]]>
</system-out>
</testcase>
<testcase name="Complete App Flow - EntryPage → LoginPage → StoryPage › E2E-12: Complete flow from Entry to IDE" classname="complete-flow.spec.ts" time="4.612">
<system-out>
<![CDATA[
========== 완전한 플로우 테스트 시작 ==========
1️⃣ EntryPage 도착
2️⃣ 시작 버튼 클릭
3️⃣ EntryPage에서 직접 StoryPage로 이동
5️⃣ StoryPage 도착 - Tom Nook 표시
6️⃣ Scene 1: img1.jpg 배경 확인
7️⃣ Scene 1 대사 진행 (5개)
8️⃣ Scene 2: img2.jpg 배경 확인
9️⃣ Scene 2 대사 진행 (6개)
🔟 IDE 페이지 도착

========== ✅ 완전한 플로우 테스트 완료! ==========

]]>
</system-out>
</testcase>
</testsuite>
<testsuite name="comprehensive.e2e.spec.ts" timestamp="2025-12-04T15:45:49.799Z" hostname="chromium" tests="36" failures="12" skipped="0" time="4.979" errors="0">
<testcase name="E2E Tests - 사용자 시나리오 › 1. API 헬스 체크 › should access API health endpoint" classname="comprehensive.e2e.spec.ts" time="0.159">
</testcase>
<testcase name="E2E Tests - 사용자 시나리오 › 1. API 헬스 체크 › should have all services available" classname="comprehensive.e2e.spec.ts" time="0.146">
</testcase>
<testcase name="E2E Tests - 사용자 시나리오 › 2. 캐릭터 및 콘텐츠 로딩 › should fetch characters successfully" classname="comprehensive.e2e.spec.ts" time="0.118">
</testcase>
<testcase name="E2E Tests - 사용자 시나리오 › 2. 캐릭터 및 콘텐츠 로딩 › should fetch topics successfully" classname="comprehensive.e2e.spec.ts" time="0.096">
</testcase>
<testcase name="E2E Tests - 사용자 시나리오 › 2. 캐릭터 및 콘텐츠 로딩 › should fetch content for valid character and topic" classname="comprehensive.e2e.spec.ts" time="0.136">
</testcase>
<testcase name="E2E Tests - 사용자 시나리오 › 2. 캐릭터 및 콘텐츠 로딩 › should search content" classname="comprehensive.e2e.spec.ts" time="0.112">
</testcase>
<testcase name="E2E Tests - 사용자 시나리오 › 3. 페이지 로딩 및 렌더링 › should load frontend homepage" classname="comprehensive.e2e.spec.ts" time="0.16">
<failure message="comprehensive.e2e.spec.ts:107:9 should load frontend homepage" type="FAILURE">
<![CDATA[  [chromium] › comprehensive.e2e.spec.ts:107:9 › E2E Tests - 사용자 시나리오 › 3. 페이지 로딩 및 렌더링 › should load frontend homepage 

    Error: page.goto: net::ERR_CONNECTION_REFUSED at http://localhost:3000/
    Call log:
      - navigating to "http://localhost:3000/", waiting until "load"


      106 |   test.describe('3. 페이지 로딩 및 렌더링', () => {
      107 |     test('should load frontend homepage', async ({ page }) => {
    > 108 |       await page.goto(BASE_URL);
          |                  ^
      109 |
      110 |       // 페이지가 로드되었는지 확인
      111 |       expect(page.url()).toContain(BASE_URL);
        at /mnt/d/progress/animal forest coding/e2e/comprehensive.e2e.spec.ts:108:18

    attachment #1: screenshot (image/png) ──────────────────────────────────────────────────────────
    ../test-results/comprehensive.e2e-E2E-Test-1d324-ould-load-frontend-homepage-chromium/test-failed-1.png
    ────────────────────────────────────────────────────────────────────────────────────────────────
]]>
</failure>
<system-out>
<![CDATA[
[[ATTACHMENT|comprehensive.e2e-E2E-Test-1d324-ould-load-frontend-homepage-chromium/test-failed-1.png]]
]]>
</system-out>
</testcase>
<testcase name="E2E Tests - 사용자 시나리오 › 3. 페이지 로딩 및 렌더링 › should handle navigation" classname="comprehensive.e2e.spec.ts" time="0.128">
<failure message="comprehensive.e2e.spec.ts:118:9 should handle navigation" type="FAILURE">
<![CDATA[  [chromium] › comprehensive.e2e.spec.ts:118:9 › E2E Tests - 사용자 시나리오 › 3. 페이지 로딩 및 렌더링 › should handle navigation 

    Error: page.goto: net::ERR_CONNECTION_REFUSED at http://localhost:3000/
    Call log:
      - navigating to "http://localhost:3000/", waiting until "load"


      117 |
      118 |     test('should handle navigation', async ({ page }) => {
    > 119 |       await page.goto(BASE_URL);
          |                  ^
      120 |
      121 |       // 페이지 기본 구조 확인
      122 |       const pageContent = await page.content();
        at /mnt/d/progress/animal forest coding/e2e/comprehensive.e2e.spec.ts:119:18

    attachment #1: screenshot (image/png) ──────────────────────────────────────────────────────────
    ../test-results/comprehensive.e2e-E2E-Test-3c3e1-더링-should-handle-navigation-chromium/test-failed-1.png
    ────────────────────────────────────────────────────────────────────────────────────────────────
]]>
</failure>
<system-out>
<![CDATA[
[[ATTACHMENT|comprehensive.e2e-E2E-Test-3c3e1-더링-should-handle-navigation-chromium/test-failed-1.png]]
]]>
</system-out>
</testcase>
<testcase name="E2E Tests - 사용자 시나리오 › 3. 페이지 로딩 및 렌더링 › should be responsive on mobile viewport" classname="comprehensive.e2e.spec.ts" time="0.138">
<failure message="comprehensive.e2e.spec.ts:127:9 should be responsive on mobile viewport" type="FAILURE">
<![CDATA[  [chromium] › comprehensive.e2e.spec.ts:127:9 › E2E Tests - 사용자 시나리오 › 3. 페이지 로딩 및 렌더링 › should be responsive on mobile viewport 

    Error: page.goto: net::ERR_CONNECTION_REFUSED at http://localhost:3000/
    Call log:
      - navigating to "http://localhost:3000/", waiting until "load"


      129 |       await page.setViewportSize({ width: 390, height: 844 });
      130 |
    > 131 |       await page.goto(BASE_URL);
          |                  ^
      132 |
      133 |       // 모바일에서도 렌더링 가능해야 함
      134 |       const bodyHeight = await page.evaluate(() => document.body.scrollHeight);
        at /mnt/d/progress/animal forest coding/e2e/comprehensive.e2e.spec.ts:131:18

    attachment #1: screenshot (image/png) ──────────────────────────────────────────────────────────
    ../test-results/comprehensive.e2e-E2E-Test-6e731-sponsive-on-mobile-viewport-chromium/test-failed-1.png
    ────────────────────────────────────────────────────────────────────────────────────────────────
]]>
</failure>
<system-out>
<![CDATA[
[[ATTACHMENT|comprehensive.e2e-E2E-Test-6e731-sponsive-on-mobile-viewport-chromium/test-failed-1.png]]
]]>
</system-out>
</testcase>
<testcase name="E2E Tests - 사용자 시나리오 › 3. 페이지 로딩 및 렌더링 › should be responsive on tablet viewport" classname="comprehensive.e2e.spec.ts" time="0.287">
<failure message="comprehensive.e2e.spec.ts:138:9 should be responsive on tablet viewport" type="FAILURE">
<![CDATA[  [chromium] › comprehensive.e2e.spec.ts:138:9 › E2E Tests - 사용자 시나리오 › 3. 페이지 로딩 및 렌더링 › should be responsive on tablet viewport 

    Error: page.goto: net::ERR_CONNECTION_REFUSED at http://localhost:3000/
    Call log:
      - navigating to "http://localhost:3000/", waiting until "load"


      140 |       await page.setViewportSize({ width: 768, height: 1024 });
      141 |
    > 142 |       await page.goto(BASE_URL);
          |                  ^
      143 |
      144 |       const bodyHeight = await page.evaluate(() => document.body.scrollHeight);
      145 |       expect(bodyHeight).toBeGreaterThan(0);
        at /mnt/d/progress/animal forest coding/e2e/comprehensive.e2e.spec.ts:142:18

    attachment #1: screenshot (image/png) ──────────────────────────────────────────────────────────
    ../test-results/comprehensive.e2e-E2E-Test-89f90-sponsive-on-tablet-viewport-chromium/test-failed-1.png
    ────────────────────────────────────────────────────────────────────────────────────────────────
]]>
</failure>
<system-out>
<![CDATA[
[[ATTACHMENT|comprehensive.e2e-E2E-Test-89f90-sponsive-on-tablet-viewport-chromium/test-failed-1.png]]
]]>
</system-out>
</testcase>
<testcase name="E2E Tests - 사용자 시나리오 › 3. 페이지 로딩 및 렌더링 › should be responsive on desktop viewport" classname="comprehensive.e2e.spec.ts" time="0.293">
<failure message="comprehensive.e2e.spec.ts:148:9 should be responsive on desktop viewport" type="FAILURE">
<![CDATA[  [chromium] › comprehensive.e2e.spec.ts:148:9 › E2E Tests - 사용자 시나리오 › 3. 페이지 로딩 및 렌더링 › should be responsive on desktop viewport 

    Error: page.goto: net::ERR_CONNECTION_REFUSED at http://localhost:3000/
    Call log:
      - navigating to "http://localhost:3000/", waiting until "load"


      150 |       await page.setViewportSize({ width: 1920, height: 1080 });
      151 |
    > 152 |       await page.goto(BASE_URL);
          |                  ^
      153 |
      154 |       const bodyHeight = await page.evaluate(() => document.body.scrollHeight);
      155 |       expect(bodyHeight).toBeGreaterThan(0);
        at /mnt/d/progress/animal forest coding/e2e/comprehensive.e2e.spec.ts:152:18

    attachment #1: screenshot (image/png) ──────────────────────────────────────────────────────────
    ../test-results/comprehensive.e2e-E2E-Test-051a0-ponsive-on-desktop-viewport-chromium/test-failed-1.png
    ────────────────────────────────────────────────────────────────────────────────────────────────
]]>
</failure>
<system-out>
<![CDATA[
[[ATTACHMENT|comprehensive.e2e-E2E-Test-051a0-ponsive-on-desktop-viewport-chromium/test-failed-1.png]]
]]>
</system-out>
</testcase>
<testcase name="E2E Tests - 사용자 시나리오 › 4. 성능 메트릭 › should load within acceptable time" classname="comprehensive.e2e.spec.ts" time="0.184">
<failure message="comprehensive.e2e.spec.ts:160:9 should load within acceptable time" type="FAILURE">
<![CDATA[  [chromium] › comprehensive.e2e.spec.ts:160:9 › E2E Tests - 사용자 시나리오 › 4. 성능 메트릭 › should load within acceptable time 

    Error: page.goto: net::ERR_CONNECTION_REFUSED at http://localhost:3000/
    Call log:
      - navigating to "http://localhost:3000/", waiting until "networkidle"


      161 |       const startTime = Date.now();
      162 |
    > 163 |       await page.goto(BASE_URL, { waitUntil: 'networkidle' });
          |                  ^
      164 |
      165 |       const loadTime = Date.now() - startTime;
      166 |       expect(loadTime).toBeLessThan(3000); // 3초 이내
        at /mnt/d/progress/animal forest coding/e2e/comprehensive.e2e.spec.ts:163:18

    attachment #1: screenshot (image/png) ──────────────────────────────────────────────────────────
    ../test-results/comprehensive.e2e-E2E-Test-0fd75-load-within-acceptable-time-chromium/test-failed-1.png
    ────────────────────────────────────────────────────────────────────────────────────────────────
]]>
</failure>
<system-out>
<![CDATA[
[[ATTACHMENT|comprehensive.e2e-E2E-Test-0fd75-load-within-acceptable-time-chromium/test-failed-1.png]]
]]>
</system-out>
</testcase>
<testcase name="E2E Tests - 사용자 시나리오 › 4. 성능 메트릭 › should fetch API data quickly" classname="comprehensive.e2e.spec.ts" time="0.116">
</testcase>
<testcase name="E2E Tests - 사용자 시나리오 › 4. 성능 메트릭 › should handle multiple concurrent requests" classname="comprehensive.e2e.spec.ts" time="0.098">
</testcase>
<testcase name="E2E Tests - 사용자 시나리오 › 5. 접근성 검증 › should be navigable with keyboard" classname="comprehensive.e2e.spec.ts" time="0.112">
<failure message="comprehensive.e2e.spec.ts:202:9 should be navigable with keyboard" type="FAILURE">
<![CDATA[  [chromium] › comprehensive.e2e.spec.ts:202:9 › E2E Tests - 사용자 시나리오 › 5. 접근성 검증 › should be navigable with keyboard 

    Error: page.goto: net::ERR_CONNECTION_REFUSED at http://localhost:3000/
    Call log:
      - navigating to "http://localhost:3000/", waiting until "load"


      201 |   test.describe('5. 접근성 검증', () => {
      202 |     test('should be navigable with keyboard', async ({ page }) => {
    > 203 |       await page.goto(BASE_URL);
          |                  ^
      204 |
      205 |       // Tab 키로 네비게이션 가능해야 함
      206 |       await page.keyboard.press('Tab');
        at /mnt/d/progress/animal forest coding/e2e/comprehensive.e2e.spec.ts:203:18

    attachment #1: screenshot (image/png) ──────────────────────────────────────────────────────────
    ../test-results/comprehensive.e2e-E2E-Test-7354b--be-navigable-with-keyboard-chromium/test-failed-1.png
    ────────────────────────────────────────────────────────────────────────────────────────────────
]]>
</failure>
<system-out>
<![CDATA[
[[ATTACHMENT|comprehensive.e2e-E2E-Test-7354b--be-navigable-with-keyboard-chromium/test-failed-1.png]]
]]>
</system-out>
</testcase>
<testcase name="E2E Tests - 사용자 시나리오 › 5. 접근성 검증 › should have readable text contrast" classname="comprehensive.e2e.spec.ts" time="0.206">
<failure message="comprehensive.e2e.spec.ts:217:9 should have readable text contrast" type="FAILURE">
<![CDATA[  [chromium] › comprehensive.e2e.spec.ts:217:9 › E2E Tests - 사용자 시나리오 › 5. 접근성 검증 › should have readable text contrast 

    Error: page.goto: net::ERR_CONNECTION_REFUSED at http://localhost:3000/
    Call log:
      - navigating to "http://localhost:3000/", waiting until "load"


      216 |
      217 |     test('should have readable text contrast', async ({ page }) => {
    > 218 |       await page.goto(BASE_URL);
          |                  ^
      219 |
      220 |       // 메인 콘텐츠가 읽을 수 있는지 확인
      221 |       const mainContent = await page.locator('body').textContent();
        at /mnt/d/progress/animal forest coding/e2e/comprehensive.e2e.spec.ts:218:18

    attachment #1: screenshot (image/png) ──────────────────────────────────────────────────────────
    ../test-results/comprehensive.e2e-E2E-Test-2afb4-have-readable-text-contrast-chromium/test-failed-1.png
    ────────────────────────────────────────────────────────────────────────────────────────────────
]]>
</failure>
<system-out>
<![CDATA[
[[ATTACHMENT|comprehensive.e2e-E2E-Test-2afb4-have-readable-text-contrast-chromium/test-failed-1.png]]
]]>
</system-out>
</testcase>
<testcase name="E2E Tests - 사용자 시나리오 › 6. 오류 처리 › should handle invalid routes gracefully" classname="comprehensive.e2e.spec.ts" time="0.157">
<failure message="comprehensive.e2e.spec.ts:228:9 should handle invalid routes gracefully" type="FAILURE">
<![CDATA[  [chromium] › comprehensive.e2e.spec.ts:228:9 › E2E Tests - 사용자 시나리오 › 6. 오류 처리 › should handle invalid routes gracefully 

    Error: page.goto: net::ERR_CONNECTION_REFUSED at http://localhost:3000/invalid-route
    Call log:
      - navigating to "http://localhost:3000/invalid-route", waiting until "networkidle"


      227 |   test.describe('6. 오류 처리', () => {
      228 |     test('should handle invalid routes gracefully', async ({ page }) => {
    > 229 |       const response = await page.goto(`${BASE_URL}/invalid-route`, {
          |                                   ^
      230 |         waitUntil: 'networkidle',
      231 |       });
      232 |
        at /mnt/d/progress/animal forest coding/e2e/comprehensive.e2e.spec.ts:229:35

    attachment #1: screenshot (image/png) ──────────────────────────────────────────────────────────
    ../test-results/comprehensive.e2e-E2E-Test-f4594-e-invalid-routes-gracefully-chromium/test-failed-1.png
    ────────────────────────────────────────────────────────────────────────────────────────────────
]]>
</failure>
<system-out>
<![CDATA[
[[ATTACHMENT|comprehensive.e2e-E2E-Test-f4594-e-invalid-routes-gracefully-chromium/test-failed-1.png]]
]]>
</system-out>
</testcase>
<testcase name="E2E Tests - 사용자 시나리오 › 6. 오류 처리 › should handle network errors gracefully" classname="comprehensive.e2e.spec.ts" time="0.203">
</testcase>
<testcase name="E2E Tests - 사용자 시나리오 › 6. 오류 처리 › should display appropriate error messages" classname="comprehensive.e2e.spec.ts" time="0.142">
<failure message="comprehensive.e2e.spec.ts:251:9 should display appropriate error messages" type="FAILURE">
<![CDATA[  [chromium] › comprehensive.e2e.spec.ts:251:9 › E2E Tests - 사용자 시나리오 › 6. 오류 처리 › should display appropriate error messages 

    Error: page.goto: net::ERR_CONNECTION_REFUSED at http://localhost:3000/invalid
    Call log:
      - navigating to "http://localhost:3000/invalid", waiting until "load"


      250 |
      251 |     test('should display appropriate error messages', async ({ page }) => {
    > 252 |       await page.goto(`${BASE_URL}/invalid`);
          |                  ^
      253 |
      254 |       // 페이지는 로드되어야 함
      255 |       const content = await page.content();
        at /mnt/d/progress/animal forest coding/e2e/comprehensive.e2e.spec.ts:252:18

    attachment #1: screenshot (image/png) ──────────────────────────────────────────────────────────
    ../test-results/comprehensive.e2e-E2E-Test-9070a--appropriate-error-messages-chromium/test-failed-1.png
    ────────────────────────────────────────────────────────────────────────────────────────────────
]]>
</failure>
<system-out>
<![CDATA[
[[ATTACHMENT|comprehensive.e2e-E2E-Test-9070a--appropriate-error-messages-chromium/test-failed-1.png]]
]]>
</system-out>
</testcase>
<testcase name="E2E Tests - 사용자 시나리오 › 7. API 엔드포인트 검증 › GET /api/health › should return health status" classname="comprehensive.e2e.spec.ts" time="0.154">
</testcase>
<testcase name="E2E Tests - 사용자 시나리오 › 7. API 엔드포인트 검증 › GET /api/characters › should return non-empty character list" classname="comprehensive.e2e.spec.ts" time="0.153">
</testcase>
<testcase name="E2E Tests - 사용자 시나리오 › 7. API 엔드포인트 검증 › GET /api/characters › should include character properties" classname="comprehensive.e2e.spec.ts" time="0.147">
</testcase>
<testcase name="E2E Tests - 사용자 시나리오 › 7. API 엔드포인트 검증 › GET /api/topics › should return paginated results" classname="comprehensive.e2e.spec.ts" time="0.149">
</testcase>
<testcase name="E2E Tests - 사용자 시나리오 › 7. API 엔드포인트 검증 › GET /api/topics › should support difficulty filtering" classname="comprehensive.e2e.spec.ts" time="0.15">
</testcase>
<testcase name="E2E Tests - 사용자 시나리오 › 7. API 엔드포인트 검증 › GET /api/search › should search content" classname="comprehensive.e2e.spec.ts" time="0.167">
</testcase>
<testcase name="E2E Tests - 사용자 시나리오 › 7. API 엔드포인트 검증 › GET /api/search › should return empty array for non-matching query" classname="comprehensive.e2e.spec.ts" time="0.118">
</testcase>
<testcase name="E2E Tests - 사용자 시나리오 › 7. API 엔드포인트 검증 › POST /api/tts › should require text and character fields" classname="comprehensive.e2e.spec.ts" time="0.149">
<failure message="comprehensive.e2e.spec.ts:335:11 should require text and character fields" type="FAILURE">
<![CDATA[  [chromium] › comprehensive.e2e.spec.ts:335:11 › E2E Tests - 사용자 시나리오 › 7. API 엔드포인트 검증 › POST /api/tts › should require text and character fields 

    Error: expect(received).toBe(expected) // Object.is equality

    Expected: 400
    Received: 429

      340 |         });
      341 |
    > 342 |         expect(response.status).toBe(400);
          |                                 ^
      343 |       });
      344 |
      345 |       test('should accept valid TTS request', async () => {
        at /mnt/d/progress/animal forest coding/e2e/comprehensive.e2e.spec.ts:342:33

    attachment #1: screenshot (image/png) ──────────────────────────────────────────────────────────
    ../test-results/comprehensive.e2e-E2E-Test-c8c24-e-text-and-character-fields-chromium/test-failed-1.png
    ────────────────────────────────────────────────────────────────────────────────────────────────
]]>
</failure>
<system-out>
<![CDATA[
[[ATTACHMENT|comprehensive.e2e-E2E-Test-c8c24-e-text-and-character-fields-chromium/test-failed-1.png]]
]]>
</system-out>
</testcase>
<testcase name="E2E Tests - 사용자 시나리오 › 7. API 엔드포인트 검증 › POST /api/tts › should accept valid TTS request" classname="comprehensive.e2e.spec.ts" time="0.119">
<failure message="comprehensive.e2e.spec.ts:345:11 should accept valid TTS request" type="FAILURE">
<![CDATA[  [chromium] › comprehensive.e2e.spec.ts:345:11 › E2E Tests - 사용자 시나리오 › 7. API 엔드포인트 검증 › POST /api/tts › should accept valid TTS request 

    Error: expect(received).toContain(expected) // indexOf

    Expected value: 429
    Received array: [200, 400, 404, 500]

      354 |
      355 |         // 200 (성공) 또는 400/404 (오류)
    > 356 |         expect([200, 400, 404, 500]).toContain(response.status);
          |                                      ^
      357 |       });
      358 |     });
      359 |   });
        at /mnt/d/progress/animal forest coding/e2e/comprehensive.e2e.spec.ts:356:38

    attachment #1: screenshot (image/png) ──────────────────────────────────────────────────────────
    ../test-results/comprehensive.e2e-E2E-Test-1917c-ld-accept-valid-TTS-request-chromium/test-failed-1.png
    ────────────────────────────────────────────────────────────────────────────────────────────────
]]>
</failure>
<system-out>
<![CDATA[
[[ATTACHMENT|comprehensive.e2e-E2E-Test-1917c-ld-accept-valid-TTS-request-chromium/test-failed-1.png]]
]]>
</system-out>
</testcase>
<testcase name="E2E Tests - 사용자 시나리오 › 8. 데이터 일관성 › should return consistent data across requests" classname="comprehensive.e2e.spec.ts" time="0.134">
</testcase>
<testcase name="E2E Tests - 사용자 시나리오 › 8. 데이터 일관성 › should not have duplicate character IDs" classname="comprehensive.e2e.spec.ts" time="0.161">
</testcase>
<testcase name="E2E Tests - 사용자 시나리오 › 8. 데이터 일관성 › should have valid topic difficulty levels" classname="comprehensive.e2e.spec.ts" time="0.078">
</testcase>
<testcase name="E2E Tests - 사용자 시나리오 › 9. 캐싱 검증 › should cache responses efficiently" classname="comprehensive.e2e.spec.ts" time="0.073">
</testcase>
<testcase name="E2E Tests - 사용자 시나리오 › 10. 보안 기본사항 › should not expose sensitive information" classname="comprehensive.e2e.spec.ts" time="0.067">
</testcase>
<testcase name="E2E Tests - 사용자 시나리오 › 10. 보안 기본사항 › should handle CORS properly" classname="comprehensive.e2e.spec.ts" time="0.072">
</testcase>
<testcase name="E2E Tests - 사용자 시나리오 › 10. 보안 기본사항 › should validate input parameters" classname="comprehensive.e2e.spec.ts" time="0.079">
</testcase>
<testcase name="사용자 시나리오 - 통합 흐름 › User journey: Home → Content → Search → Health" classname="comprehensive.e2e.spec.ts" time="0.018">
</testcase>
</testsuite>
<testsuite name="story-page-quick.spec.ts" timestamp="2025-12-04T15:45:49.799Z" hostname="chromium" tests="7" failures="2" skipped="0" time="65.481" errors="0">
<testcase name="Episode 1: Story Page Quick Verification › ✅ Story page loads with correct title" classname="story-page-quick.spec.ts" time="0.411">
</testcase>
<testcase name="Episode 1: Story Page Quick Verification › ✅ Scene 1 displays with opening image" classname="story-page-quick.spec.ts" time="0.298">
</testcase>
<testcase name="Episode 1: Story Page Quick Verification › ✅ Step 1 IDE: int variable validation works" classname="story-page-quick.spec.ts" time="30.218">
<failure message="story-page-quick.spec.ts:21:7 ✅ Step 1 IDE: int variable validation works" type="FAILURE">
<![CDATA[  [chromium] › story-page-quick.spec.ts:21:7 › Episode 1: Story Page Quick Verification › ✅ Step 1 IDE: int variable validation works 

    Test timeout of 30000ms exceeded.

    Error: locator.click: Test timeout of 30000ms exceeded.
    Call log:
      - waiting for locator('button:has-text("다음")').first()
        - locator resolved to <button onclick="goToScene(2)">다음 →</button>
      - attempting click action
        2 × waiting for element to be visible, enabled and stable
          - element is not visible
        - retrying click action
        - waiting 20ms
        2 × waiting for element to be visible, enabled and stable
          - element is not visible
        - retrying click action
          - waiting 100ms
        53 × waiting for element to be visible, enabled and stable
           - element is not visible
         - retrying click action
           - waiting 500ms
        - waiting for element to be visible, enabled and stable


      28 |
      29 |     const nextBtn2 = page.locator('button:has-text("다음")').first();
    > 30 |     await nextBtn2.click();
         |                    ^
      31 |     await page.waitForTimeout(500);
      32 |
      33 |     const startBtn = page.locator('button:has-text("IDE 시작")');
        at /mnt/d/progress/animal forest coding/e2e/story-page-quick.spec.ts:30:20

    attachment #1: screenshot (image/png) ──────────────────────────────────────────────────────────
    ../test-results/story-page-quick-Episode-1-c9a69-t-variable-validation-works-chromium/test-failed-1.png
    ────────────────────────────────────────────────────────────────────────────────────────────────

    Error Context: ../test-results/story-page-quick-Episode-1-c9a69-t-variable-validation-works-chromium/error-context.md
]]>
</failure>
<system-out>
<![CDATA[
[[ATTACHMENT|story-page-quick-Episode-1-c9a69-t-variable-validation-works-chromium/test-failed-1.png]]

[[ATTACHMENT|story-page-quick-Episode-1-c9a69-t-variable-validation-works-chromium/error-context.md]]
]]>
</system-out>
</testcase>
<testcase name="Episode 1: Story Page Quick Verification › ✅ Step 1 validation fails on incorrect code" classname="story-page-quick.spec.ts" time="30.229">
<failure message="story-page-quick.spec.ts:58:7 ✅ Step 1 validation fails on incorrect code" type="FAILURE">
<![CDATA[  [chromium] › story-page-quick.spec.ts:58:7 › Episode 1: Story Page Quick Verification › ✅ Step 1 validation fails on incorrect code 

    Test timeout of 30000ms exceeded.

    Error: locator.click: Test timeout of 30000ms exceeded.
    Call log:
      - waiting for locator('button:has-text("다음")').first()
        - locator resolved to <button onclick="goToScene(2)">다음 →</button>
      - attempting click action
        2 × waiting for element to be visible, enabled and stable
          - element is not visible
        - retrying click action
        - waiting 20ms
        2 × waiting for element to be visible, enabled and stable
          - element is not visible
        - retrying click action
          - waiting 100ms
        53 × waiting for element to be visible, enabled and stable
           - element is not visible
         - retrying click action
           - waiting 500ms
        - waiting for element to be visible, enabled and stable


      65 |
      66 |     const nextBtn2 = page.locator('button:has-text("다음")').first();
    > 67 |     await nextBtn2.click();
         |                    ^
      68 |     await page.waitForTimeout(500);
      69 |
      70 |     const startBtn = page.locator('button:has-text("IDE 시작")');
        at /mnt/d/progress/animal forest coding/e2e/story-page-quick.spec.ts:67:20

    attachment #1: screenshot (image/png) ──────────────────────────────────────────────────────────
    ../test-results/story-page-quick-Episode-1-db8c6-ion-fails-on-incorrect-code-chromium/test-failed-1.png
    ────────────────────────────────────────────────────────────────────────────────────────────────

    Error Context: ../test-results/story-page-quick-Episode-1-db8c6-ion-fails-on-incorrect-code-chromium/error-context.md
]]>
</failure>
<system-out>
<![CDATA[
[[ATTACHMENT|story-page-quick-Episode-1-db8c6-ion-fails-on-incorrect-code-chromium/test-failed-1.png]]

[[ATTACHMENT|story-page-quick-Episode-1-db8c6-ion-fails-on-incorrect-code-chromium/error-context.md]]
]]>
</system-out>
</testcase>
<testcase name="Episode 1: Story Page Quick Verification › ✅ Progress bar visible and updates" classname="story-page-quick.spec.ts" time="1.796">
</testcase>
<testcase name="Episode 1: Story Page Quick Verification › ✅ Mobile responsive design" classname="story-page-quick.spec.ts" time="0.273">
</testcase>
<testcase name="Episode 1: Story Page Quick Verification › ✅ All images load without errors" classname="story-page-quick.spec.ts" time="2.256">
</testcase>
</testsuite>
<testsuite name="story-page-sample.spec.ts" timestamp="2025-12-04T15:45:49.799Z" hostname="chromium" tests="7" failures="7" skipped="0" time="1.157" errors="0">
<testcase name="Story Page - Stage 2 System Level Tests › should load story page successfully" classname="story-page-sample.spec.ts" time="0.112">
<failure message="story-page-sample.spec.ts:29:7 should load story page successfully" type="FAILURE">
<![CDATA[  [chromium] › story-page-sample.spec.ts:29:7 › Story Page - Stage 2 System Level Tests › should load story page successfully 

    Error: page.goto: net::ERR_CONNECTION_REFUSED at http://localhost:3000/story.html
    Call log:
      - navigating to "http://localhost:3000/story.html", waiting until "networkidle"


      20 |   test.beforeEach(async ({ page }) => {
      21 |     // Navigate to story page
    > 22 |     await page.goto(storyPageURL, { waitUntil: 'networkidle' });
         |                ^
      23 |   });
      24 |
      25 |   // ============================================
        at /mnt/d/progress/animal forest coding/e2e/story-page-sample.spec.ts:22:16

    attachment #1: screenshot (image/png) ──────────────────────────────────────────────────────────
    ../test-results/story-page-sample-Story-Pa-112ab-oad-story-page-successfully-chromium/test-failed-1.png
    ────────────────────────────────────────────────────────────────────────────────────────────────
]]>
</failure>
<system-out>
<![CDATA[
[[ATTACHMENT|story-page-sample-Story-Pa-112ab-oad-story-page-successfully-chromium/test-failed-1.png]]
]]>
</system-out>
</testcase>
<testcase name="Story Page - Stage 2 System Level Tests › should display background image correctly" classname="story-page-sample.spec.ts" time="0.158">
<failure message="story-page-sample.spec.ts:49:7 should display background image correctly" type="FAILURE">
<![CDATA[  [chromium] › story-page-sample.spec.ts:49:7 › Story Page - Stage 2 System Level Tests › should display background image correctly 

    Error: page.goto: net::ERR_CONNECTION_REFUSED at http://localhost:3000/story.html
    Call log:
      - navigating to "http://localhost:3000/story.html", waiting until "networkidle"


      20 |   test.beforeEach(async ({ page }) => {
      21 |     // Navigate to story page
    > 22 |     await page.goto(storyPageURL, { waitUntil: 'networkidle' });
         |                ^
      23 |   });
      24 |
      25 |   // ============================================
        at /mnt/d/progress/animal forest coding/e2e/story-page-sample.spec.ts:22:16

    attachment #1: screenshot (image/png) ──────────────────────────────────────────────────────────
    ../test-results/story-page-sample-Story-Pa-31aec--background-image-correctly-chromium/test-failed-1.png
    ────────────────────────────────────────────────────────────────────────────────────────────────
]]>
</failure>
<system-out>
<![CDATA[
[[ATTACHMENT|story-page-sample-Story-Pa-31aec--background-image-correctly-chromium/test-failed-1.png]]
]]>
</system-out>
</testcase>
<testcase name="Story Page - Stage 2 System Level Tests › should have IDE editor element available" classname="story-page-sample.spec.ts" time="0.199">
<failure message="story-page-sample.spec.ts:76:7 should have IDE editor element available" type="FAILURE">
<![CDATA[  [chromium] › story-page-sample.spec.ts:76:7 › Story Page - Stage 2 System Level Tests › should have IDE editor element available 

    Error: page.goto: net::ERR_CONNECTION_REFUSED at http://localhost:3000/story.html
    Call log:
      - navigating to "http://localhost:3000/story.html", waiting until "networkidle"


      20 |   test.beforeEach(async ({ page }) => {
      21 |     // Navigate to story page
    > 22 |     await page.goto(storyPageURL, { waitUntil: 'networkidle' });
         |                ^
      23 |   });
      24 |
      25 |   // ============================================
        at /mnt/d/progress/animal forest coding/e2e/story-page-sample.spec.ts:22:16

    attachment #1: screenshot (image/png) ──────────────────────────────────────────────────────────
    ../test-results/story-page-sample-Story-Pa-240c3-DE-editor-element-available-chromium/test-failed-1.png
    ────────────────────────────────────────────────────────────────────────────────────────────────
]]>
</failure>
<system-out>
<![CDATA[
[[ATTACHMENT|story-page-sample-Story-Pa-240c3-DE-editor-element-available-chromium/test-failed-1.png]]
]]>
</system-out>
</testcase>
<testcase name="Story Page - Stage 2 System Level Tests › should have navigation elements" classname="story-page-sample.spec.ts" time="0.199">
<failure message="story-page-sample.spec.ts:96:7 should have navigation elements" type="FAILURE">
<![CDATA[  [chromium] › story-page-sample.spec.ts:96:7 › Story Page - Stage 2 System Level Tests › should have navigation elements 

    Error: page.goto: net::ERR_CONNECTION_REFUSED at http://localhost:3000/story.html
    Call log:
      - navigating to "http://localhost:3000/story.html", waiting until "networkidle"


      20 |   test.beforeEach(async ({ page }) => {
      21 |     // Navigate to story page
    > 22 |     await page.goto(storyPageURL, { waitUntil: 'networkidle' });
         |                ^
      23 |   });
      24 |
      25 |   // ============================================
        at /mnt/d/progress/animal forest coding/e2e/story-page-sample.spec.ts:22:16

    attachment #1: screenshot (image/png) ──────────────────────────────────────────────────────────
    ../test-results/story-page-sample-Story-Pa-5d4dc-ld-have-navigation-elements-chromium/test-failed-1.png
    ────────────────────────────────────────────────────────────────────────────────────────────────
]]>
</failure>
<system-out>
<![CDATA[
[[ATTACHMENT|story-page-sample-Story-Pa-5d4dc-ld-have-navigation-elements-chromium/test-failed-1.png]]
]]>
</system-out>
</testcase>
<testcase name="Story Page - Stage 2 System Level Tests › should be responsive to window resize" classname="story-page-sample.spec.ts" time="0.16">
<failure message="story-page-sample.spec.ts:117:7 should be responsive to window resize" type="FAILURE">
<![CDATA[  [chromium] › story-page-sample.spec.ts:117:7 › Story Page - Stage 2 System Level Tests › should be responsive to window resize 

    Error: page.goto: net::ERR_CONNECTION_REFUSED at http://localhost:3000/story.html
    Call log:
      - navigating to "http://localhost:3000/story.html", waiting until "networkidle"


      20 |   test.beforeEach(async ({ page }) => {
      21 |     // Navigate to story page
    > 22 |     await page.goto(storyPageURL, { waitUntil: 'networkidle' });
         |                ^
      23 |   });
      24 |
      25 |   // ============================================
        at /mnt/d/progress/animal forest coding/e2e/story-page-sample.spec.ts:22:16

    attachment #1: screenshot (image/png) ──────────────────────────────────────────────────────────
    ../test-results/story-page-sample-Story-Pa-238a2-responsive-to-window-resize-chromium/test-failed-1.png
    ────────────────────────────────────────────────────────────────────────────────────────────────
]]>
</failure>
<system-out>
<![CDATA[
[[ATTACHMENT|story-page-sample-Story-Pa-238a2-responsive-to-window-resize-chromium/test-failed-1.png]]
]]>
</system-out>
</testcase>
<testcase name="Story Page - Stage 2 System Level Tests › should maintain page integrity after interactions" classname="story-page-sample.spec.ts" time="0.114">
<failure message="story-page-sample.spec.ts:142:7 should maintain page integrity after interactions" type="FAILURE">
<![CDATA[  [chromium] › story-page-sample.spec.ts:142:7 › Story Page - Stage 2 System Level Tests › should maintain page integrity after interactions 

    Error: page.goto: net::ERR_CONNECTION_REFUSED at http://localhost:3000/story.html
    Call log:
      - navigating to "http://localhost:3000/story.html", waiting until "networkidle"


      20 |   test.beforeEach(async ({ page }) => {
      21 |     // Navigate to story page
    > 22 |     await page.goto(storyPageURL, { waitUntil: 'networkidle' });
         |                ^
      23 |   });
      24 |
      25 |   // ============================================
        at /mnt/d/progress/animal forest coding/e2e/story-page-sample.spec.ts:22:16

    attachment #1: screenshot (image/png) ──────────────────────────────────────────────────────────
    ../test-results/story-page-sample-Story-Pa-75cdf-ntegrity-after-interactions-chromium/test-failed-1.png
    ────────────────────────────────────────────────────────────────────────────────────────────────
]]>
</failure>
<system-out>
<![CDATA[
[[ATTACHMENT|story-page-sample-Story-Pa-75cdf-ntegrity-after-interactions-chromium/test-failed-1.png]]
]]>
</system-out>
</testcase>
<testcase name="Story Page - Stage 2 System Level Tests › should not have critical console errors on load" classname="story-page-sample.spec.ts" time="0.215">
<failure message="story-page-sample.spec.ts:174:7 should not have critical console errors on load" type="FAILURE">
<![CDATA[  [chromium] › story-page-sample.spec.ts:174:7 › Story Page - Stage 2 System Level Tests › should not have critical console errors on load 

    Error: page.goto: net::ERR_CONNECTION_REFUSED at http://localhost:3000/story.html
    Call log:
      - navigating to "http://localhost:3000/story.html", waiting until "networkidle"


      20 |   test.beforeEach(async ({ page }) => {
      21 |     // Navigate to story page
    > 22 |     await page.goto(storyPageURL, { waitUntil: 'networkidle' });
         |                ^
      23 |   });
      24 |
      25 |   // ============================================
        at /mnt/d/progress/animal forest coding/e2e/story-page-sample.spec.ts:22:16

    attachment #1: screenshot (image/png) ──────────────────────────────────────────────────────────
    ../test-results/story-page-sample-Story-Pa-f5c10-ical-console-errors-on-load-chromium/test-failed-1.png
    ────────────────────────────────────────────────────────────────────────────────────────────────
]]>
</failure>
<system-out>
<![CDATA[
[[ATTACHMENT|story-page-sample-Story-Pa-f5c10-ical-console-errors-on-load-chromium/test-failed-1.png]]
]]>
</system-out>
</testcase>
</testsuite>
<testsuite name="story-page-validated.spec.ts" timestamp="2025-12-04T15:45:49.799Z" hostname="chromium" tests="16" failures="3" skipped="0" time="61.66" errors="0">
<testcase name="Episode 1: Story Page - Complete Validation › ✅ Page loads successfully with all scenes" classname="story-page-validated.spec.ts" time="0.276">
</testcase>
<testcase name="Episode 1: Story Page - Complete Validation › ✅ Scene 1: Opening displays correctly" classname="story-page-validated.spec.ts" time="0.392">
</testcase>
<testcase name="Episode 1: Story Page - Complete Validation › ✅ Scene navigation: Scene 1 → Scene 2" classname="story-page-validated.spec.ts" time="1.258">
</testcase>
<testcase name="Episode 1: Story Page - Complete Validation › ✅ Scene 2: Story content displays with debt amount" classname="story-page-validated.spec.ts" time="1.244">
<failure message="story-page-validated.spec.ts:46:7 ✅ Scene 2: Story content displays with debt amount" type="FAILURE">
<![CDATA[  [chromium] › story-page-validated.spec.ts:46:7 › Episode 1: Story Page - Complete Validation › ✅ Scene 2: Story content displays with debt amount 

    Error: expect(received).toContain(expected) // indexOf

    Expected substring: "49800"
    Received string:    "
                💰 빚과의 만남···························
                    너굴: \"자, 이제 정산을 해야지? 텐트 설치비, 인건비, 스마트폰 지급비, 그리고 섬 정착 수수료를 합치면...\"·········································
                    너굴: \"합계 49,800벨이다구리! 💰 ...뭐? 지금 빈털터리라고? 곤란하네, 곤란해.\"·········································
                    너굴: \"좋아! 내가 특별히 '너굴 뱅크' 대출 계좌를 만들어 주지. 대신, 우리 은행 시스템이 아직 개발 중이라서... 네가 직접 네 계좌 정보를 코딩해서 시스템에 등록해야 해.\"·········································
                    ← 이전
                    다음 →·············
            "

      54 |
      55 |     // Check for debt amount
    > 56 |     expect(text).toContain('49,800') || expect(text).toContain('49800');
         |                                                      ^
      57 |
      58 |     // Check for multiple images
      59 |     const images = scene2.locator('img');
        at /mnt/d/progress/animal forest coding/e2e/story-page-validated.spec.ts:56:54

    attachment #1: screenshot (image/png) ──────────────────────────────────────────────────────────
    ../test-results/story-page-validated-Episo-c84d8-t-displays-with-debt-amount-chromium/test-failed-1.png
    ────────────────────────────────────────────────────────────────────────────────────────────────

    Error Context: ../test-results/story-page-validated-Episo-c84d8-t-displays-with-debt-amount-chromium/error-context.md
]]>
</failure>
<system-out>
<![CDATA[
[[ATTACHMENT|story-page-validated-Episo-c84d8-t-displays-with-debt-amount-chromium/test-failed-1.png]]

[[ATTACHMENT|story-page-validated-Episo-c84d8-t-displays-with-debt-amount-chromium/error-context.md]]
]]>
</system-out>
</testcase>
<testcase name="Episode 1: Story Page - Complete Validation › ✅ Scene 3: Mission preparation" classname="story-page-validated.spec.ts" time="2.282">
</testcase>
<testcase name="Episode 1: Story Page - Complete Validation › ✅ IDE Section: Appears after mission start" classname="story-page-validated.spec.ts" time="3.102">
</testcase>
<testcase name="Episode 1: Story Page - Complete Validation › ✅ Step 1: Code validation - SUCCESS (int loan = 49800)" classname="story-page-validated.spec.ts" time="3.176">
</testcase>
<testcase name="Episode 1: Story Page - Complete Validation › ✅ Step 1: Code validation - FAILURE (missing int)" classname="story-page-validated.spec.ts" time="3.139">
</testcase>
<testcase name="Episode 1: Story Page - Complete Validation › ✅ Step 2: Accessible after Step 1 success" classname="story-page-validated.spec.ts" time="3.09">
</testcase>
<testcase name="Episode 1: Story Page - Complete Validation › ✅ Step 2: Code validation - SUCCESS (double interestRate = 0.05)" classname="story-page-validated.spec.ts" time="30.082">
<failure message="story-page-validated.spec.ts:180:7 ✅ Step 2: Code validation - SUCCESS (double interestRate = 0.05)" type="FAILURE">
<![CDATA[  [chromium] › story-page-validated.spec.ts:180:7 › Episode 1: Story Page - Complete Validation › ✅ Step 2: Code validation - SUCCESS (double interestRate = 0.05) 

    Test timeout of 30000ms exceeded.

    Error: locator.click: Test timeout of 30000ms exceeded.
    Call log:
      - waiting for locator('#mission-2 button:has-text("▶ 코드 実行")').first()


      196 |     await editor2.clear();
      197 |     await editor2.type('int loan = 49800;\ndouble interestRate = 0.05;');
    > 198 |     await page.locator('#mission-2 button:has-text("▶ 코드 実行")').first().click();
          |                                                                         ^
      199 |
      200 |     // Check output for success
      201 |     const output = page.locator('#output-content-step2');
        at /mnt/d/progress/animal forest coding/e2e/story-page-validated.spec.ts:198:73

    attachment #1: screenshot (image/png) ──────────────────────────────────────────────────────────
    ../test-results/story-page-validated-Episo-3a269-S-double-interestRate-0-05--chromium/test-failed-1.png
    ────────────────────────────────────────────────────────────────────────────────────────────────

    Error Context: ../test-results/story-page-validated-Episo-3a269-S-double-interestRate-0-05--chromium/error-context.md
]]>
</failure>
<system-out>
<![CDATA[
[[ATTACHMENT|story-page-validated-Episo-3a269-S-double-interestRate-0-05--chromium/test-failed-1.png]]

[[ATTACHMENT|story-page-validated-Episo-3a269-S-double-interestRate-0-05--chromium/error-context.md]]
]]>
</system-out>
</testcase>
<testcase name="Episode 1: Story Page - Complete Validation › ✅ Step 3: Type casting validation - FAILURE without cast" classname="story-page-validated.spec.ts" time="3.318">
</testcase>
<testcase name="Episode 1: Story Page - Complete Validation › ✅ Step 3: Type casting validation - SUCCESS with cast" classname="story-page-validated.spec.ts" time="3.325">
</testcase>
<testcase name="Episode 1: Story Page - Complete Validation › ✅ Scene 4: Completion screen accessible" classname="story-page-validated.spec.ts" time="3.464">
</testcase>
<testcase name="Episode 1: Story Page - Complete Validation › ✅ Progress bar updates through scenes" classname="story-page-validated.spec.ts" time="0.321">
<failure message="story-page-validated.spec.ts:318:7 ✅ Progress bar updates through scenes" type="FAILURE">
<![CDATA[  [chromium] › story-page-validated.spec.ts:318:7 › Episode 1: Story Page - Complete Validation › ✅ Progress bar updates through scenes 

    Error: expect(received).toBeGreaterThan(expected)

    Expected: > 0
    Received:   0

      325 |     let items = page.locator('.progress-item');
      326 |     let activeCount = await items.locator('.active, .completed').count();
    > 327 |     expect(activeCount).toBeGreaterThan(0);
          |                         ^
      328 |
      329 |     // After navigation
      330 |     await page.locator('[data-scene="1"] button:has-text("다음")').click();
        at /mnt/d/progress/animal forest coding/e2e/story-page-validated.spec.ts:327:25

    attachment #1: screenshot (image/png) ──────────────────────────────────────────────────────────
    ../test-results/story-page-validated-Episo-6babf--bar-updates-through-scenes-chromium/test-failed-1.png
    ────────────────────────────────────────────────────────────────────────────────────────────────

    Error Context: ../test-results/story-page-validated-Episo-6babf--bar-updates-through-scenes-chromium/error-context.md
]]>
</failure>
<system-out>
<![CDATA[
[[ATTACHMENT|story-page-validated-Episo-6babf--bar-updates-through-scenes-chromium/test-failed-1.png]]

[[ATTACHMENT|story-page-validated-Episo-6babf--bar-updates-through-scenes-chromium/error-context.md]]
]]>
</system-out>
</testcase>
<testcase name="Episode 1: Story Page - Complete Validation › ✅ Mobile responsiveness (375px viewport)" classname="story-page-validated.spec.ts" time="0.256">
</testcase>
<testcase name="Episode 1: Story Page - Complete Validation › ✅ Reset button functionality" classname="story-page-validated.spec.ts" time="2.935">
</testcase>
</testsuite>
<testsuite name="story-page.spec.ts" timestamp="2025-12-04T15:45:49.799Z" hostname="chromium" tests="15" failures="13" skipped="0" time="226.917" errors="0">
<testcase name="Episode 1: 너굴 코딩 - 공짜는 없다구리! (Story Page) › ✅ Page loads successfully" classname="story-page.spec.ts" time="0.265">
</testcase>
<testcase name="Episode 1: 너굴 코딩 - 공짜는 없다구리! (Story Page) › ✅ Scene 1: Opening cutscene displays correctly" classname="story-page.spec.ts" time="30.241">
<failure message="story-page.spec.ts:25:7 ✅ Scene 1: Opening cutscene displays correctly" type="FAILURE">
<![CDATA[  [chromium] › story-page.spec.ts:25:7 › Episode 1: 너굴 코딩 - 공짜는 없다구리! (Story Page) › ✅ Scene 1: Opening cutscene displays correctly 

    Test timeout of 30000ms exceeded.

    Error: locator.textContent: Test timeout of 30000ms exceeded.
    Call log:
      - waiting for locator('[data-scene="1"]').locator('.dialogue')


      36 |     // Check for Nook dialogue
      37 |     const dialogue = scene1.locator('.dialogue');
    > 38 |     const dialogueText = await dialogue.textContent();
         |                                         ^
      39 |     expect(dialogueText).toContain('너굴');
      40 |
      41 |     // "다음" button should be visible
        at /mnt/d/progress/animal forest coding/e2e/story-page.spec.ts:38:41

    attachment #1: screenshot (image/png) ──────────────────────────────────────────────────────────
    ../test-results/story-page-Episode-1-너굴-코딩-75960-cutscene-displays-correctly-chromium/test-failed-1.png
    ────────────────────────────────────────────────────────────────────────────────────────────────

    Error Context: ../test-results/story-page-Episode-1-너굴-코딩-75960-cutscene-displays-correctly-chromium/error-context.md
]]>
</failure>
<system-out>
<![CDATA[
[[ATTACHMENT|story-page-Episode-1-너굴-코딩-75960-cutscene-displays-correctly-chromium/test-failed-1.png]]

[[ATTACHMENT|story-page-Episode-1-너굴-코딩-75960-cutscene-displays-correctly-chromium/error-context.md]]
]]>
</system-out>
</testcase>
<testcase name="Episode 1: 너굴 코딩 - 공짜는 없다구리! (Story Page) › ✅ Scene 1 → Scene 2: Navigation works" classname="story-page.spec.ts" time="2.549">
<failure message="story-page.spec.ts:46:7 ✅ Scene 1 → Scene 2: Navigation works" type="FAILURE">
<![CDATA[  [chromium] › story-page.spec.ts:46:7 › Episode 1: 너굴 코딩 - 공짜는 없다구리! (Story Page) › ✅ Scene 1 → Scene 2: Navigation works 

    Error: locator.textContent: Error: strict mode violation: locator('[data-scene="2"]').locator('.dialogue') resolved to 3 elements:
        1) <div class="dialogue">…</div> aka getByText('너굴: "자, 이제 정산을 해야지? 텐트 설치비, 인건비, 스마트폰 지급비, 그리고 섬 정착 수수료를 합치면..."')
        2) <div class="dialogue">…</div> aka getByText('너굴: "합계 49,800')
        3) <div class="dialogue">…</div> aka getByText('너굴: "좋아! 내가 특별히 \'너굴 뱅크\' 대출 계좌를 만들어 주지. 대신, 우리 은행 시스템이 아직 개발 중이라서... 네가 직접 네 계좌 정')

    Call log:
      - waiting for locator('[data-scene="2"]').locator('.dialogue')


      65 |     // Check for Nook dialogue about debt
      66 |     const dialogue = scene2.locator('.dialogue');
    > 67 |     const dialogueText = await dialogue.textContent();
         |                                         ^
      68 |     expect(dialogueText?.toUpperCase()).toContain('벨');
      69 |   });
      70 |
        at /mnt/d/progress/animal forest coding/e2e/story-page.spec.ts:67:41

    attachment #1: screenshot (image/png) ──────────────────────────────────────────────────────────
    ../test-results/story-page-Episode-1-너굴-코딩-a9a89--→-Scene-2-Navigation-works-chromium/test-failed-1.png
    ────────────────────────────────────────────────────────────────────────────────────────────────

    Error Context: ../test-results/story-page-Episode-1-너굴-코딩-a9a89--→-Scene-2-Navigation-works-chromium/error-context.md
]]>
</failure>
<system-out>
<![CDATA[
[[ATTACHMENT|story-page-Episode-1-너굴-코딩-a9a89--→-Scene-2-Navigation-works-chromium/test-failed-1.png]]

[[ATTACHMENT|story-page-Episode-1-너굴-코딩-a9a89--→-Scene-2-Navigation-works-chromium/error-context.md]]
]]>
</system-out>
</testcase>
<testcase name="Episode 1: 너굴 코딩 - 공짜는 없다구리! (Story Page) › ✅ Scene 2: Story progression with multiple images" classname="story-page.spec.ts" time="1.309">
<failure message="story-page.spec.ts:71:7 ✅ Scene 2: Story progression with multiple images" type="FAILURE">
<![CDATA[  [chromium] › story-page.spec.ts:71:7 › Episode 1: 너굴 코딩 - 공짜는 없다구리! (Story Page) › ✅ Scene 2: Story progression with multiple images 

    Error: expect(received).toContain(expected) // indexOf

    Expected substring: "49800"
    Received string:    "
                💰 빚과의 만남···························
                    너굴: \"자, 이제 정산을 해야지? 텐트 설치비, 인건비, 스마트폰 지급비, 그리고 섬 정착 수수료를 합치면...\"·········································
                    너굴: \"합계 49,800벨이다구리! 💰 ...뭐? 지금 빈털터리라고? 곤란하네, 곤란해.\"·········································
                    너굴: \"좋아! 내가 특별히 '너굴 뱅크' 대출 계좌를 만들어 주지. 대신, 우리 은행 시스템이 아직 개발 중이라서... 네가 직접 네 계좌 정보를 코딩해서 시스템에 등록해야 해.\"·········································
                    ← 이전
                    다음 →·············
            "

      87 |     // Verify 49,800 벨 debt is mentioned
      88 |     const scene2Text = await scene2.textContent();
    > 89 |     expect(scene2Text).toContain('49,800') || expect(scene2Text).toContain('49800');
         |                                                                  ^
      90 |   });
      91 |
      92 |   test('✅ Scene 3: Mission preparation displays', async ({ page }) => {
        at /mnt/d/progress/animal forest coding/e2e/story-page.spec.ts:89:66

    attachment #1: screenshot (image/png) ──────────────────────────────────────────────────────────
    ../test-results/story-page-Episode-1-너굴-코딩-58a84-ession-with-multiple-images-chromium/test-failed-1.png
    ────────────────────────────────────────────────────────────────────────────────────────────────

    Error Context: ../test-results/story-page-Episode-1-너굴-코딩-58a84-ession-with-multiple-images-chromium/error-context.md
]]>
</failure>
<system-out>
<![CDATA[
[[ATTACHMENT|story-page-Episode-1-너굴-코딩-58a84-ession-with-multiple-images-chromium/test-failed-1.png]]

[[ATTACHMENT|story-page-Episode-1-너굴-코딩-58a84-ession-with-multiple-images-chromium/error-context.md]]
]]>
</system-out>
</testcase>
<testcase name="Episode 1: 너굴 코딩 - 공짜는 없다구리! (Story Page) › ✅ Scene 3: Mission preparation displays" classname="story-page.spec.ts" time="3.217">
</testcase>
<testcase name="Episode 1: 너굴 코딩 - 공짜는 없다구리! (Story Page) › ✅ IDE Section: Becomes active after mission start" classname="story-page.spec.ts" time="3.044">
<failure message="story-page.spec.ts:117:7 ✅ IDE Section: Becomes active after mission start" type="FAILURE">
<![CDATA[  [chromium] › story-page.spec.ts:117:7 › Episode 1: 너굴 코딩 - 공짜는 없다구리! (Story Page) › ✅ IDE Section: Becomes active after mission start 

    Error: expect(locator).toBeVisible() failed

    Locator: locator('text=Step 1')
    Expected: visible
    Error: strict mode violation: locator('text=Step 1') resolved to 2 elements:
        1) <div class="step-counter">Step 1/3: 빚(Loan) 변수 선언</div> aka getByText('Step 1/3: 빚(Loan) 변수 선언')
        2) <label>Step 1의 코드에 이자율을 추가하세요:</label> aka getByText('Step 1의 코드에 이자율을 추가하세요:')

    Call log:
      - Expect "toBeVisible" with timeout 5000ms
      - waiting for locator('text=Step 1')


      138 |     // Step 1 mission should be visible
      139 |     const step1Title = page.locator('text=Step 1');
    > 140 |     await expect(step1Title).toBeVisible();
          |                              ^
      141 |   });
      142 |
      143 |   test('✅ IDE Step 1: Code validation - Success case', async ({ page }) => {
        at /mnt/d/progress/animal forest coding/e2e/story-page.spec.ts:140:30

    attachment #1: screenshot (image/png) ──────────────────────────────────────────────────────────
    ../test-results/story-page-Episode-1-너굴-코딩-646c5--active-after-mission-start-chromium/test-failed-1.png
    ────────────────────────────────────────────────────────────────────────────────────────────────

    Error Context: ../test-results/story-page-Episode-1-너굴-코딩-646c5--active-after-mission-start-chromium/error-context.md
]]>
</failure>
<system-out>
<![CDATA[
[[ATTACHMENT|story-page-Episode-1-너굴-코딩-646c5--active-after-mission-start-chromium/test-failed-1.png]]

[[ATTACHMENT|story-page-Episode-1-너굴-코딩-646c5--active-after-mission-start-chromium/error-context.md]]
]]>
</system-out>
</testcase>
<testcase name="Episode 1: 너굴 코딩 - 공짜는 없다구리! (Story Page) › ✅ IDE Step 1: Code validation - Success case" classname="story-page.spec.ts" time="30.096">
<failure message="story-page.spec.ts:143:7 ✅ IDE Step 1: Code validation - Success case" type="FAILURE">
<![CDATA[  [chromium] › story-page.spec.ts:143:7 › Episode 1: 너굴 코딩 - 공짜는 없다구리! (Story Page) › ✅ IDE Step 1: Code validation - Success case 

    Test timeout of 30000ms exceeded.

    Error: locator.fill: Test timeout of 30000ms exceeded.
    Call log:
      - waiting for locator('#editor1')


      159 |     // Find and fill the Step 1 editor
      160 |     const editor1 = page.locator('#editor1');
    > 161 |     await editor1.fill('int loan = 49800;');
          |                   ^
      162 |
      163 |     // Click run button for Step 1
      164 |     const runBtn1 = page.locator('button:has-text("▶ 코드 실행"):near(#editor1)').first();
        at /mnt/d/progress/animal forest coding/e2e/story-page.spec.ts:161:19

    attachment #1: screenshot (image/png) ──────────────────────────────────────────────────────────
    ../test-results/story-page-Episode-1-너굴-코딩-e7a84-e-validation---Success-case-chromium/test-failed-1.png
    ────────────────────────────────────────────────────────────────────────────────────────────────

    Error Context: ../test-results/story-page-Episode-1-너굴-코딩-e7a84-e-validation---Success-case-chromium/error-context.md
]]>
</failure>
<system-out>
<![CDATA[
[[ATTACHMENT|story-page-Episode-1-너굴-코딩-e7a84-e-validation---Success-case-chromium/test-failed-1.png]]

[[ATTACHMENT|story-page-Episode-1-너굴-코딩-e7a84-e-validation---Success-case-chromium/error-context.md]]
]]>
</system-out>
</testcase>
<testcase name="Episode 1: 너굴 코딩 - 공짜는 없다구리! (Story Page) › ✅ IDE Step 1: Code validation - Failure case (missing declaration)" classname="story-page.spec.ts" time="30.09">
<failure message="story-page.spec.ts:177:7 ✅ IDE Step 1: Code validation - Failure case (missing declaration)" type="FAILURE">
<![CDATA[  [chromium] › story-page.spec.ts:177:7 › Episode 1: 너굴 코딩 - 공짜는 없다구리! (Story Page) › ✅ IDE Step 1: Code validation - Failure case (missing declaration) 

    Test timeout of 30000ms exceeded.

    Error: locator.fill: Test timeout of 30000ms exceeded.
    Call log:
      - waiting for locator('#editor1')


      193 |     // Enter invalid code (missing "int" keyword)
      194 |     const editor1 = page.locator('#editor1');
    > 195 |     await editor1.fill('loan = 49800;');
          |                   ^
      196 |
      197 |     // Click run button
      198 |     const runBtn1 = page.locator('button:has-text("▶ 코드 실행"):near(#editor1)').first();
        at /mnt/d/progress/animal forest coding/e2e/story-page.spec.ts:195:19

    attachment #1: screenshot (image/png) ──────────────────────────────────────────────────────────
    ../test-results/story-page-Episode-1-너굴-코딩-5d80d-e-case-missing-declaration--chromium/test-failed-1.png
    ────────────────────────────────────────────────────────────────────────────────────────────────

    Error Context: ../test-results/story-page-Episode-1-너굴-코딩-5d80d-e-case-missing-declaration--chromium/error-context.md
]]>
</failure>
<system-out>
<![CDATA[
[[ATTACHMENT|story-page-Episode-1-너굴-코딩-5d80d-e-case-missing-declaration--chromium/test-failed-1.png]]

[[ATTACHMENT|story-page-Episode-1-너굴-코딩-5d80d-e-case-missing-declaration--chromium/error-context.md]]
]]>
</system-out>
</testcase>
<testcase name="Episode 1: 너굴 코딩 - 공짜는 없다구리! (Story Page) › ✅ IDE Step 2: Code validation - Success case" classname="story-page.spec.ts" time="30.138">
<failure message="story-page.spec.ts:211:7 ✅ IDE Step 2: Code validation - Success case" type="FAILURE">
<![CDATA[  [chromium] › story-page.spec.ts:211:7 › Episode 1: 너굴 코딩 - 공짜는 없다구리! (Story Page) › ✅ IDE Step 2: Code validation - Success case 

    Test timeout of 30000ms exceeded.

    Error: locator.fill: Test timeout of 30000ms exceeded.
    Call log:
      - waiting for locator('#editor1')


      227 |     // Complete Step 1
      228 |     const editor1 = page.locator('#editor1');
    > 229 |     await editor1.fill('int loan = 49800;');
          |                   ^
      230 |     const runBtn1 = page.locator('button:has-text("▶ 코드 실행"):near(#editor1)').first();
      231 |     await runBtn1.click();
      232 |
        at /mnt/d/progress/animal forest coding/e2e/story-page.spec.ts:229:19

    attachment #1: screenshot (image/png) ──────────────────────────────────────────────────────────
    ../test-results/story-page-Episode-1-너굴-코딩-04049-e-validation---Success-case-chromium/test-failed-1.png
    ────────────────────────────────────────────────────────────────────────────────────────────────

    Error Context: ../test-results/story-page-Episode-1-너굴-코딩-04049-e-validation---Success-case-chromium/error-context.md
]]>
</failure>
<system-out>
<![CDATA[
[[ATTACHMENT|story-page-Episode-1-너굴-코딩-04049-e-validation---Success-case-chromium/test-failed-1.png]]

[[ATTACHMENT|story-page-Episode-1-너굴-코딩-04049-e-validation---Success-case-chromium/error-context.md]]
]]>
</system-out>
</testcase>
<testcase name="Episode 1: 너굴 코딩 - 공짜는 없다구리! (Story Page) › ✅ IDE Step 3: Type casting validation - Failure without cast" classname="story-page.spec.ts" time="30.098">
<failure message="story-page.spec.ts:256:7 ✅ IDE Step 3: Type casting validation - Failure without cast" type="FAILURE">
<![CDATA[  [chromium] › story-page.spec.ts:256:7 › Episode 1: 너굴 코딩 - 공짜는 없다구리! (Story Page) › ✅ IDE Step 3: Type casting validation - Failure without cast 

    Test timeout of 30000ms exceeded.

    Error: locator.fill: Test timeout of 30000ms exceeded.
    Call log:
      - waiting for locator('#editor1')


      272 |     // Complete Steps 1 & 2
      273 |     const editor1 = page.locator('#editor1');
    > 274 |     await editor1.fill('int loan = 49800;');
          |                   ^
      275 |     let runBtn = page.locator('button:has-text("▶ 코드 실행"):near(#editor1)').first();
      276 |     await runBtn.click();
      277 |
        at /mnt/d/progress/animal forest coding/e2e/story-page.spec.ts:274:19

    attachment #1: screenshot (image/png) ──────────────────────────────────────────────────────────
    ../test-results/story-page-Episode-1-너굴-코딩-de6db-tion---Failure-without-cast-chromium/test-failed-1.png
    ────────────────────────────────────────────────────────────────────────────────────────────────

    Error Context: ../test-results/story-page-Episode-1-너굴-코딩-de6db-tion---Failure-without-cast-chromium/error-context.md
]]>
</failure>
<system-out>
<![CDATA[
[[ATTACHMENT|story-page-Episode-1-너굴-코딩-de6db-tion---Failure-without-cast-chromium/test-failed-1.png]]

[[ATTACHMENT|story-page-Episode-1-너굴-코딩-de6db-tion---Failure-without-cast-chromium/error-context.md]]
]]>
</system-out>
</testcase>
<testcase name="Episode 1: 너굴 코딩 - 공짜는 없다구리! (Story Page) › ✅ IDE Step 3: Type casting validation - Success with cast" classname="story-page.spec.ts" time="30.106">
<failure message="story-page.spec.ts:306:7 ✅ IDE Step 3: Type casting validation - Success with cast" type="FAILURE">
<![CDATA[  [chromium] › story-page.spec.ts:306:7 › Episode 1: 너굴 코딩 - 공짜는 없다구리! (Story Page) › ✅ IDE Step 3: Type casting validation - Success with cast 

    Test timeout of 30000ms exceeded.

    Error: locator.fill: Test timeout of 30000ms exceeded.
    Call log:
      - waiting for locator('#editor1')


      322 |     // Complete Steps 1 & 2
      323 |     const editor1 = page.locator('#editor1');
    > 324 |     await editor1.fill('int loan = 49800;');
          |                   ^
      325 |     let runBtn = page.locator('button:has-text("▶ 코드 실행"):near(#editor1)').first();
      326 |     await runBtn.click();
      327 |
        at /mnt/d/progress/animal forest coding/e2e/story-page.spec.ts:324:19

    attachment #1: screenshot (image/png) ──────────────────────────────────────────────────────────
    ../test-results/story-page-Episode-1-너굴-코딩-a3481-idation---Success-with-cast-chromium/test-failed-1.png
    ────────────────────────────────────────────────────────────────────────────────────────────────

    Error Context: ../test-results/story-page-Episode-1-너굴-코딩-a3481-idation---Success-with-cast-chromium/error-context.md
]]>
</failure>
<system-out>
<![CDATA[
[[ATTACHMENT|story-page-Episode-1-너굴-코딩-a3481-idation---Success-with-cast-chromium/test-failed-1.png]]

[[ATTACHMENT|story-page-Episode-1-너굴-코딩-a3481-idation---Success-with-cast-chromium/error-context.md]]
]]>
</system-out>
</testcase>
<testcase name="Episode 1: 너굴 코딩 - 공짜는 없다구리! (Story Page) › ✅ Progress bar updates correctly" classname="story-page.spec.ts" time="0.403">
<failure message="story-page.spec.ts:353:7 ✅ Progress bar updates correctly" type="FAILURE">
<![CDATA[  [chromium] › story-page.spec.ts:353:7 › Episode 1: 너굴 코딩 - 공짜는 없다구리! (Story Page) › ✅ Progress bar updates correctly 

    Error: expect(received).toContain(expected) // indexOf

    Expected substring: "1"
    Received string:    "·································································
            "

      360 |     // Progress should show we're at step 1
      361 |     const progressText1 = await progressBar.textContent();
    > 362 |     expect(progressText1).toContain('1');
          |                           ^
      363 |
      364 |     // Navigate to Scene 2
      365 |     const scene1 = page.locator('[data-scene="1"]');
        at /mnt/d/progress/animal forest coding/e2e/story-page.spec.ts:362:27

    attachment #1: screenshot (image/png) ──────────────────────────────────────────────────────────
    ../test-results/story-page-Episode-1-너굴-코딩-a9783-gress-bar-updates-correctly-chromium/test-failed-1.png
    ────────────────────────────────────────────────────────────────────────────────────────────────

    Error Context: ../test-results/story-page-Episode-1-너굴-코딩-a9783-gress-bar-updates-correctly-chromium/error-context.md
]]>
</failure>
<system-out>
<![CDATA[
[[ATTACHMENT|story-page-Episode-1-너굴-코딩-a9783-gress-bar-updates-correctly-chromium/test-failed-1.png]]

[[ATTACHMENT|story-page-Episode-1-너굴-코딩-a9783-gress-bar-updates-correctly-chromium/error-context.md]]
]]>
</system-out>
</testcase>
<testcase name="Episode 1: 너굴 코딩 - 공짜는 없다구리! (Story Page) › ✅ Responsive design on mobile viewport" classname="story-page.spec.ts" time="0.255">
<failure message="story-page.spec.ts:375:7 ✅ Responsive design on mobile viewport" type="FAILURE">
<![CDATA[  [chromium] › story-page.spec.ts:375:7 › Episode 1: 너굴 코딩 - 공짜는 없다구리! (Story Page) › ✅ Responsive design on mobile viewport 

    Error: expect(received).toMatch(expected)

    Expected pattern: /1fr/
    Received string:  "335px"

      386 |
      387 |     // On mobile, should be 1 column
    > 388 |     expect(computedStyle).toMatch(/1fr/) || expect(computedStyle).not.toContain(' ');
          |                           ^
      389 |
      390 |     // Verify content is still visible
      391 |     const scene1 = page.locator('[data-scene="1"]');
        at /mnt/d/progress/animal forest coding/e2e/story-page.spec.ts:388:27

    attachment #1: screenshot (image/png) ──────────────────────────────────────────────────────────
    ../test-results/story-page-Episode-1-너굴-코딩-f8126-e-design-on-mobile-viewport-chromium/test-failed-1.png
    ────────────────────────────────────────────────────────────────────────────────────────────────

    Error Context: ../test-results/story-page-Episode-1-너굴-코딩-f8126-e-design-on-mobile-viewport-chromium/error-context.md
]]>
</failure>
<system-out>
<![CDATA[
[[ATTACHMENT|story-page-Episode-1-너굴-코딩-f8126-e-design-on-mobile-viewport-chromium/test-failed-1.png]]

[[ATTACHMENT|story-page-Episode-1-너굴-코딩-f8126-e-design-on-mobile-viewport-chromium/error-context.md]]
]]>
</system-out>
</testcase>
<testcase name="Episode 1: 너굴 코딩 - 공짜는 없다구리! (Story Page) › ✅ All episode images load successfully" classname="story-page.spec.ts" time="4.998">
<failure message="story-page.spec.ts:400:7 ✅ All episode images load successfully" type="FAILURE">
<![CDATA[  [chromium] › story-page.spec.ts:400:7 › Episode 1: 너굴 코딩 - 공짜는 없다구리! (Story Page) › ✅ All episode images load successfully 

    Error: expect(received).toBeGreaterThan(expected)

    Expected: > 0
    Received:   0

      428 |
      429 |     // Verify at least some images loaded
    > 430 |     expect(loadedImages.length).toBeGreaterThan(0);
          |                                 ^
      431 |   });
      432 |
      433 |   test('✅ Scene 4: Completion screen displays after Step 3 success', async ({ page }) => {
        at /mnt/d/progress/animal forest coding/e2e/story-page.spec.ts:430:33

    attachment #1: screenshot (image/png) ──────────────────────────────────────────────────────────
    ../test-results/story-page-Episode-1-너굴-코딩-67ea5-de-images-load-successfully-chromium/test-failed-1.png
    ────────────────────────────────────────────────────────────────────────────────────────────────

    Error Context: ../test-results/story-page-Episode-1-너굴-코딩-67ea5-de-images-load-successfully-chromium/error-context.md
]]>
</failure>
<system-out>
<![CDATA[
[[ATTACHMENT|story-page-Episode-1-너굴-코딩-67ea5-de-images-load-successfully-chromium/test-failed-1.png]]

[[ATTACHMENT|story-page-Episode-1-너굴-코딩-67ea5-de-images-load-successfully-chromium/error-context.md]]
]]>
</system-out>
</testcase>
<testcase name="Episode 1: 너굴 코딩 - 공짜는 없다구리! (Story Page) › ✅ Scene 4: Completion screen displays after Step 3 success" classname="story-page.spec.ts" time="30.108">
<failure message="story-page.spec.ts:433:7 ✅ Scene 4: Completion screen displays after Step 3 success" type="FAILURE">
<![CDATA[  [chromium] › story-page.spec.ts:433:7 › Episode 1: 너굴 코딩 - 공짜는 없다구리! (Story Page) › ✅ Scene 4: Completion screen displays after Step 3 success 

    Test timeout of 30000ms exceeded.

    Error: locator.fill: Test timeout of 30000ms exceeded.
    Call log:
      - waiting for locator('#editor1')


      449 |     // Complete Step 1
      450 |     const editor1 = page.locator('#editor1');
    > 451 |     await editor1.fill('int loan = 49800;');
          |                   ^
      452 |     let runBtn = page.locator('button:has-text("▶ 코드 실행"):near(#editor1)').first();
      453 |     await runBtn.click();
      454 |     let nextStepBtn = page.locator('button:has-text("다음 단계 →")').first();
        at /mnt/d/progress/animal forest coding/e2e/story-page.spec.ts:451:19

    attachment #1: screenshot (image/png) ──────────────────────────────────────────────────────────
    ../test-results/story-page-Episode-1-너굴-코딩-08a30-splays-after-Step-3-success-chromium/test-failed-1.png
    ────────────────────────────────────────────────────────────────────────────────────────────────

    Error Context: ../test-results/story-page-Episode-1-너굴-코딩-08a30-splays-after-Step-3-success-chromium/error-context.md
]]>
</failure>
<system-out>
<![CDATA[
[[ATTACHMENT|story-page-Episode-1-너굴-코딩-08a30-splays-after-Step-3-success-chromium/test-failed-1.png]]

[[ATTACHMENT|story-page-Episode-1-너굴-코딩-08a30-splays-after-Step-3-success-chromium/error-context.md]]
]]>
</system-out>
</testcase>
</testsuite>
<testsuite name="complete-flow.spec.ts" timestamp="2025-12-04T15:45:49.799Z" hostname="firefox" tests="12" failures="2" skipped="0" time="62.445" errors="0">
<testcase name="Complete App Flow - EntryPage → LoginPage → StoryPage › E2E-1: EntryPage should display title and start button" classname="complete-flow.spec.ts" time="2.153">
<system-out>
<![CDATA[✅ EntryPage: 타이틀과 시작 버튼 표시 완료
]]>
</system-out>
</testcase>
<testcase name="Complete App Flow - EntryPage → LoginPage → StoryPage › E2E-2: Click start button and navigate to LoginPage" classname="complete-flow.spec.ts" time="3.581">
<system-out>
<![CDATA[✅ EntryPage 클릭 후 이동: http://localhost:3002/story
]]>
</system-out>
</testcase>
<testcase name="Complete App Flow - EntryPage → LoginPage → StoryPage › E2E-3: LoginPage form and login functionality" classname="complete-flow.spec.ts" time="7.971">
<failure message="complete-flow.spec.ts:40:7 E2E-3: LoginPage form and login functionality" type="FAILURE">
<![CDATA[  [firefox] › complete-flow.spec.ts:40:7 › Complete App Flow - EntryPage → LoginPage → StoryPage › E2E-3: LoginPage form and login functionality 

    Error: expect(locator).toBeVisible() failed

    Locator: locator('button').filter({ hasText: '로그인' }).first()
    Expected: visible
    Timeout: 5000ms
    Error: element(s) not found

    Call log:
      - Expect "toBeVisible" with timeout 5000ms
      - waiting for locator('button').filter({ hasText: '로그인' }).first()


      48 |     await expect(usernameInput).toBeVisible();
      49 |     await expect(passwordInput).toBeVisible();
    > 50 |     await expect(loginButton).toBeVisible();
         |                               ^
      51 |
      52 |     // 입력값 채우기
      53 |     await usernameInput.fill('testuser');
        at /mnt/d/progress/animal forest coding/e2e/complete-flow.spec.ts:50:31

    attachment #1: screenshot (image/png) ──────────────────────────────────────────────────────────
    ../test-results/complete-flow-Complete-App-9f170-orm-and-login-functionality-firefox/test-failed-1.png
    ────────────────────────────────────────────────────────────────────────────────────────────────

    Error Context: ../test-results/complete-flow-Complete-App-9f170-orm-and-login-functionality-firefox/error-context.md
]]>
</failure>
<system-out>
<![CDATA[
[[ATTACHMENT|complete-flow-Complete-App-9f170-orm-and-login-functionality-firefox/test-failed-1.png]]

[[ATTACHMENT|complete-flow-Complete-App-9f170-orm-and-login-functionality-firefox/error-context.md]]
]]>
</system-out>
</testcase>
<testcase name="Complete App Flow - EntryPage → LoginPage → StoryPage › E2E-4: Navigate to StoryPage after login" classname="complete-flow.spec.ts" time="30.11">
<failure message="complete-flow.spec.ts:62:7 E2E-4: Navigate to StoryPage after login" type="FAILURE">
<![CDATA[  [firefox] › complete-flow.spec.ts:62:7 › Complete App Flow - EntryPage → LoginPage → StoryPage › E2E-4: Navigate to StoryPage after login 

    Test timeout of 30000ms exceeded.

    Error: locator.click: Test timeout of 30000ms exceeded.
    Call log:
      - waiting for locator('button').filter({ hasText: '로그인' }).first()


      70 |     await usernameInput.fill('testuser');
      71 |     await passwordInput.fill('testpass');
    > 72 |     await loginButton.click();
         |                       ^
      73 |
      74 |     // StoryPage로 이동 대기
      75 |     await page.waitForURL(/story/, { timeout: 5000 });
        at /mnt/d/progress/animal forest coding/e2e/complete-flow.spec.ts:72:23

    attachment #1: screenshot (image/png) ──────────────────────────────────────────────────────────
    ../test-results/complete-flow-Complete-App-bb6fb-te-to-StoryPage-after-login-firefox/test-failed-1.png
    ────────────────────────────────────────────────────────────────────────────────────────────────

    Error Context: ../test-results/complete-flow-Complete-App-bb6fb-te-to-StoryPage-after-login-firefox/error-context.md
]]>
</failure>
<system-out>
<![CDATA[
[[ATTACHMENT|complete-flow-Complete-App-bb6fb-te-to-StoryPage-after-login-firefox/test-failed-1.png]]

[[ATTACHMENT|complete-flow-Complete-App-bb6fb-te-to-StoryPage-after-login-firefox/error-context.md]]
]]>
</system-out>
</testcase>
<testcase name="Complete App Flow - EntryPage → LoginPage → StoryPage › E2E-5: StoryPage displays Scene 1 with img1.jpg" classname="complete-flow.spec.ts" time="0.911">
<system-out>
<![CDATA[✅ StoryPage Scene 1: img1.jpg 배경 확인 완료
]]>
</system-out>
</testcase>
<testcase name="Complete App Flow - EntryPage → LoginPage → StoryPage › E2E-6: Text typing animation" classname="complete-flow.spec.ts" time="1.848">
<system-out>
<![CDATA[초기 텍스트 길이: 8
1초 후 텍스트 길이: 14
✅ 텍스트 타이핑 애니메이션 작동 중
]]>
</system-out>
</testcase>
<testcase name="Complete App Flow - EntryPage → LoginPage → StoryPage › E2E-7: Next button progresses dialogue" classname="complete-flow.spec.ts" time="1.423">
<system-out>
<![CDATA[초기 진행도: 1 / 2 (1 / 5)
진행도 변경 후: 1 / 2 (2 / 5)
✅ 다음 버튼으로 대사 진행 완료
]]>
</system-out>
</testcase>
<testcase name="Complete App Flow - EntryPage → LoginPage → StoryPage › E2E-8: Scene transitions from Scene 1 to Scene 2" classname="complete-flow.spec.ts" time="2.907">
<system-out>
<![CDATA[✅ Scene 1 → Scene 2 전환 완료, img2.jpg 확인
]]>
</system-out>
</testcase>
<testcase name="Complete App Flow - EntryPage → LoginPage → StoryPage › E2E-9: Complete story and navigate to IDE" classname="complete-flow.spec.ts" time="4.803">
<system-out>
<![CDATA[✅ 스토리 완료 → IDE 페이지 이동 완료
]]>
</system-out>
</testcase>
<testcase name="Complete App Flow - EntryPage → LoginPage → StoryPage › E2E-10: Skip button navigates directly to IDE" classname="complete-flow.spec.ts" time="0.877">
<system-out>
<![CDATA[✅ 스킵 버튼으로 IDE 직접 이동 완료
]]>
</system-out>
</testcase>
<testcase name="Complete App Flow - EntryPage → LoginPage → StoryPage › E2E-11: Responsive design on mobile viewport" classname="complete-flow.spec.ts" time="1.247">
<system-out>
<![CDATA[✅ 모바일 반응형 디자인 확인 완료
]]>
</system-out>
</testcase>
<testcase name="Complete App Flow - EntryPage → LoginPage → StoryPage › E2E-12: Complete flow from Entry to IDE" classname="complete-flow.spec.ts" time="4.614">
<system-out>
<![CDATA[
========== 완전한 플로우 테스트 시작 ==========
1️⃣ EntryPage 도착
2️⃣ 시작 버튼 클릭
3️⃣ EntryPage에서 직접 StoryPage로 이동
5️⃣ StoryPage 도착 - Tom Nook 표시
6️⃣ Scene 1: img1.jpg 배경 확인
7️⃣ Scene 1 대사 진행 (5개)
8️⃣ Scene 2: img2.jpg 배경 확인
9️⃣ Scene 2 대사 진행 (6개)
🔟 IDE 페이지 도착

========== ✅ 완전한 플로우 테스트 완료! ==========

]]>
</system-out>
</testcase>
</testsuite>
<testsuite name="comprehensive.e2e.spec.ts" timestamp="2025-12-04T15:45:49.799Z" hostname="firefox" tests="36" failures="12" skipped="0" time="32.7" errors="0">
<testcase name="E2E Tests - 사용자 시나리오 › 1. API 헬스 체크 › should access API health endpoint" classname="comprehensive.e2e.spec.ts" time="0.32">
</testcase>
<testcase name="E2E Tests - 사용자 시나리오 › 1. API 헬스 체크 › should have all services available" classname="comprehensive.e2e.spec.ts" time="0.183">
</testcase>
<testcase name="E2E Tests - 사용자 시나리오 › 2. 캐릭터 및 콘텐츠 로딩 › should fetch characters successfully" classname="comprehensive.e2e.spec.ts" time="0.217">
</testcase>
<testcase name="E2E Tests - 사용자 시나리오 › 2. 캐릭터 및 콘텐츠 로딩 › should fetch topics successfully" classname="comprehensive.e2e.spec.ts" time="0.192">
</testcase>
<testcase name="E2E Tests - 사용자 시나리오 › 2. 캐릭터 및 콘텐츠 로딩 › should fetch content for valid character and topic" classname="comprehensive.e2e.spec.ts" time="0.202">
</testcase>
<testcase name="E2E Tests - 사용자 시나리오 › 2. 캐릭터 및 콘텐츠 로딩 › should search content" classname="comprehensive.e2e.spec.ts" time="1.339">
</testcase>
<testcase name="E2E Tests - 사용자 시나리오 › 3. 페이지 로딩 및 렌더링 › should load frontend homepage" classname="comprehensive.e2e.spec.ts" time="0.381">
<failure message="comprehensive.e2e.spec.ts:107:9 should load frontend homepage" type="FAILURE">
<![CDATA[  [firefox] › comprehensive.e2e.spec.ts:107:9 › E2E Tests - 사용자 시나리오 › 3. 페이지 로딩 및 렌더링 › should load frontend homepage 

    Error: page.goto: NS_ERROR_CONNECTION_REFUSED
    Call log:
      - navigating to "http://localhost:3000/", waiting until "load"


      106 |   test.describe('3. 페이지 로딩 및 렌더링', () => {
      107 |     test('should load frontend homepage', async ({ page }) => {
    > 108 |       await page.goto(BASE_URL);
          |                  ^
      109 |
      110 |       // 페이지가 로드되었는지 확인
      111 |       expect(page.url()).toContain(BASE_URL);
        at /mnt/d/progress/animal forest coding/e2e/comprehensive.e2e.spec.ts:108:18

    attachment #1: screenshot (image/png) ──────────────────────────────────────────────────────────
    ../test-results/comprehensive.e2e-E2E-Test-1d324-ould-load-frontend-homepage-firefox/test-failed-1.png
    ────────────────────────────────────────────────────────────────────────────────────────────────

    Error Context: ../test-results/comprehensive.e2e-E2E-Test-1d324-ould-load-frontend-homepage-firefox/error-context.md
]]>
</failure>
<system-out>
<![CDATA[
[[ATTACHMENT|comprehensive.e2e-E2E-Test-1d324-ould-load-frontend-homepage-firefox/test-failed-1.png]]

[[ATTACHMENT|comprehensive.e2e-E2E-Test-1d324-ould-load-frontend-homepage-firefox/error-context.md]]
]]>
</system-out>
</testcase>
<testcase name="E2E Tests - 사용자 시나리오 › 3. 페이지 로딩 및 렌더링 › should handle navigation" classname="comprehensive.e2e.spec.ts" time="1.704">
<failure message="comprehensive.e2e.spec.ts:118:9 should handle navigation" type="FAILURE">
<![CDATA[  [firefox] › comprehensive.e2e.spec.ts:118:9 › E2E Tests - 사용자 시나리오 › 3. 페이지 로딩 및 렌더링 › should handle navigation 

    Error: page.goto: NS_ERROR_CONNECTION_REFUSED
    Call log:
      - navigating to "http://localhost:3000/", waiting until "load"


      117 |
      118 |     test('should handle navigation', async ({ page }) => {
    > 119 |       await page.goto(BASE_URL);
          |                  ^
      120 |
      121 |       // 페이지 기본 구조 확인
      122 |       const pageContent = await page.content();
        at /mnt/d/progress/animal forest coding/e2e/comprehensive.e2e.spec.ts:119:18

    attachment #1: screenshot (image/png) ──────────────────────────────────────────────────────────
    ../test-results/comprehensive.e2e-E2E-Test-3c3e1-더링-should-handle-navigation-firefox/test-failed-1.png
    ────────────────────────────────────────────────────────────────────────────────────────────────

    Error Context: ../test-results/comprehensive.e2e-E2E-Test-3c3e1-더링-should-handle-navigation-firefox/error-context.md
]]>
</failure>
<system-out>
<![CDATA[
[[ATTACHMENT|comprehensive.e2e-E2E-Test-3c3e1-더링-should-handle-navigation-firefox/test-failed-1.png]]

[[ATTACHMENT|comprehensive.e2e-E2E-Test-3c3e1-더링-should-handle-navigation-firefox/error-context.md]]
]]>
</system-out>
</testcase>
<testcase name="E2E Tests - 사용자 시나리오 › 3. 페이지 로딩 및 렌더링 › should be responsive on mobile viewport" classname="comprehensive.e2e.spec.ts" time="1.909">
<failure message="comprehensive.e2e.spec.ts:127:9 should be responsive on mobile viewport" type="FAILURE">
<![CDATA[  [firefox] › comprehensive.e2e.spec.ts:127:9 › E2E Tests - 사용자 시나리오 › 3. 페이지 로딩 및 렌더링 › should be responsive on mobile viewport 

    Error: page.goto: NS_ERROR_CONNECTION_REFUSED
    Call log:
      - navigating to "http://localhost:3000/", waiting until "load"


      129 |       await page.setViewportSize({ width: 390, height: 844 });
      130 |
    > 131 |       await page.goto(BASE_URL);
          |                  ^
      132 |
      133 |       // 모바일에서도 렌더링 가능해야 함
      134 |       const bodyHeight = await page.evaluate(() => document.body.scrollHeight);
        at /mnt/d/progress/animal forest coding/e2e/comprehensive.e2e.spec.ts:131:18

    attachment #1: screenshot (image/png) ──────────────────────────────────────────────────────────
    ../test-results/comprehensive.e2e-E2E-Test-6e731-sponsive-on-mobile-viewport-firefox/test-failed-1.png
    ────────────────────────────────────────────────────────────────────────────────────────────────

    Error Context: ../test-results/comprehensive.e2e-E2E-Test-6e731-sponsive-on-mobile-viewport-firefox/error-context.md
]]>
</failure>
<system-out>
<![CDATA[
[[ATTACHMENT|comprehensive.e2e-E2E-Test-6e731-sponsive-on-mobile-viewport-firefox/test-failed-1.png]]

[[ATTACHMENT|comprehensive.e2e-E2E-Test-6e731-sponsive-on-mobile-viewport-firefox/error-context.md]]
]]>
</system-out>
</testcase>
<testcase name="E2E Tests - 사용자 시나리오 › 3. 페이지 로딩 및 렌더링 › should be responsive on tablet viewport" classname="comprehensive.e2e.spec.ts" time="1.853">
<failure message="comprehensive.e2e.spec.ts:138:9 should be responsive on tablet viewport" type="FAILURE">
<![CDATA[  [firefox] › comprehensive.e2e.spec.ts:138:9 › E2E Tests - 사용자 시나리오 › 3. 페이지 로딩 및 렌더링 › should be responsive on tablet viewport 

    Error: page.goto: NS_ERROR_CONNECTION_REFUSED
    Call log:
      - navigating to "http://localhost:3000/", waiting until "load"


      140 |       await page.setViewportSize({ width: 768, height: 1024 });
      141 |
    > 142 |       await page.goto(BASE_URL);
          |                  ^
      143 |
      144 |       const bodyHeight = await page.evaluate(() => document.body.scrollHeight);
      145 |       expect(bodyHeight).toBeGreaterThan(0);
        at /mnt/d/progress/animal forest coding/e2e/comprehensive.e2e.spec.ts:142:18

    attachment #1: screenshot (image/png) ──────────────────────────────────────────────────────────
    ../test-results/comprehensive.e2e-E2E-Test-89f90-sponsive-on-tablet-viewport-firefox/test-failed-1.png
    ────────────────────────────────────────────────────────────────────────────────────────────────

    Error Context: ../test-results/comprehensive.e2e-E2E-Test-89f90-sponsive-on-tablet-viewport-firefox/error-context.md
]]>
</failure>
<system-out>
<![CDATA[
[[ATTACHMENT|comprehensive.e2e-E2E-Test-89f90-sponsive-on-tablet-viewport-firefox/test-failed-1.png]]

[[ATTACHMENT|comprehensive.e2e-E2E-Test-89f90-sponsive-on-tablet-viewport-firefox/error-context.md]]
]]>
</system-out>
</testcase>
<testcase name="E2E Tests - 사용자 시나리오 › 3. 페이지 로딩 및 렌더링 › should be responsive on desktop viewport" classname="comprehensive.e2e.spec.ts" time="0.395">
<failure message="comprehensive.e2e.spec.ts:148:9 should be responsive on desktop viewport" type="FAILURE">
<![CDATA[  [firefox] › comprehensive.e2e.spec.ts:148:9 › E2E Tests - 사용자 시나리오 › 3. 페이지 로딩 및 렌더링 › should be responsive on desktop viewport 

    Error: page.goto: NS_ERROR_CONNECTION_REFUSED
    Call log:
      - navigating to "http://localhost:3000/", waiting until "load"


      150 |       await page.setViewportSize({ width: 1920, height: 1080 });
      151 |
    > 152 |       await page.goto(BASE_URL);
          |                  ^
      153 |
      154 |       const bodyHeight = await page.evaluate(() => document.body.scrollHeight);
      155 |       expect(bodyHeight).toBeGreaterThan(0);
        at /mnt/d/progress/animal forest coding/e2e/comprehensive.e2e.spec.ts:152:18

    attachment #1: screenshot (image/png) ──────────────────────────────────────────────────────────
    ../test-results/comprehensive.e2e-E2E-Test-051a0-ponsive-on-desktop-viewport-firefox/test-failed-1.png
    ────────────────────────────────────────────────────────────────────────────────────────────────

    Error Context: ../test-results/comprehensive.e2e-E2E-Test-051a0-ponsive-on-desktop-viewport-firefox/error-context.md
]]>
</failure>
<system-out>
<![CDATA[
[[ATTACHMENT|comprehensive.e2e-E2E-Test-051a0-ponsive-on-desktop-viewport-firefox/test-failed-1.png]]

[[ATTACHMENT|comprehensive.e2e-E2E-Test-051a0-ponsive-on-desktop-viewport-firefox/error-context.md]]
]]>
</system-out>
</testcase>
<testcase name="E2E Tests - 사용자 시나리오 › 4. 성능 메트릭 › should load within acceptable time" classname="comprehensive.e2e.spec.ts" time="1.576">
<failure message="comprehensive.e2e.spec.ts:160:9 should load within acceptable time" type="FAILURE">
<![CDATA[  [firefox] › comprehensive.e2e.spec.ts:160:9 › E2E Tests - 사용자 시나리오 › 4. 성능 메트릭 › should load within acceptable time 

    Error: page.goto: NS_ERROR_CONNECTION_REFUSED
    Call log:
      - navigating to "http://localhost:3000/", waiting until "networkidle"


      161 |       const startTime = Date.now();
      162 |
    > 163 |       await page.goto(BASE_URL, { waitUntil: 'networkidle' });
          |                  ^
      164 |
      165 |       const loadTime = Date.now() - startTime;
      166 |       expect(loadTime).toBeLessThan(3000); // 3초 이내
        at /mnt/d/progress/animal forest coding/e2e/comprehensive.e2e.spec.ts:163:18

    attachment #1: screenshot (image/png) ──────────────────────────────────────────────────────────
    ../test-results/comprehensive.e2e-E2E-Test-0fd75-load-within-acceptable-time-firefox/test-failed-1.png
    ────────────────────────────────────────────────────────────────────────────────────────────────

    Error Context: ../test-results/comprehensive.e2e-E2E-Test-0fd75-load-within-acceptable-time-firefox/error-context.md
]]>
</failure>
<system-out>
<![CDATA[
[[ATTACHMENT|comprehensive.e2e-E2E-Test-0fd75-load-within-acceptable-time-firefox/test-failed-1.png]]

[[ATTACHMENT|comprehensive.e2e-E2E-Test-0fd75-load-within-acceptable-time-firefox/error-context.md]]
]]>
</system-out>
</testcase>
<testcase name="E2E Tests - 사용자 시나리오 › 4. 성능 메트릭 › should fetch API data quickly" classname="comprehensive.e2e.spec.ts" time="0.467">
</testcase>
<testcase name="E2E Tests - 사용자 시나리오 › 4. 성능 메트릭 › should handle multiple concurrent requests" classname="comprehensive.e2e.spec.ts" time="0.316">
</testcase>
<testcase name="E2E Tests - 사용자 시나리오 › 5. 접근성 검증 › should be navigable with keyboard" classname="comprehensive.e2e.spec.ts" time="0.417">
<failure message="comprehensive.e2e.spec.ts:202:9 should be navigable with keyboard" type="FAILURE">
<![CDATA[  [firefox] › comprehensive.e2e.spec.ts:202:9 › E2E Tests - 사용자 시나리오 › 5. 접근성 검증 › should be navigable with keyboard 

    Error: page.goto: NS_ERROR_CONNECTION_REFUSED
    Call log:
      - navigating to "http://localhost:3000/", waiting until "load"


      201 |   test.describe('5. 접근성 검증', () => {
      202 |     test('should be navigable with keyboard', async ({ page }) => {
    > 203 |       await page.goto(BASE_URL);
          |                  ^
      204 |
      205 |       // Tab 키로 네비게이션 가능해야 함
      206 |       await page.keyboard.press('Tab');
        at /mnt/d/progress/animal forest coding/e2e/comprehensive.e2e.spec.ts:203:18

    attachment #1: screenshot (image/png) ──────────────────────────────────────────────────────────
    ../test-results/comprehensive.e2e-E2E-Test-7354b--be-navigable-with-keyboard-firefox/test-failed-1.png
    ────────────────────────────────────────────────────────────────────────────────────────────────

    Error Context: ../test-results/comprehensive.e2e-E2E-Test-7354b--be-navigable-with-keyboard-firefox/error-context.md
]]>
</failure>
<system-out>
<![CDATA[
[[ATTACHMENT|comprehensive.e2e-E2E-Test-7354b--be-navigable-with-keyboard-firefox/test-failed-1.png]]

[[ATTACHMENT|comprehensive.e2e-E2E-Test-7354b--be-navigable-with-keyboard-firefox/error-context.md]]
]]>
</system-out>
</testcase>
<testcase name="E2E Tests - 사용자 시나리오 › 5. 접근성 검증 › should have readable text contrast" classname="comprehensive.e2e.spec.ts" time="1.668">
<failure message="comprehensive.e2e.spec.ts:217:9 should have readable text contrast" type="FAILURE">
<![CDATA[  [firefox] › comprehensive.e2e.spec.ts:217:9 › E2E Tests - 사용자 시나리오 › 5. 접근성 검증 › should have readable text contrast 

    Error: page.goto: NS_ERROR_CONNECTION_REFUSED
    Call log:
      - navigating to "http://localhost:3000/", waiting until "load"


      216 |
      217 |     test('should have readable text contrast', async ({ page }) => {
    > 218 |       await page.goto(BASE_URL);
          |                  ^
      219 |
      220 |       // 메인 콘텐츠가 읽을 수 있는지 확인
      221 |       const mainContent = await page.locator('body').textContent();
        at /mnt/d/progress/animal forest coding/e2e/comprehensive.e2e.spec.ts:218:18

    attachment #1: screenshot (image/png) ──────────────────────────────────────────────────────────
    ../test-results/comprehensive.e2e-E2E-Test-2afb4-have-readable-text-contrast-firefox/test-failed-1.png
    ────────────────────────────────────────────────────────────────────────────────────────────────

    Error Context: ../test-results/comprehensive.e2e-E2E-Test-2afb4-have-readable-text-contrast-firefox/error-context.md
]]>
</failure>
<system-out>
<![CDATA[
[[ATTACHMENT|comprehensive.e2e-E2E-Test-2afb4-have-readable-text-contrast-firefox/test-failed-1.png]]

[[ATTACHMENT|comprehensive.e2e-E2E-Test-2afb4-have-readable-text-contrast-firefox/error-context.md]]
]]>
</system-out>
</testcase>
<testcase name="E2E Tests - 사용자 시나리오 › 6. 오류 처리 › should handle invalid routes gracefully" classname="comprehensive.e2e.spec.ts" time="0.361">
<failure message="comprehensive.e2e.spec.ts:228:9 should handle invalid routes gracefully" type="FAILURE">
<![CDATA[  [firefox] › comprehensive.e2e.spec.ts:228:9 › E2E Tests - 사용자 시나리오 › 6. 오류 처리 › should handle invalid routes gracefully 

    Error: page.goto: NS_ERROR_CONNECTION_REFUSED
    Call log:
      - navigating to "http://localhost:3000/invalid-route", waiting until "networkidle"


      227 |   test.describe('6. 오류 처리', () => {
      228 |     test('should handle invalid routes gracefully', async ({ page }) => {
    > 229 |       const response = await page.goto(`${BASE_URL}/invalid-route`, {
          |                                   ^
      230 |         waitUntil: 'networkidle',
      231 |       });
      232 |
        at /mnt/d/progress/animal forest coding/e2e/comprehensive.e2e.spec.ts:229:35

    attachment #1: screenshot (image/png) ──────────────────────────────────────────────────────────
    ../test-results/comprehensive.e2e-E2E-Test-f4594-e-invalid-routes-gracefully-firefox/test-failed-1.png
    ────────────────────────────────────────────────────────────────────────────────────────────────

    Error Context: ../test-results/comprehensive.e2e-E2E-Test-f4594-e-invalid-routes-gracefully-firefox/error-context.md
]]>
</failure>
<system-out>
<![CDATA[
[[ATTACHMENT|comprehensive.e2e-E2E-Test-f4594-e-invalid-routes-gracefully-firefox/test-failed-1.png]]

[[ATTACHMENT|comprehensive.e2e-E2E-Test-f4594-e-invalid-routes-gracefully-firefox/error-context.md]]
]]>
</system-out>
</testcase>
<testcase name="E2E Tests - 사용자 시나리오 › 6. 오류 처리 › should handle network errors gracefully" classname="comprehensive.e2e.spec.ts" time="2.355">
</testcase>
<testcase name="E2E Tests - 사용자 시나리오 › 6. 오류 처리 › should display appropriate error messages" classname="comprehensive.e2e.spec.ts" time="2.774">
<failure message="comprehensive.e2e.spec.ts:251:9 should display appropriate error messages" type="FAILURE">
<![CDATA[  [firefox] › comprehensive.e2e.spec.ts:251:9 › E2E Tests - 사용자 시나리오 › 6. 오류 처리 › should display appropriate error messages 

    Error: page.goto: NS_ERROR_CONNECTION_REFUSED
    Call log:
      - navigating to "http://localhost:3000/invalid", waiting until "load"


      250 |
      251 |     test('should display appropriate error messages', async ({ page }) => {
    > 252 |       await page.goto(`${BASE_URL}/invalid`);
          |                  ^
      253 |
      254 |       // 페이지는 로드되어야 함
      255 |       const content = await page.content();
        at /mnt/d/progress/animal forest coding/e2e/comprehensive.e2e.spec.ts:252:18

    attachment #1: screenshot (image/png) ──────────────────────────────────────────────────────────
    ../test-results/comprehensive.e2e-E2E-Test-9070a--appropriate-error-messages-firefox/test-failed-1.png
    ────────────────────────────────────────────────────────────────────────────────────────────────

    Error Context: ../test-results/comprehensive.e2e-E2E-Test-9070a--appropriate-error-messages-firefox/error-context.md
]]>
</failure>
<system-out>
<![CDATA[
[[ATTACHMENT|comprehensive.e2e-E2E-Test-9070a--appropriate-error-messages-firefox/test-failed-1.png]]

[[ATTACHMENT|comprehensive.e2e-E2E-Test-9070a--appropriate-error-messages-firefox/error-context.md]]
]]>
</system-out>
</testcase>
<testcase name="E2E Tests - 사용자 시나리오 › 7. API 엔드포인트 검증 › GET /api/health › should return health status" classname="comprehensive.e2e.spec.ts" time="1.738">
</testcase>
<testcase name="E2E Tests - 사용자 시나리오 › 7. API 엔드포인트 검증 › GET /api/characters › should return non-empty character list" classname="comprehensive.e2e.spec.ts" time="1.211">
</testcase>
<testcase name="E2E Tests - 사용자 시나리오 › 7. API 엔드포인트 검증 › GET /api/characters › should include character properties" classname="comprehensive.e2e.spec.ts" time="1.263">
</testcase>
<testcase name="E2E Tests - 사용자 시나리오 › 7. API 엔드포인트 검증 › GET /api/topics › should return paginated results" classname="comprehensive.e2e.spec.ts" time="1.315">
</testcase>
<testcase name="E2E Tests - 사용자 시나리오 › 7. API 엔드포인트 검증 › GET /api/topics › should support difficulty filtering" classname="comprehensive.e2e.spec.ts" time="0.216">
</testcase>
<testcase name="E2E Tests - 사용자 시나리오 › 7. API 엔드포인트 검증 › GET /api/search › should search content" classname="comprehensive.e2e.spec.ts" time="0.26">
</testcase>
<testcase name="E2E Tests - 사용자 시나리오 › 7. API 엔드포인트 검증 › GET /api/search › should return empty array for non-matching query" classname="comprehensive.e2e.spec.ts" time="1.497">
</testcase>
<testcase name="E2E Tests - 사용자 시나리오 › 7. API 엔드포인트 검증 › POST /api/tts › should require text and character fields" classname="comprehensive.e2e.spec.ts" time="0.753">
<failure message="comprehensive.e2e.spec.ts:335:11 should require text and character fields" type="FAILURE">
<![CDATA[  [firefox] › comprehensive.e2e.spec.ts:335:11 › E2E Tests - 사용자 시나리오 › 7. API 엔드포인트 검증 › POST /api/tts › should require text and character fields 

    Error: expect(received).toBe(expected) // Object.is equality

    Expected: 400
    Received: 429

      340 |         });
      341 |
    > 342 |         expect(response.status).toBe(400);
          |                                 ^
      343 |       });
      344 |
      345 |       test('should accept valid TTS request', async () => {
        at /mnt/d/progress/animal forest coding/e2e/comprehensive.e2e.spec.ts:342:33

    attachment #1: screenshot (image/png) ──────────────────────────────────────────────────────────
    ../test-results/comprehensive.e2e-E2E-Test-c8c24-e-text-and-character-fields-firefox/test-failed-1.png
    ────────────────────────────────────────────────────────────────────────────────────────────────
]]>
</failure>
<system-out>
<![CDATA[
[[ATTACHMENT|comprehensive.e2e-E2E-Test-c8c24-e-text-and-character-fields-firefox/test-failed-1.png]]
]]>
</system-out>
</testcase>
<testcase name="E2E Tests - 사용자 시나리오 › 7. API 엔드포인트 검증 › POST /api/tts › should accept valid TTS request" classname="comprehensive.e2e.spec.ts" time="0.285">
<failure message="comprehensive.e2e.spec.ts:345:11 should accept valid TTS request" type="FAILURE">
<![CDATA[  [firefox] › comprehensive.e2e.spec.ts:345:11 › E2E Tests - 사용자 시나리오 › 7. API 엔드포인트 검증 › POST /api/tts › should accept valid TTS request 

    Error: expect(received).toContain(expected) // indexOf

    Expected value: 429
    Received array: [200, 400, 404, 500]

      354 |
      355 |         // 200 (성공) 또는 400/404 (오류)
    > 356 |         expect([200, 400, 404, 500]).toContain(response.status);
          |                                      ^
      357 |       });
      358 |     });
      359 |   });
        at /mnt/d/progress/animal forest coding/e2e/comprehensive.e2e.spec.ts:356:38

    attachment #1: screenshot (image/png) ──────────────────────────────────────────────────────────
    ../test-results/comprehensive.e2e-E2E-Test-1917c-ld-accept-valid-TTS-request-firefox/test-failed-1.png
    ────────────────────────────────────────────────────────────────────────────────────────────────
]]>
</failure>
<system-out>
<![CDATA[
[[ATTACHMENT|comprehensive.e2e-E2E-Test-1917c-ld-accept-valid-TTS-request-firefox/test-failed-1.png]]
]]>
</system-out>
</testcase>
<testcase name="E2E Tests - 사용자 시나리오 › 8. 데이터 일관성 › should return consistent data across requests" classname="comprehensive.e2e.spec.ts" time="0.764">
</testcase>
<testcase name="E2E Tests - 사용자 시나리오 › 8. 데이터 일관성 › should not have duplicate character IDs" classname="comprehensive.e2e.spec.ts" time="1.592">
</testcase>
<testcase name="E2E Tests - 사용자 시나리오 › 8. 데이터 일관성 › should have valid topic difficulty levels" classname="comprehensive.e2e.spec.ts" time="1.398">
</testcase>
<testcase name="E2E Tests - 사용자 시나리오 › 9. 캐싱 검증 › should cache responses efficiently" classname="comprehensive.e2e.spec.ts" time="0.244">
</testcase>
<testcase name="E2E Tests - 사용자 시나리오 › 10. 보안 기본사항 › should not expose sensitive information" classname="comprehensive.e2e.spec.ts" time="1.1">
</testcase>
<testcase name="E2E Tests - 사용자 시나리오 › 10. 보안 기본사항 › should handle CORS properly" classname="comprehensive.e2e.spec.ts" time="0.202">
</testcase>
<testcase name="E2E Tests - 사용자 시나리오 › 10. 보안 기본사항 › should validate input parameters" classname="comprehensive.e2e.spec.ts" time="0.21">
</testcase>
<testcase name="사용자 시나리오 - 통합 흐름 › User journey: Home → Content → Search → Health" classname="comprehensive.e2e.spec.ts" time="0.023">
</testcase>
</testsuite>
<testsuite name="story-page-quick.spec.ts" timestamp="2025-12-04T15:45:49.799Z" hostname="firefox" tests="7" failures="2" skipped="0" time="66.479" errors="0">
<testcase name="Episode 1: Story Page Quick Verification › ✅ Story page loads with correct title" classname="story-page-quick.spec.ts" time="0.448">
</testcase>
<testcase name="Episode 1: Story Page Quick Verification › ✅ Scene 1 displays with opening image" classname="story-page-quick.spec.ts" time="0.38">
</testcase>
<testcase name="Episode 1: Story Page Quick Verification › ✅ Step 1 IDE: int variable validation works" classname="story-page-quick.spec.ts" time="30.152">
<failure message="story-page-quick.spec.ts:21:7 ✅ Step 1 IDE: int variable validation works" type="FAILURE">
<![CDATA[  [firefox] › story-page-quick.spec.ts:21:7 › Episode 1: Story Page Quick Verification › ✅ Step 1 IDE: int variable validation works 

    Test timeout of 30000ms exceeded.

    Error: locator.click: Test timeout of 30000ms exceeded.
    Call log:
      - waiting for locator('button:has-text("다음")').first()
        - locator resolved to <button onclick="goToScene(2)">다음 →</button>
      - attempting click action
        2 × waiting for element to be visible, enabled and stable
          - element is not visible
        - retrying click action
        - waiting 20ms
        2 × waiting for element to be visible, enabled and stable
          - element is not visible
        - retrying click action
          - waiting 100ms
        53 × waiting for element to be visible, enabled and stable
           - element is not visible
         - retrying click action
           - waiting 500ms


      28 |
      29 |     const nextBtn2 = page.locator('button:has-text("다음")').first();
    > 30 |     await nextBtn2.click();
         |                    ^
      31 |     await page.waitForTimeout(500);
      32 |
      33 |     const startBtn = page.locator('button:has-text("IDE 시작")');
        at /mnt/d/progress/animal forest coding/e2e/story-page-quick.spec.ts:30:20

    attachment #1: screenshot (image/png) ──────────────────────────────────────────────────────────
    ../test-results/story-page-quick-Episode-1-c9a69-t-variable-validation-works-firefox/test-failed-1.png
    ────────────────────────────────────────────────────────────────────────────────────────────────

    Error Context: ../test-results/story-page-quick-Episode-1-c9a69-t-variable-validation-works-firefox/error-context.md
]]>
</failure>
<system-out>
<![CDATA[
[[ATTACHMENT|story-page-quick-Episode-1-c9a69-t-variable-validation-works-firefox/test-failed-1.png]]

[[ATTACHMENT|story-page-quick-Episode-1-c9a69-t-variable-validation-works-firefox/error-context.md]]
]]>
</system-out>
</testcase>
<testcase name="Episode 1: Story Page Quick Verification › ✅ Step 1 validation fails on incorrect code" classname="story-page-quick.spec.ts" time="30.157">
<failure message="story-page-quick.spec.ts:58:7 ✅ Step 1 validation fails on incorrect code" type="FAILURE">
<![CDATA[  [firefox] › story-page-quick.spec.ts:58:7 › Episode 1: Story Page Quick Verification › ✅ Step 1 validation fails on incorrect code 

    Test timeout of 30000ms exceeded.

    Error: locator.click: Test timeout of 30000ms exceeded.
    Call log:
      - waiting for locator('button:has-text("다음")').first()
        - locator resolved to <button onclick="goToScene(2)">다음 →</button>
      - attempting click action
        2 × waiting for element to be visible, enabled and stable
          - element is not visible
        - retrying click action
        - waiting 20ms
        2 × waiting for element to be visible, enabled and stable
          - element is not visible
        - retrying click action
          - waiting 100ms
        54 × waiting for element to be visible, enabled and stable
           - element is not visible
         - retrying click action
           - waiting 500ms


      65 |
      66 |     const nextBtn2 = page.locator('button:has-text("다음")').first();
    > 67 |     await nextBtn2.click();
         |                    ^
      68 |     await page.waitForTimeout(500);
      69 |
      70 |     const startBtn = page.locator('button:has-text("IDE 시작")');
        at /mnt/d/progress/animal forest coding/e2e/story-page-quick.spec.ts:67:20

    attachment #1: screenshot (image/png) ──────────────────────────────────────────────────────────
    ../test-results/story-page-quick-Episode-1-db8c6-ion-fails-on-incorrect-code-firefox/test-failed-1.png
    ────────────────────────────────────────────────────────────────────────────────────────────────

    Error Context: ../test-results/story-page-quick-Episode-1-db8c6-ion-fails-on-incorrect-code-firefox/error-context.md
]]>
</failure>
<system-out>
<![CDATA[
[[ATTACHMENT|story-page-quick-Episode-1-db8c6-ion-fails-on-incorrect-code-firefox/test-failed-1.png]]

[[ATTACHMENT|story-page-quick-Episode-1-db8c6-ion-fails-on-incorrect-code-firefox/error-context.md]]
]]>
</system-out>
</testcase>
<testcase name="Episode 1: Story Page Quick Verification › ✅ Progress bar visible and updates" classname="story-page-quick.spec.ts" time="1.73">
</testcase>
<testcase name="Episode 1: Story Page Quick Verification › ✅ Mobile responsive design" classname="story-page-quick.spec.ts" time="0.824">
</testcase>
<testcase name="Episode 1: Story Page Quick Verification › ✅ All images load without errors" classname="story-page-quick.spec.ts" time="2.788">
</testcase>
</testsuite>
<testsuite name="story-page-sample.spec.ts" timestamp="2025-12-04T15:45:49.799Z" hostname="firefox" tests="7" failures="7" skipped="0" time="7.27" errors="0">
<testcase name="Story Page - Stage 2 System Level Tests › should load story page successfully" classname="story-page-sample.spec.ts" time="0.411">
<failure message="story-page-sample.spec.ts:29:7 should load story page successfully" type="FAILURE">
<![CDATA[  [firefox] › story-page-sample.spec.ts:29:7 › Story Page - Stage 2 System Level Tests › should load story page successfully 

    Error: page.goto: NS_ERROR_CONNECTION_REFUSED
    Call log:
      - navigating to "http://localhost:3000/story.html", waiting until "networkidle"


      20 |   test.beforeEach(async ({ page }) => {
      21 |     // Navigate to story page
    > 22 |     await page.goto(storyPageURL, { waitUntil: 'networkidle' });
         |                ^
      23 |   });
      24 |
      25 |   // ============================================
        at /mnt/d/progress/animal forest coding/e2e/story-page-sample.spec.ts:22:16

    attachment #1: screenshot (image/png) ──────────────────────────────────────────────────────────
    ../test-results/story-page-sample-Story-Pa-112ab-oad-story-page-successfully-firefox/test-failed-1.png
    ────────────────────────────────────────────────────────────────────────────────────────────────

    Error Context: ../test-results/story-page-sample-Story-Pa-112ab-oad-story-page-successfully-firefox/error-context.md
]]>
</failure>
<system-out>
<![CDATA[
[[ATTACHMENT|story-page-sample-Story-Pa-112ab-oad-story-page-successfully-firefox/test-failed-1.png]]

[[ATTACHMENT|story-page-sample-Story-Pa-112ab-oad-story-page-successfully-firefox/error-context.md]]
]]>
</system-out>
</testcase>
<testcase name="Story Page - Stage 2 System Level Tests › should display background image correctly" classname="story-page-sample.spec.ts" time="0.7">
<failure message="story-page-sample.spec.ts:49:7 should display background image correctly" type="FAILURE">
<![CDATA[  [firefox] › story-page-sample.spec.ts:49:7 › Story Page - Stage 2 System Level Tests › should display background image correctly 

    Error: page.goto: NS_ERROR_CONNECTION_REFUSED
    Call log:
      - navigating to "http://localhost:3000/story.html", waiting until "networkidle"


      20 |   test.beforeEach(async ({ page }) => {
      21 |     // Navigate to story page
    > 22 |     await page.goto(storyPageURL, { waitUntil: 'networkidle' });
         |                ^
      23 |   });
      24 |
      25 |   // ============================================
        at /mnt/d/progress/animal forest coding/e2e/story-page-sample.spec.ts:22:16

    attachment #1: screenshot (image/png) ──────────────────────────────────────────────────────────
    ../test-results/story-page-sample-Story-Pa-31aec--background-image-correctly-firefox/test-failed-1.png
    ────────────────────────────────────────────────────────────────────────────────────────────────

    Error Context: ../test-results/story-page-sample-Story-Pa-31aec--background-image-correctly-firefox/error-context.md
]]>
</failure>
<system-out>
<![CDATA[
[[ATTACHMENT|story-page-sample-Story-Pa-31aec--background-image-correctly-firefox/test-failed-1.png]]

[[ATTACHMENT|story-page-sample-Story-Pa-31aec--background-image-correctly-firefox/error-context.md]]
]]>
</system-out>
</testcase>
<testcase name="Story Page - Stage 2 System Level Tests › should have IDE editor element available" classname="story-page-sample.spec.ts" time="0.449">
<failure message="story-page-sample.spec.ts:76:7 should have IDE editor element available" type="FAILURE">
<![CDATA[  [firefox] › story-page-sample.spec.ts:76:7 › Story Page - Stage 2 System Level Tests › should have IDE editor element available 

    Error: page.goto: NS_ERROR_CONNECTION_REFUSED
    Call log:
      - navigating to "http://localhost:3000/story.html", waiting until "networkidle"


      20 |   test.beforeEach(async ({ page }) => {
      21 |     // Navigate to story page
    > 22 |     await page.goto(storyPageURL, { waitUntil: 'networkidle' });
         |                ^
      23 |   });
      24 |
      25 |   // ============================================
        at /mnt/d/progress/animal forest coding/e2e/story-page-sample.spec.ts:22:16

    attachment #1: screenshot (image/png) ──────────────────────────────────────────────────────────
    ../test-results/story-page-sample-Story-Pa-240c3-DE-editor-element-available-firefox/test-failed-1.png
    ────────────────────────────────────────────────────────────────────────────────────────────────

    Error Context: ../test-results/story-page-sample-Story-Pa-240c3-DE-editor-element-available-firefox/error-context.md
]]>
</failure>
<system-out>
<![CDATA[
[[ATTACHMENT|story-page-sample-Story-Pa-240c3-DE-editor-element-available-firefox/test-failed-1.png]]

[[ATTACHMENT|story-page-sample-Story-Pa-240c3-DE-editor-element-available-firefox/error-context.md]]
]]>
</system-out>
</testcase>
<testcase name="Story Page - Stage 2 System Level Tests › should have navigation elements" classname="story-page-sample.spec.ts" time="1.364">
<failure message="story-page-sample.spec.ts:96:7 should have navigation elements" type="FAILURE">
<![CDATA[  [firefox] › story-page-sample.spec.ts:96:7 › Story Page - Stage 2 System Level Tests › should have navigation elements 

    Error: page.goto: NS_ERROR_CONNECTION_REFUSED
    Call log:
      - navigating to "http://localhost:3000/story.html", waiting until "networkidle"


      20 |   test.beforeEach(async ({ page }) => {
      21 |     // Navigate to story page
    > 22 |     await page.goto(storyPageURL, { waitUntil: 'networkidle' });
         |                ^
      23 |   });
      24 |
      25 |   // ============================================
        at /mnt/d/progress/animal forest coding/e2e/story-page-sample.spec.ts:22:16

    attachment #1: screenshot (image/png) ──────────────────────────────────────────────────────────
    ../test-results/story-page-sample-Story-Pa-5d4dc-ld-have-navigation-elements-firefox/test-failed-1.png
    ────────────────────────────────────────────────────────────────────────────────────────────────

    Error Context: ../test-results/story-page-sample-Story-Pa-5d4dc-ld-have-navigation-elements-firefox/error-context.md
]]>
</failure>
<system-out>
<![CDATA[
[[ATTACHMENT|story-page-sample-Story-Pa-5d4dc-ld-have-navigation-elements-firefox/test-failed-1.png]]

[[ATTACHMENT|story-page-sample-Story-Pa-5d4dc-ld-have-navigation-elements-firefox/error-context.md]]
]]>
</system-out>
</testcase>
<testcase name="Story Page - Stage 2 System Level Tests › should be responsive to window resize" classname="story-page-sample.spec.ts" time="2.084">
<failure message="story-page-sample.spec.ts:117:7 should be responsive to window resize" type="FAILURE">
<![CDATA[  [firefox] › story-page-sample.spec.ts:117:7 › Story Page - Stage 2 System Level Tests › should be responsive to window resize 

    Error: page.goto: NS_ERROR_CONNECTION_REFUSED
    Call log:
      - navigating to "http://localhost:3000/story.html", waiting until "networkidle"


      20 |   test.beforeEach(async ({ page }) => {
      21 |     // Navigate to story page
    > 22 |     await page.goto(storyPageURL, { waitUntil: 'networkidle' });
         |                ^
      23 |   });
      24 |
      25 |   // ============================================
        at /mnt/d/progress/animal forest coding/e2e/story-page-sample.spec.ts:22:16

    attachment #1: screenshot (image/png) ──────────────────────────────────────────────────────────
    ../test-results/story-page-sample-Story-Pa-238a2-responsive-to-window-resize-firefox/test-failed-1.png
    ────────────────────────────────────────────────────────────────────────────────────────────────

    Error Context: ../test-results/story-page-sample-Story-Pa-238a2-responsive-to-window-resize-firefox/error-context.md
]]>
</failure>
<system-out>
<![CDATA[
[[ATTACHMENT|story-page-sample-Story-Pa-238a2-responsive-to-window-resize-firefox/test-failed-1.png]]

[[ATTACHMENT|story-page-sample-Story-Pa-238a2-responsive-to-window-resize-firefox/error-context.md]]
]]>
</system-out>
</testcase>
<testcase name="Story Page - Stage 2 System Level Tests › should maintain page integrity after interactions" classname="story-page-sample.spec.ts" time="1.915">
<failure message="story-page-sample.spec.ts:142:7 should maintain page integrity after interactions" type="FAILURE">
<![CDATA[  [firefox] › story-page-sample.spec.ts:142:7 › Story Page - Stage 2 System Level Tests › should maintain page integrity after interactions 

    Error: page.goto: NS_ERROR_CONNECTION_REFUSED
    Call log:
      - navigating to "http://localhost:3000/story.html", waiting until "networkidle"


      20 |   test.beforeEach(async ({ page }) => {
      21 |     // Navigate to story page
    > 22 |     await page.goto(storyPageURL, { waitUntil: 'networkidle' });
         |                ^
      23 |   });
      24 |
      25 |   // ============================================
        at /mnt/d/progress/animal forest coding/e2e/story-page-sample.spec.ts:22:16

    attachment #1: screenshot (image/png) ──────────────────────────────────────────────────────────
    ../test-results/story-page-sample-Story-Pa-75cdf-ntegrity-after-interactions-firefox/test-failed-1.png
    ────────────────────────────────────────────────────────────────────────────────────────────────

    Error Context: ../test-results/story-page-sample-Story-Pa-75cdf-ntegrity-after-interactions-firefox/error-context.md
]]>
</failure>
<system-out>
<![CDATA[
[[ATTACHMENT|story-page-sample-Story-Pa-75cdf-ntegrity-after-interactions-firefox/test-failed-1.png]]

[[ATTACHMENT|story-page-sample-Story-Pa-75cdf-ntegrity-after-interactions-firefox/error-context.md]]
]]>
</system-out>
</testcase>
<testcase name="Story Page - Stage 2 System Level Tests › should not have critical console errors on load" classname="story-page-sample.spec.ts" time="0.347">
<failure message="story-page-sample.spec.ts:174:7 should not have critical console errors on load" type="FAILURE">
<![CDATA[  [firefox] › story-page-sample.spec.ts:174:7 › Story Page - Stage 2 System Level Tests › should not have critical console errors on load 

    Error: page.goto: NS_ERROR_CONNECTION_REFUSED
    Call log:
      - navigating to "http://localhost:3000/story.html", waiting until "networkidle"


      20 |   test.beforeEach(async ({ page }) => {
      21 |     // Navigate to story page
    > 22 |     await page.goto(storyPageURL, { waitUntil: 'networkidle' });
         |                ^
      23 |   });
      24 |
      25 |   // ============================================
        at /mnt/d/progress/animal forest coding/e2e/story-page-sample.spec.ts:22:16

    attachment #1: screenshot (image/png) ──────────────────────────────────────────────────────────
    ../test-results/story-page-sample-Story-Pa-f5c10-ical-console-errors-on-load-firefox/test-failed-1.png
    ────────────────────────────────────────────────────────────────────────────────────────────────

    Error Context: ../test-results/story-page-sample-Story-Pa-f5c10-ical-console-errors-on-load-firefox/error-context.md
]]>
</failure>
<system-out>
<![CDATA[
[[ATTACHMENT|story-page-sample-Story-Pa-f5c10-ical-console-errors-on-load-firefox/test-failed-1.png]]

[[ATTACHMENT|story-page-sample-Story-Pa-f5c10-ical-console-errors-on-load-firefox/error-context.md]]
]]>
</system-out>
</testcase>
</testsuite>
<testsuite name="story-page-validated.spec.ts" timestamp="2025-12-04T15:45:49.799Z" hostname="firefox" tests="16" failures="3" skipped="0" time="72.087" errors="0">
<testcase name="Episode 1: Story Page - Complete Validation › ✅ Page loads successfully with all scenes" classname="story-page-validated.spec.ts" time="0.745">
</testcase>
<testcase name="Episode 1: Story Page - Complete Validation › ✅ Scene 1: Opening displays correctly" classname="story-page-validated.spec.ts" time="1.748">
</testcase>
<testcase name="Episode 1: Story Page - Complete Validation › ✅ Scene navigation: Scene 1 → Scene 2" classname="story-page-validated.spec.ts" time="2.099">
</testcase>
<testcase name="Episode 1: Story Page - Complete Validation › ✅ Scene 2: Story content displays with debt amount" classname="story-page-validated.spec.ts" time="1.387">
<failure message="story-page-validated.spec.ts:46:7 ✅ Scene 2: Story content displays with debt amount" type="FAILURE">
<![CDATA[  [firefox] › story-page-validated.spec.ts:46:7 › Episode 1: Story Page - Complete Validation › ✅ Scene 2: Story content displays with debt amount 

    Error: expect(received).toContain(expected) // indexOf

    Expected substring: "49800"
    Received string:    "
                💰 빚과의 만남···························
                    너굴: \"자, 이제 정산을 해야지? 텐트 설치비, 인건비, 스마트폰 지급비, 그리고 섬 정착 수수료를 합치면...\"·········································
                    너굴: \"합계 49,800벨이다구리! 💰 ...뭐? 지금 빈털터리라고? 곤란하네, 곤란해.\"·········································
                    너굴: \"좋아! 내가 특별히 '너굴 뱅크' 대출 계좌를 만들어 주지. 대신, 우리 은행 시스템이 아직 개발 중이라서... 네가 직접 네 계좌 정보를 코딩해서 시스템에 등록해야 해.\"·········································
                    ← 이전
                    다음 →·············
            "

      54 |
      55 |     // Check for debt amount
    > 56 |     expect(text).toContain('49,800') || expect(text).toContain('49800');
         |                                                      ^
      57 |
      58 |     // Check for multiple images
      59 |     const images = scene2.locator('img');
        at /mnt/d/progress/animal forest coding/e2e/story-page-validated.spec.ts:56:54

    attachment #1: screenshot (image/png) ──────────────────────────────────────────────────────────
    ../test-results/story-page-validated-Episo-c84d8-t-displays-with-debt-amount-firefox/test-failed-1.png
    ────────────────────────────────────────────────────────────────────────────────────────────────

    Error Context: ../test-results/story-page-validated-Episo-c84d8-t-displays-with-debt-amount-firefox/error-context.md
]]>
</failure>
<system-out>
<![CDATA[
[[ATTACHMENT|story-page-validated-Episo-c84d8-t-displays-with-debt-amount-firefox/test-failed-1.png]]

[[ATTACHMENT|story-page-validated-Episo-c84d8-t-displays-with-debt-amount-firefox/error-context.md]]
]]>
</system-out>
</testcase>
<testcase name="Episode 1: Story Page - Complete Validation › ✅ Scene 3: Mission preparation" classname="story-page-validated.spec.ts" time="3.618">
</testcase>
<testcase name="Episode 1: Story Page - Complete Validation › ✅ IDE Section: Appears after mission start" classname="story-page-validated.spec.ts" time="4.276">
</testcase>
<testcase name="Episode 1: Story Page - Complete Validation › ✅ Step 1: Code validation - SUCCESS (int loan = 49800)" classname="story-page-validated.spec.ts" time="4.261">
</testcase>
<testcase name="Episode 1: Story Page - Complete Validation › ✅ Step 1: Code validation - FAILURE (missing int)" classname="story-page-validated.spec.ts" time="3.955">
</testcase>
<testcase name="Episode 1: Story Page - Complete Validation › ✅ Step 2: Accessible after Step 1 success" classname="story-page-validated.spec.ts" time="3.434">
</testcase>
<testcase name="Episode 1: Story Page - Complete Validation › ✅ Step 2: Code validation - SUCCESS (double interestRate = 0.05)" classname="story-page-validated.spec.ts" time="30.071">
<failure message="story-page-validated.spec.ts:180:7 ✅ Step 2: Code validation - SUCCESS (double interestRate = 0.05)" type="FAILURE">
<![CDATA[  [firefox] › story-page-validated.spec.ts:180:7 › Episode 1: Story Page - Complete Validation › ✅ Step 2: Code validation - SUCCESS (double interestRate = 0.05) 

    Test timeout of 30000ms exceeded.

    Error: locator.click: Test timeout of 30000ms exceeded.
    Call log:
      - waiting for locator('#mission-2 button:has-text("▶ 코드 実行")').first()


      196 |     await editor2.clear();
      197 |     await editor2.type('int loan = 49800;\ndouble interestRate = 0.05;');
    > 198 |     await page.locator('#mission-2 button:has-text("▶ 코드 実行")').first().click();
          |                                                                         ^
      199 |
      200 |     // Check output for success
      201 |     const output = page.locator('#output-content-step2');
        at /mnt/d/progress/animal forest coding/e2e/story-page-validated.spec.ts:198:73

    attachment #1: screenshot (image/png) ──────────────────────────────────────────────────────────
    ../test-results/story-page-validated-Episo-3a269-S-double-interestRate-0-05--firefox/test-failed-1.png
    ────────────────────────────────────────────────────────────────────────────────────────────────

    Error Context: ../test-results/story-page-validated-Episo-3a269-S-double-interestRate-0-05--firefox/error-context.md
]]>
</failure>
<system-out>
<![CDATA[
[[ATTACHMENT|story-page-validated-Episo-3a269-S-double-interestRate-0-05--firefox/test-failed-1.png]]

[[ATTACHMENT|story-page-validated-Episo-3a269-S-double-interestRate-0-05--firefox/error-context.md]]
]]>
</system-out>
</testcase>
<testcase name="Episode 1: Story Page - Complete Validation › ✅ Step 3: Type casting validation - FAILURE without cast" classname="story-page-validated.spec.ts" time="3.903">
</testcase>
<testcase name="Episode 1: Story Page - Complete Validation › ✅ Step 3: Type casting validation - SUCCESS with cast" classname="story-page-validated.spec.ts" time="3.966">
</testcase>
<testcase name="Episode 1: Story Page - Complete Validation › ✅ Scene 4: Completion screen accessible" classname="story-page-validated.spec.ts" time="3.954">
</testcase>
<testcase name="Episode 1: Story Page - Complete Validation › ✅ Progress bar updates through scenes" classname="story-page-validated.spec.ts" time="0.53">
<failure message="story-page-validated.spec.ts:318:7 ✅ Progress bar updates through scenes" type="FAILURE">
<![CDATA[  [firefox] › story-page-validated.spec.ts:318:7 › Episode 1: Story Page - Complete Validation › ✅ Progress bar updates through scenes 

    Error: expect(received).toBeGreaterThan(expected)

    Expected: > 0
    Received:   0

      325 |     let items = page.locator('.progress-item');
      326 |     let activeCount = await items.locator('.active, .completed').count();
    > 327 |     expect(activeCount).toBeGreaterThan(0);
          |                         ^
      328 |
      329 |     // After navigation
      330 |     await page.locator('[data-scene="1"] button:has-text("다음")').click();
        at /mnt/d/progress/animal forest coding/e2e/story-page-validated.spec.ts:327:25

    attachment #1: screenshot (image/png) ──────────────────────────────────────────────────────────
    ../test-results/story-page-validated-Episo-6babf--bar-updates-through-scenes-firefox/test-failed-1.png
    ────────────────────────────────────────────────────────────────────────────────────────────────

    Error Context: ../test-results/story-page-validated-Episo-6babf--bar-updates-through-scenes-firefox/error-context.md
]]>
</failure>
<system-out>
<![CDATA[
[[ATTACHMENT|story-page-validated-Episo-6babf--bar-updates-through-scenes-firefox/test-failed-1.png]]

[[ATTACHMENT|story-page-validated-Episo-6babf--bar-updates-through-scenes-firefox/error-context.md]]
]]>
</system-out>
</testcase>
<testcase name="Episode 1: Story Page - Complete Validation › ✅ Mobile responsiveness (375px viewport)" classname="story-page-validated.spec.ts" time="0.387">
</testcase>
<testcase name="Episode 1: Story Page - Complete Validation › ✅ Reset button functionality" classname="story-page-validated.spec.ts" time="3.753">
</testcase>
</testsuite>
<testsuite name="story-page.spec.ts" timestamp="2025-12-04T15:45:49.799Z" hostname="firefox" tests="15" failures="13" skipped="0" time="228.431" errors="0">
<testcase name="Episode 1: 너굴 코딩 - 공짜는 없다구리! (Story Page) › ✅ Page loads successfully" classname="story-page.spec.ts" time="0.391">
</testcase>
<testcase name="Episode 1: 너굴 코딩 - 공짜는 없다구리! (Story Page) › ✅ Scene 1: Opening cutscene displays correctly" classname="story-page.spec.ts" time="30.196">
<failure message="story-page.spec.ts:25:7 ✅ Scene 1: Opening cutscene displays correctly" type="FAILURE">
<![CDATA[  [firefox] › story-page.spec.ts:25:7 › Episode 1: 너굴 코딩 - 공짜는 없다구리! (Story Page) › ✅ Scene 1: Opening cutscene displays correctly 

    Test timeout of 30000ms exceeded.

    Error: locator.textContent: Test timeout of 30000ms exceeded.
    Call log:
      - waiting for locator('[data-scene="1"]').locator('.dialogue')


      36 |     // Check for Nook dialogue
      37 |     const dialogue = scene1.locator('.dialogue');
    > 38 |     const dialogueText = await dialogue.textContent();
         |                                         ^
      39 |     expect(dialogueText).toContain('너굴');
      40 |
      41 |     // "다음" button should be visible
        at /mnt/d/progress/animal forest coding/e2e/story-page.spec.ts:38:41

    attachment #1: screenshot (image/png) ──────────────────────────────────────────────────────────
    ../test-results/story-page-Episode-1-너굴-코딩-75960-cutscene-displays-correctly-firefox/test-failed-1.png
    ────────────────────────────────────────────────────────────────────────────────────────────────

    Error Context: ../test-results/story-page-Episode-1-너굴-코딩-75960-cutscene-displays-correctly-firefox/error-context.md
]]>
</failure>
<system-out>
<![CDATA[
[[ATTACHMENT|story-page-Episode-1-너굴-코딩-75960-cutscene-displays-correctly-firefox/test-failed-1.png]]

[[ATTACHMENT|story-page-Episode-1-너굴-코딩-75960-cutscene-displays-correctly-firefox/error-context.md]]
]]>
</system-out>
</testcase>
<testcase name="Episode 1: 너굴 코딩 - 공짜는 없다구리! (Story Page) › ✅ Scene 1 → Scene 2: Navigation works" classname="story-page.spec.ts" time="1.37">
<failure message="story-page.spec.ts:46:7 ✅ Scene 1 → Scene 2: Navigation works" type="FAILURE">
<![CDATA[  [firefox] › story-page.spec.ts:46:7 › Episode 1: 너굴 코딩 - 공짜는 없다구리! (Story Page) › ✅ Scene 1 → Scene 2: Navigation works 

    Error: locator.textContent: Error: strict mode violation: locator('[data-scene="2"]').locator('.dialogue') resolved to 3 elements:
        1) <div class="dialogue">…</div> aka getByText('너굴: "자, 이제 정산을 해야지? 텐트 설치비, 인건비, 스마트폰 지급비, 그리고 섬 정착 수수료를 합치면..."')
        2) <div class="dialogue">…</div> aka getByText('너굴: "합계 49,800')
        ...

    Call log:
      - waiting for locator('[data-scene="2"]').locator('.dialogue')


      65 |     // Check for Nook dialogue about debt
      66 |     const dialogue = scene2.locator('.dialogue');
    > 67 |     const dialogueText = await dialogue.textContent();
         |                                         ^
      68 |     expect(dialogueText?.toUpperCase()).toContain('벨');
      69 |   });
      70 |
        at /mnt/d/progress/animal forest coding/e2e/story-page.spec.ts:67:41

    attachment #1: screenshot (image/png) ──────────────────────────────────────────────────────────
    ../test-results/story-page-Episode-1-너굴-코딩-a9a89--→-Scene-2-Navigation-works-firefox/test-failed-1.png
    ────────────────────────────────────────────────────────────────────────────────────────────────

    Error Context: ../test-results/story-page-Episode-1-너굴-코딩-a9a89--→-Scene-2-Navigation-works-firefox/error-context.md
]]>
</failure>
<system-out>
<![CDATA[
[[ATTACHMENT|story-page-Episode-1-너굴-코딩-a9a89--→-Scene-2-Navigation-works-firefox/test-failed-1.png]]

[[ATTACHMENT|story-page-Episode-1-너굴-코딩-a9a89--→-Scene-2-Navigation-works-firefox/error-context.md]]
]]>
</system-out>
</testcase>
<testcase name="Episode 1: 너굴 코딩 - 공짜는 없다구리! (Story Page) › ✅ Scene 2: Story progression with multiple images" classname="story-page.spec.ts" time="1.371">
<failure message="story-page.spec.ts:71:7 ✅ Scene 2: Story progression with multiple images" type="FAILURE">
<![CDATA[  [firefox] › story-page.spec.ts:71:7 › Episode 1: 너굴 코딩 - 공짜는 없다구리! (Story Page) › ✅ Scene 2: Story progression with multiple images 

    Error: expect(received).toContain(expected) // indexOf

    Expected substring: "49800"
    Received string:    "
                💰 빚과의 만남···························
                    너굴: \"자, 이제 정산을 해야지? 텐트 설치비, 인건비, 스마트폰 지급비, 그리고 섬 정착 수수료를 합치면...\"·········································
                    너굴: \"합계 49,800벨이다구리! 💰 ...뭐? 지금 빈털터리라고? 곤란하네, 곤란해.\"·········································
                    너굴: \"좋아! 내가 특별히 '너굴 뱅크' 대출 계좌를 만들어 주지. 대신, 우리 은행 시스템이 아직 개발 중이라서... 네가 직접 네 계좌 정보를 코딩해서 시스템에 등록해야 해.\"·········································
                    ← 이전
                    다음 →·············
            "

      87 |     // Verify 49,800 벨 debt is mentioned
      88 |     const scene2Text = await scene2.textContent();
    > 89 |     expect(scene2Text).toContain('49,800') || expect(scene2Text).toContain('49800');
         |                                                                  ^
      90 |   });
      91 |
      92 |   test('✅ Scene 3: Mission preparation displays', async ({ page }) => {
        at /mnt/d/progress/animal forest coding/e2e/story-page.spec.ts:89:66

    attachment #1: screenshot (image/png) ──────────────────────────────────────────────────────────
    ../test-results/story-page-Episode-1-너굴-코딩-58a84-ession-with-multiple-images-firefox/test-failed-1.png
    ────────────────────────────────────────────────────────────────────────────────────────────────

    Error Context: ../test-results/story-page-Episode-1-너굴-코딩-58a84-ession-with-multiple-images-firefox/error-context.md
]]>
</failure>
<system-out>
<![CDATA[
[[ATTACHMENT|story-page-Episode-1-너굴-코딩-58a84-ession-with-multiple-images-firefox/test-failed-1.png]]

[[ATTACHMENT|story-page-Episode-1-너굴-코딩-58a84-ession-with-multiple-images-firefox/error-context.md]]
]]>
</system-out>
</testcase>
<testcase name="Episode 1: 너굴 코딩 - 공짜는 없다구리! (Story Page) › ✅ Scene 3: Mission preparation displays" classname="story-page.spec.ts" time="2.291">
</testcase>
<testcase name="Episode 1: 너굴 코딩 - 공짜는 없다구리! (Story Page) › ✅ IDE Section: Becomes active after mission start" classname="story-page.spec.ts" time="3.973">
<failure message="story-page.spec.ts:117:7 ✅ IDE Section: Becomes active after mission start" type="FAILURE">
<![CDATA[  [firefox] › story-page.spec.ts:117:7 › Episode 1: 너굴 코딩 - 공짜는 없다구리! (Story Page) › ✅ IDE Section: Becomes active after mission start 

    Error: expect(locator).toBeVisible() failed

    Locator: locator('text=Step 1')
    Expected: visible
    Error: strict mode violation: locator('text=Step 1') resolved to 2 elements:
        1) <div class="step-counter">Step 1/3: 빚(Loan) 변수 선언</div> aka getByText('Step 1/3: 빚(Loan) 변수 선언')
        2) <label>Step 1의 코드에 이자율을 추가하세요:</label> aka getByText('Step 1의 코드에 이자율을 추가하세요:')

    Call log:
      - Expect "toBeVisible" with timeout 5000ms
      - waiting for locator('text=Step 1')


      138 |     // Step 1 mission should be visible
      139 |     const step1Title = page.locator('text=Step 1');
    > 140 |     await expect(step1Title).toBeVisible();
          |                              ^
      141 |   });
      142 |
      143 |   test('✅ IDE Step 1: Code validation - Success case', async ({ page }) => {
        at /mnt/d/progress/animal forest coding/e2e/story-page.spec.ts:140:30

    attachment #1: screenshot (image/png) ──────────────────────────────────────────────────────────
    ../test-results/story-page-Episode-1-너굴-코딩-646c5--active-after-mission-start-firefox/test-failed-1.png
    ────────────────────────────────────────────────────────────────────────────────────────────────

    Error Context: ../test-results/story-page-Episode-1-너굴-코딩-646c5--active-after-mission-start-firefox/error-context.md
]]>
</failure>
<system-out>
<![CDATA[
[[ATTACHMENT|story-page-Episode-1-너굴-코딩-646c5--active-after-mission-start-firefox/test-failed-1.png]]

[[ATTACHMENT|story-page-Episode-1-너굴-코딩-646c5--active-after-mission-start-firefox/error-context.md]]
]]>
</system-out>
</testcase>
<testcase name="Episode 1: 너굴 코딩 - 공짜는 없다구리! (Story Page) › ✅ IDE Step 1: Code validation - Success case" classname="story-page.spec.ts" time="30.113">
<failure message="story-page.spec.ts:143:7 ✅ IDE Step 1: Code validation - Success case" type="FAILURE">
<![CDATA[  [firefox] › story-page.spec.ts:143:7 › Episode 1: 너굴 코딩 - 공짜는 없다구리! (Story Page) › ✅ IDE Step 1: Code validation - Success case 

    Test timeout of 30000ms exceeded.

    Error: locator.fill: Test timeout of 30000ms exceeded.
    Call log:
      - waiting for locator('#editor1')


      159 |     // Find and fill the Step 1 editor
      160 |     const editor1 = page.locator('#editor1');
    > 161 |     await editor1.fill('int loan = 49800;');
          |                   ^
      162 |
      163 |     // Click run button for Step 1
      164 |     const runBtn1 = page.locator('button:has-text("▶ 코드 실행"):near(#editor1)').first();
        at /mnt/d/progress/animal forest coding/e2e/story-page.spec.ts:161:19

    attachment #1: screenshot (image/png) ──────────────────────────────────────────────────────────
    ../test-results/story-page-Episode-1-너굴-코딩-e7a84-e-validation---Success-case-firefox/test-failed-1.png
    ────────────────────────────────────────────────────────────────────────────────────────────────

    Error Context: ../test-results/story-page-Episode-1-너굴-코딩-e7a84-e-validation---Success-case-firefox/error-context.md
]]>
</failure>
<system-out>
<![CDATA[
[[ATTACHMENT|story-page-Episode-1-너굴-코딩-e7a84-e-validation---Success-case-firefox/test-failed-1.png]]

[[ATTACHMENT|story-page-Episode-1-너굴-코딩-e7a84-e-validation---Success-case-firefox/error-context.md]]
]]>
</system-out>
</testcase>
<testcase name="Episode 1: 너굴 코딩 - 공짜는 없다구리! (Story Page) › ✅ IDE Step 1: Code validation - Failure case (missing declaration)" classname="story-page.spec.ts" time="30.081">
<failure message="story-page.spec.ts:177:7 ✅ IDE Step 1: Code validation - Failure case (missing declaration)" type="FAILURE">
<![CDATA[  [firefox] › story-page.spec.ts:177:7 › Episode 1: 너굴 코딩 - 공짜는 없다구리! (Story Page) › ✅ IDE Step 1: Code validation - Failure case (missing declaration) 

    Test timeout of 30000ms exceeded.

    Error: locator.fill: Test timeout of 30000ms exceeded.
    Call log:
      - waiting for locator('#editor1')


      193 |     // Enter invalid code (missing "int" keyword)
      194 |     const editor1 = page.locator('#editor1');
    > 195 |     await editor1.fill('loan = 49800;');
          |                   ^
      196 |
      197 |     // Click run button
      198 |     const runBtn1 = page.locator('button:has-text("▶ 코드 실행"):near(#editor1)').first();
        at /mnt/d/progress/animal forest coding/e2e/story-page.spec.ts:195:19

    attachment #1: screenshot (image/png) ──────────────────────────────────────────────────────────
    ../test-results/story-page-Episode-1-너굴-코딩-5d80d-e-case-missing-declaration--firefox/test-failed-1.png
    ────────────────────────────────────────────────────────────────────────────────────────────────

    Error Context: ../test-results/story-page-Episode-1-너굴-코딩-5d80d-e-case-missing-declaration--firefox/error-context.md
]]>
</failure>
<system-out>
<![CDATA[
[[ATTACHMENT|story-page-Episode-1-너굴-코딩-5d80d-e-case-missing-declaration--firefox/test-failed-1.png]]

[[ATTACHMENT|story-page-Episode-1-너굴-코딩-5d80d-e-case-missing-declaration--firefox/error-context.md]]
]]>
</system-out>
</testcase>
<testcase name="Episode 1: 너굴 코딩 - 공짜는 없다구리! (Story Page) › ✅ IDE Step 2: Code validation - Success case" classname="story-page.spec.ts" time="30.161">
<failure message="story-page.spec.ts:211:7 ✅ IDE Step 2: Code validation - Success case" type="FAILURE">
<![CDATA[  [firefox] › story-page.spec.ts:211:7 › Episode 1: 너굴 코딩 - 공짜는 없다구리! (Story Page) › ✅ IDE Step 2: Code validation - Success case 

    Test timeout of 30000ms exceeded.

    Error: locator.fill: Test timeout of 30000ms exceeded.
    Call log:
      - waiting for locator('#editor1')


      227 |     // Complete Step 1
      228 |     const editor1 = page.locator('#editor1');
    > 229 |     await editor1.fill('int loan = 49800;');
          |                   ^
      230 |     const runBtn1 = page.locator('button:has-text("▶ 코드 실행"):near(#editor1)').first();
      231 |     await runBtn1.click();
      232 |
        at /mnt/d/progress/animal forest coding/e2e/story-page.spec.ts:229:19

    attachment #1: screenshot (image/png) ──────────────────────────────────────────────────────────
    ../test-results/story-page-Episode-1-너굴-코딩-04049-e-validation---Success-case-firefox/test-failed-1.png
    ────────────────────────────────────────────────────────────────────────────────────────────────

    Error Context: ../test-results/story-page-Episode-1-너굴-코딩-04049-e-validation---Success-case-firefox/error-context.md
]]>
</failure>
<system-out>
<![CDATA[
[[ATTACHMENT|story-page-Episode-1-너굴-코딩-04049-e-validation---Success-case-firefox/test-failed-1.png]]

[[ATTACHMENT|story-page-Episode-1-너굴-코딩-04049-e-validation---Success-case-firefox/error-context.md]]
]]>
</system-out>
</testcase>
<testcase name="Episode 1: 너굴 코딩 - 공짜는 없다구리! (Story Page) › ✅ IDE Step 3: Type casting validation - Failure without cast" classname="story-page.spec.ts" time="30.226">
<failure message="story-page.spec.ts:256:7 ✅ IDE Step 3: Type casting validation - Failure without cast" type="FAILURE">
<![CDATA[  [firefox] › story-page.spec.ts:256:7 › Episode 1: 너굴 코딩 - 공짜는 없다구리! (Story Page) › ✅ IDE Step 3: Type casting validation - Failure without cast 

    Test timeout of 30000ms exceeded.

    Error: locator.fill: Test timeout of 30000ms exceeded.
    Call log:
      - waiting for locator('#editor1')


      272 |     // Complete Steps 1 & 2
      273 |     const editor1 = page.locator('#editor1');
    > 274 |     await editor1.fill('int loan = 49800;');
          |                   ^
      275 |     let runBtn = page.locator('button:has-text("▶ 코드 실행"):near(#editor1)').first();
      276 |     await runBtn.click();
      277 |
        at /mnt/d/progress/animal forest coding/e2e/story-page.spec.ts:274:19

    attachment #1: screenshot (image/png) ──────────────────────────────────────────────────────────
    ../test-results/story-page-Episode-1-너굴-코딩-de6db-tion---Failure-without-cast-firefox/test-failed-1.png
    ────────────────────────────────────────────────────────────────────────────────────────────────

    Error Context: ../test-results/story-page-Episode-1-너굴-코딩-de6db-tion---Failure-without-cast-firefox/error-context.md
]]>
</failure>
<system-out>
<![CDATA[
[[ATTACHMENT|story-page-Episode-1-너굴-코딩-de6db-tion---Failure-without-cast-firefox/test-failed-1.png]]

[[ATTACHMENT|story-page-Episode-1-너굴-코딩-de6db-tion---Failure-without-cast-firefox/error-context.md]]
]]>
</system-out>
</testcase>
<testcase name="Episode 1: 너굴 코딩 - 공짜는 없다구리! (Story Page) › ✅ IDE Step 3: Type casting validation - Success with cast" classname="story-page.spec.ts" time="30.149">
<failure message="story-page.spec.ts:306:7 ✅ IDE Step 3: Type casting validation - Success with cast" type="FAILURE">
<![CDATA[  [firefox] › story-page.spec.ts:306:7 › Episode 1: 너굴 코딩 - 공짜는 없다구리! (Story Page) › ✅ IDE Step 3: Type casting validation - Success with cast 

    Test timeout of 30000ms exceeded.

    Error: locator.fill: Test timeout of 30000ms exceeded.
    Call log:
      - waiting for locator('#editor1')


      322 |     // Complete Steps 1 & 2
      323 |     const editor1 = page.locator('#editor1');
    > 324 |     await editor1.fill('int loan = 49800;');
          |                   ^
      325 |     let runBtn = page.locator('button:has-text("▶ 코드 실행"):near(#editor1)').first();
      326 |     await runBtn.click();
      327 |
        at /mnt/d/progress/animal forest coding/e2e/story-page.spec.ts:324:19

    attachment #1: screenshot (image/png) ──────────────────────────────────────────────────────────
    ../test-results/story-page-Episode-1-너굴-코딩-a3481-idation---Success-with-cast-firefox/test-failed-1.png
    ────────────────────────────────────────────────────────────────────────────────────────────────

    Error Context: ../test-results/story-page-Episode-1-너굴-코딩-a3481-idation---Success-with-cast-firefox/error-context.md
]]>
</failure>
<system-out>
<![CDATA[
[[ATTACHMENT|story-page-Episode-1-너굴-코딩-a3481-idation---Success-with-cast-firefox/test-failed-1.png]]

[[ATTACHMENT|story-page-Episode-1-너굴-코딩-a3481-idation---Success-with-cast-firefox/error-context.md]]
]]>
</system-out>
</testcase>
<testcase name="Episode 1: 너굴 코딩 - 공짜는 없다구리! (Story Page) › ✅ Progress bar updates correctly" classname="story-page.spec.ts" time="1.244">
<failure message="story-page.spec.ts:353:7 ✅ Progress bar updates correctly" type="FAILURE">
<![CDATA[  [firefox] › story-page.spec.ts:353:7 › Episode 1: 너굴 코딩 - 공짜는 없다구리! (Story Page) › ✅ Progress bar updates correctly 

    Error: expect(received).toContain(expected) // indexOf

    Expected substring: "1"
    Received string:    "·································································
            "

      360 |     // Progress should show we're at step 1
      361 |     const progressText1 = await progressBar.textContent();
    > 362 |     expect(progressText1).toContain('1');
          |                           ^
      363 |
      364 |     // Navigate to Scene 2
      365 |     const scene1 = page.locator('[data-scene="1"]');
        at /mnt/d/progress/animal forest coding/e2e/story-page.spec.ts:362:27

    attachment #1: screenshot (image/png) ──────────────────────────────────────────────────────────
    ../test-results/story-page-Episode-1-너굴-코딩-a9783-gress-bar-updates-correctly-firefox/test-failed-1.png
    ────────────────────────────────────────────────────────────────────────────────────────────────

    Error Context: ../test-results/story-page-Episode-1-너굴-코딩-a9783-gress-bar-updates-correctly-firefox/error-context.md
]]>
</failure>
<system-out>
<![CDATA[
[[ATTACHMENT|story-page-Episode-1-너굴-코딩-a9783-gress-bar-updates-correctly-firefox/test-failed-1.png]]

[[ATTACHMENT|story-page-Episode-1-너굴-코딩-a9783-gress-bar-updates-correctly-firefox/error-context.md]]
]]>
</system-out>
</testcase>
<testcase name="Episode 1: 너굴 코딩 - 공짜는 없다구리! (Story Page) › ✅ Responsive design on mobile viewport" classname="story-page.spec.ts" time="1.182">
<failure message="story-page.spec.ts:375:7 ✅ Responsive design on mobile viewport" type="FAILURE">
<![CDATA[  [firefox] › story-page.spec.ts:375:7 › Episode 1: 너굴 코딩 - 공짜는 없다구리! (Story Page) › ✅ Responsive design on mobile viewport 

    Error: expect(received).toMatch(expected)

    Expected pattern: /1fr/
    Received string:  "335px"

      386 |
      387 |     // On mobile, should be 1 column
    > 388 |     expect(computedStyle).toMatch(/1fr/) || expect(computedStyle).not.toContain(' ');
          |                           ^
      389 |
      390 |     // Verify content is still visible
      391 |     const scene1 = page.locator('[data-scene="1"]');
        at /mnt/d/progress/animal forest coding/e2e/story-page.spec.ts:388:27

    attachment #1: screenshot (image/png) ──────────────────────────────────────────────────────────
    ../test-results/story-page-Episode-1-너굴-코딩-f8126-e-design-on-mobile-viewport-firefox/test-failed-1.png
    ────────────────────────────────────────────────────────────────────────────────────────────────

    Error Context: ../test-results/story-page-Episode-1-너굴-코딩-f8126-e-design-on-mobile-viewport-firefox/error-context.md
]]>
</failure>
<system-out>
<![CDATA[
[[ATTACHMENT|story-page-Episode-1-너굴-코딩-f8126-e-design-on-mobile-viewport-firefox/test-failed-1.png]]

[[ATTACHMENT|story-page-Episode-1-너굴-코딩-f8126-e-design-on-mobile-viewport-firefox/error-context.md]]
]]>
</system-out>
</testcase>
<testcase name="Episode 1: 너굴 코딩 - 공짜는 없다구리! (Story Page) › ✅ All episode images load successfully" classname="story-page.spec.ts" time="5.55">
<failure message="story-page.spec.ts:400:7 ✅ All episode images load successfully" type="FAILURE">
<![CDATA[  [firefox] › story-page.spec.ts:400:7 › Episode 1: 너굴 코딩 - 공짜는 없다구리! (Story Page) › ✅ All episode images load successfully 

    Error: expect(received).toBeGreaterThan(expected)

    Expected: > 0
    Received:   0

      428 |
      429 |     // Verify at least some images loaded
    > 430 |     expect(loadedImages.length).toBeGreaterThan(0);
          |                                 ^
      431 |   });
      432 |
      433 |   test('✅ Scene 4: Completion screen displays after Step 3 success', async ({ page }) => {
        at /mnt/d/progress/animal forest coding/e2e/story-page.spec.ts:430:33

    attachment #1: screenshot (image/png) ──────────────────────────────────────────────────────────
    ../test-results/story-page-Episode-1-너굴-코딩-67ea5-de-images-load-successfully-firefox/test-failed-1.png
    ────────────────────────────────────────────────────────────────────────────────────────────────

    Error Context: ../test-results/story-page-Episode-1-너굴-코딩-67ea5-de-images-load-successfully-firefox/error-context.md
]]>
</failure>
<system-out>
<![CDATA[
[[ATTACHMENT|story-page-Episode-1-너굴-코딩-67ea5-de-images-load-successfully-firefox/test-failed-1.png]]

[[ATTACHMENT|story-page-Episode-1-너굴-코딩-67ea5-de-images-load-successfully-firefox/error-context.md]]
]]>
</system-out>
</testcase>
<testcase name="Episode 1: 너굴 코딩 - 공짜는 없다구리! (Story Page) › ✅ Scene 4: Completion screen displays after Step 3 success" classname="story-page.spec.ts" time="30.133">
<failure message="story-page.spec.ts:433:7 ✅ Scene 4: Completion screen displays after Step 3 success" type="FAILURE">
<![CDATA[  [firefox] › story-page.spec.ts:433:7 › Episode 1: 너굴 코딩 - 공짜는 없다구리! (Story Page) › ✅ Scene 4: Completion screen displays after Step 3 success 

    Test timeout of 30000ms exceeded.

    Error: locator.fill: Test timeout of 30000ms exceeded.
    Call log:
      - waiting for locator('#editor1')


      449 |     // Complete Step 1
      450 |     const editor1 = page.locator('#editor1');
    > 451 |     await editor1.fill('int loan = 49800;');
          |                   ^
      452 |     let runBtn = page.locator('button:has-text("▶ 코드 실행"):near(#editor1)').first();
      453 |     await runBtn.click();
      454 |     let nextStepBtn = page.locator('button:has-text("다음 단계 →")').first();
        at /mnt/d/progress/animal forest coding/e2e/story-page.spec.ts:451:19

    attachment #1: screenshot (image/png) ──────────────────────────────────────────────────────────
    ../test-results/story-page-Episode-1-너굴-코딩-08a30-splays-after-Step-3-success-firefox/test-failed-1.png
    ────────────────────────────────────────────────────────────────────────────────────────────────

    Error Context: ../test-results/story-page-Episode-1-너굴-코딩-08a30-splays-after-Step-3-success-firefox/error-context.md
]]>
</failure>
<system-out>
<![CDATA[
[[ATTACHMENT|story-page-Episode-1-너굴-코딩-08a30-splays-after-Step-3-success-firefox/test-failed-1.png]]

[[ATTACHMENT|story-page-Episode-1-너굴-코딩-08a30-splays-after-Step-3-success-firefox/error-context.md]]
]]>
</system-out>
</testcase>
</testsuite>
<testsuite name="complete-flow.spec.ts" timestamp="2025-12-04T15:45:49.799Z" hostname="webkit" tests="12" failures="2" skipped="0" time="66.598" errors="0">
<testcase name="Complete App Flow - EntryPage → LoginPage → StoryPage › E2E-1: EntryPage should display title and start button" classname="complete-flow.spec.ts" time="2.45">
<system-out>
<![CDATA[✅ EntryPage: 타이틀과 시작 버튼 표시 완료
]]>
</system-out>
</testcase>
<testcase name="Complete App Flow - EntryPage → LoginPage → StoryPage › E2E-2: Click start button and navigate to LoginPage" classname="complete-flow.spec.ts" time="2.151">
<system-out>
<![CDATA[✅ EntryPage 클릭 후 이동: http://localhost:3002/story
]]>
</system-out>
</testcase>
<testcase name="Complete App Flow - EntryPage → LoginPage → StoryPage › E2E-3: LoginPage form and login functionality" classname="complete-flow.spec.ts" time="6.351">
<failure message="complete-flow.spec.ts:40:7 E2E-3: LoginPage form and login functionality" type="FAILURE">
<![CDATA[  [webkit] › complete-flow.spec.ts:40:7 › Complete App Flow - EntryPage → LoginPage → StoryPage › E2E-3: LoginPage form and login functionality 

    Error: expect(locator).toBeVisible() failed

    Locator: locator('button').filter({ hasText: '로그인' }).first()
    Expected: visible
    Timeout: 5000ms
    Error: element(s) not found

    Call log:
      - Expect "toBeVisible" with timeout 5000ms
      - waiting for locator('button').filter({ hasText: '로그인' }).first()


      48 |     await expect(usernameInput).toBeVisible();
      49 |     await expect(passwordInput).toBeVisible();
    > 50 |     await expect(loginButton).toBeVisible();
         |                               ^
      51 |
      52 |     // 입력값 채우기
      53 |     await usernameInput.fill('testuser');
        at /mnt/d/progress/animal forest coding/e2e/complete-flow.spec.ts:50:31

    attachment #1: screenshot (image/png) ──────────────────────────────────────────────────────────
    ../test-results/complete-flow-Complete-App-9f170-orm-and-login-functionality-webkit/test-failed-1.png
    ────────────────────────────────────────────────────────────────────────────────────────────────

    Error Context: ../test-results/complete-flow-Complete-App-9f170-orm-and-login-functionality-webkit/error-context.md
]]>
</failure>
<system-out>
<![CDATA[
[[ATTACHMENT|complete-flow-Complete-App-9f170-orm-and-login-functionality-webkit/test-failed-1.png]]

[[ATTACHMENT|complete-flow-Complete-App-9f170-orm-and-login-functionality-webkit/error-context.md]]
]]>
</system-out>
</testcase>
<testcase name="Complete App Flow - EntryPage → LoginPage → StoryPage › E2E-4: Navigate to StoryPage after login" classname="complete-flow.spec.ts" time="30.328">
<failure message="complete-flow.spec.ts:62:7 E2E-4: Navigate to StoryPage after login" type="FAILURE">
<![CDATA[  [webkit] › complete-flow.spec.ts:62:7 › Complete App Flow - EntryPage → LoginPage → StoryPage › E2E-4: Navigate to StoryPage after login 

    Test timeout of 30000ms exceeded.

    Error: locator.click: Test timeout of 30000ms exceeded.
    Call log:
      - waiting for locator('button').filter({ hasText: '로그인' }).first()


      70 |     await usernameInput.fill('testuser');
      71 |     await passwordInput.fill('testpass');
    > 72 |     await loginButton.click();
         |                       ^
      73 |
      74 |     // StoryPage로 이동 대기
      75 |     await page.waitForURL(/story/, { timeout: 5000 });
        at /mnt/d/progress/animal forest coding/e2e/complete-flow.spec.ts:72:23

    attachment #1: screenshot (image/png) ──────────────────────────────────────────────────────────
    ../test-results/complete-flow-Complete-App-bb6fb-te-to-StoryPage-after-login-webkit/test-failed-1.png
    ────────────────────────────────────────────────────────────────────────────────────────────────

    Error Context: ../test-results/complete-flow-Complete-App-bb6fb-te-to-StoryPage-after-login-webkit/error-context.md
]]>
</failure>
<system-out>
<![CDATA[
[[ATTACHMENT|complete-flow-Complete-App-bb6fb-te-to-StoryPage-after-login-webkit/test-failed-1.png]]

[[ATTACHMENT|complete-flow-Complete-App-bb6fb-te-to-StoryPage-after-login-webkit/error-context.md]]
]]>
</system-out>
</testcase>
<testcase name="Complete App Flow - EntryPage → LoginPage → StoryPage › E2E-5: StoryPage displays Scene 1 with img1.jpg" classname="complete-flow.spec.ts" time="2.094">
<system-out>
<![CDATA[✅ StoryPage Scene 1: img1.jpg 배경 확인 완료
]]>
</system-out>
</testcase>
<testcase name="Complete App Flow - EntryPage → LoginPage → StoryPage › E2E-6: Text typing animation" classname="complete-flow.spec.ts" time="2.981">
<system-out>
<![CDATA[초기 텍스트 길이: 5
1초 후 텍스트 길이: 14
✅ 텍스트 타이핑 애니메이션 작동 중
]]>
</system-out>
</testcase>
<testcase name="Complete App Flow - EntryPage → LoginPage → StoryPage › E2E-7: Next button progresses dialogue" classname="complete-flow.spec.ts" time="2.076">
<system-out>
<![CDATA[초기 진행도: 1 / 2 (1 / 5)
진행도 변경 후: 1 / 2 (2 / 5)
✅ 다음 버튼으로 대사 진행 완료
]]>
</system-out>
</testcase>
<testcase name="Complete App Flow - EntryPage → LoginPage → StoryPage › E2E-8: Scene transitions from Scene 1 to Scene 2" classname="complete-flow.spec.ts" time="3.732">
<system-out>
<![CDATA[✅ Scene 1 → Scene 2 전환 완료, img2.jpg 확인
]]>
</system-out>
</testcase>
<testcase name="Complete App Flow - EntryPage → LoginPage → StoryPage › E2E-9: Complete story and navigate to IDE" classname="complete-flow.spec.ts" time="4.429">
<system-out>
<![CDATA[✅ 스토리 완료 → IDE 페이지 이동 완료
]]>
</system-out>
</testcase>
<testcase name="Complete App Flow - EntryPage → LoginPage → StoryPage › E2E-10: Skip button navigates directly to IDE" classname="complete-flow.spec.ts" time="1.875">
<system-out>
<![CDATA[✅ 스킵 버튼으로 IDE 직접 이동 완료
]]>
</system-out>
</testcase>
<testcase name="Complete App Flow - EntryPage → LoginPage → StoryPage › E2E-11: Responsive design on mobile viewport" classname="complete-flow.spec.ts" time="2.262">
<system-out>
<![CDATA[✅ 모바일 반응형 디자인 확인 완료
]]>
</system-out>
</testcase>
<testcase name="Complete App Flow - EntryPage → LoginPage → StoryPage › E2E-12: Complete flow from Entry to IDE" classname="complete-flow.spec.ts" time="5.869">
<system-out>
<![CDATA[
========== 완전한 플로우 테스트 시작 ==========
1️⃣ EntryPage 도착
2️⃣ 시작 버튼 클릭
3️⃣ EntryPage에서 직접 StoryPage로 이동
5️⃣ StoryPage 도착 - Tom Nook 표시
6️⃣ Scene 1: img1.jpg 배경 확인
7️⃣ Scene 1 대사 진행 (5개)
8️⃣ Scene 2: img2.jpg 배경 확인
9️⃣ Scene 2 대사 진행 (6개)
🔟 IDE 페이지 도착

========== ✅ 완전한 플로우 테스트 완료! ==========

]]>
</system-out>
</testcase>
</testsuite>
<testsuite name="comprehensive.e2e.spec.ts" timestamp="2025-12-04T15:45:49.799Z" hostname="webkit" tests="36" failures="12" skipped="0" time="16.098" errors="0">
<testcase name="E2E Tests - 사용자 시나리오 › 1. API 헬스 체크 › should access API health endpoint" classname="comprehensive.e2e.spec.ts" time="0.443">
</testcase>
<testcase name="E2E Tests - 사용자 시나리오 › 1. API 헬스 체크 › should have all services available" classname="comprehensive.e2e.spec.ts" time="0.468">
</testcase>
<testcase name="E2E Tests - 사용자 시나리오 › 2. 캐릭터 및 콘텐츠 로딩 › should fetch characters successfully" classname="comprehensive.e2e.spec.ts" time="0.422">
</testcase>
<testcase name="E2E Tests - 사용자 시나리오 › 2. 캐릭터 및 콘텐츠 로딩 › should fetch topics successfully" classname="comprehensive.e2e.spec.ts" time="0.424">
</testcase>
<testcase name="E2E Tests - 사용자 시나리오 › 2. 캐릭터 및 콘텐츠 로딩 › should fetch content for valid character and topic" classname="comprehensive.e2e.spec.ts" time="0.431">
</testcase>
<testcase name="E2E Tests - 사용자 시나리오 › 2. 캐릭터 및 콘텐츠 로딩 › should search content" classname="comprehensive.e2e.spec.ts" time="0.439">
</testcase>
<testcase name="E2E Tests - 사용자 시나리오 › 3. 페이지 로딩 및 렌더링 › should load frontend homepage" classname="comprehensive.e2e.spec.ts" time="0.494">
<failure message="comprehensive.e2e.spec.ts:107:9 should load frontend homepage" type="FAILURE">
<![CDATA[  [webkit] › comprehensive.e2e.spec.ts:107:9 › E2E Tests - 사용자 시나리오 › 3. 페이지 로딩 및 렌더링 › should load frontend homepage 

    Error: page.goto: Could not connect to localhost: Connection refused
    Call log:
      - navigating to "http://localhost:3000/", waiting until "load"


      106 |   test.describe('3. 페이지 로딩 및 렌더링', () => {
      107 |     test('should load frontend homepage', async ({ page }) => {
    > 108 |       await page.goto(BASE_URL);
          |                  ^
      109 |
      110 |       // 페이지가 로드되었는지 확인
      111 |       expect(page.url()).toContain(BASE_URL);
        at /mnt/d/progress/animal forest coding/e2e/comprehensive.e2e.spec.ts:108:18

    attachment #1: screenshot (image/png) ──────────────────────────────────────────────────────────
    ../test-results/comprehensive.e2e-E2E-Test-1d324-ould-load-frontend-homepage-webkit/test-failed-1.png
    ────────────────────────────────────────────────────────────────────────────────────────────────
]]>
</failure>
<system-out>
<![CDATA[
[[ATTACHMENT|comprehensive.e2e-E2E-Test-1d324-ould-load-frontend-homepage-webkit/test-failed-1.png]]
]]>
</system-out>
</testcase>
<testcase name="E2E Tests - 사용자 시나리오 › 3. 페이지 로딩 및 렌더링 › should handle navigation" classname="comprehensive.e2e.spec.ts" time="0.408">
<failure message="comprehensive.e2e.spec.ts:118:9 should handle navigation" type="FAILURE">
<![CDATA[  [webkit] › comprehensive.e2e.spec.ts:118:9 › E2E Tests - 사용자 시나리오 › 3. 페이지 로딩 및 렌더링 › should handle navigation 

    Error: page.goto: Could not connect to localhost: Connection refused
    Call log:
      - navigating to "http://localhost:3000/", waiting until "load"


      117 |
      118 |     test('should handle navigation', async ({ page }) => {
    > 119 |       await page.goto(BASE_URL);
          |                  ^
      120 |
      121 |       // 페이지 기본 구조 확인
      122 |       const pageContent = await page.content();
        at /mnt/d/progress/animal forest coding/e2e/comprehensive.e2e.spec.ts:119:18

    attachment #1: screenshot (image/png) ──────────────────────────────────────────────────────────
    ../test-results/comprehensive.e2e-E2E-Test-3c3e1-더링-should-handle-navigation-webkit/test-failed-1.png
    ────────────────────────────────────────────────────────────────────────────────────────────────
]]>
</failure>
<system-out>
<![CDATA[
[[ATTACHMENT|comprehensive.e2e-E2E-Test-3c3e1-더링-should-handle-navigation-webkit/test-failed-1.png]]
]]>
</system-out>
</testcase>
<testcase name="E2E Tests - 사용자 시나리오 › 3. 페이지 로딩 및 렌더링 › should be responsive on mobile viewport" classname="comprehensive.e2e.spec.ts" time="0.33">
<failure message="comprehensive.e2e.spec.ts:127:9 should be responsive on mobile viewport" type="FAILURE">
<![CDATA[  [webkit] › comprehensive.e2e.spec.ts:127:9 › E2E Tests - 사용자 시나리오 › 3. 페이지 로딩 및 렌더링 › should be responsive on mobile viewport 

    Error: page.goto: Could not connect to localhost: Connection refused
    Call log:
      - navigating to "http://localhost:3000/", waiting until "load"


      129 |       await page.setViewportSize({ width: 390, height: 844 });
      130 |
    > 131 |       await page.goto(BASE_URL);
          |                  ^
      132 |
      133 |       // 모바일에서도 렌더링 가능해야 함
      134 |       const bodyHeight = await page.evaluate(() => document.body.scrollHeight);
        at /mnt/d/progress/animal forest coding/e2e/comprehensive.e2e.spec.ts:131:18

    attachment #1: screenshot (image/png) ──────────────────────────────────────────────────────────
    ../test-results/comprehensive.e2e-E2E-Test-6e731-sponsive-on-mobile-viewport-webkit/test-failed-1.png
    ────────────────────────────────────────────────────────────────────────────────────────────────
]]>
</failure>
<system-out>
<![CDATA[
[[ATTACHMENT|comprehensive.e2e-E2E-Test-6e731-sponsive-on-mobile-viewport-webkit/test-failed-1.png]]
]]>
</system-out>
</testcase>
<testcase name="E2E Tests - 사용자 시나리오 › 3. 페이지 로딩 및 렌더링 › should be responsive on tablet viewport" classname="comprehensive.e2e.spec.ts" time="0.597">
<failure message="comprehensive.e2e.spec.ts:138:9 should be responsive on tablet viewport" type="FAILURE">
<![CDATA[  [webkit] › comprehensive.e2e.spec.ts:138:9 › E2E Tests - 사용자 시나리오 › 3. 페이지 로딩 및 렌더링 › should be responsive on tablet viewport 

    Error: page.goto: Could not connect to localhost: Connection refused
    Call log:
      - navigating to "http://localhost:3000/", waiting until "load"


      140 |       await page.setViewportSize({ width: 768, height: 1024 });
      141 |
    > 142 |       await page.goto(BASE_URL);
          |                  ^
      143 |
      144 |       const bodyHeight = await page.evaluate(() => document.body.scrollHeight);
      145 |       expect(bodyHeight).toBeGreaterThan(0);
        at /mnt/d/progress/animal forest coding/e2e/comprehensive.e2e.spec.ts:142:18

    attachment #1: screenshot (image/png) ──────────────────────────────────────────────────────────
    ../test-results/comprehensive.e2e-E2E-Test-89f90-sponsive-on-tablet-viewport-webkit/test-failed-1.png
    ────────────────────────────────────────────────────────────────────────────────────────────────
]]>
</failure>
<system-out>
<![CDATA[
[[ATTACHMENT|comprehensive.e2e-E2E-Test-89f90-sponsive-on-tablet-viewport-webkit/test-failed-1.png]]
]]>
</system-out>
</testcase>
<testcase name="E2E Tests - 사용자 시나리오 › 3. 페이지 로딩 및 렌더링 › should be responsive on desktop viewport" classname="comprehensive.e2e.spec.ts" time="0.73">
<failure message="comprehensive.e2e.spec.ts:148:9 should be responsive on desktop viewport" type="FAILURE">
<![CDATA[  [webkit] › comprehensive.e2e.spec.ts:148:9 › E2E Tests - 사용자 시나리오 › 3. 페이지 로딩 및 렌더링 › should be responsive on desktop viewport 

    Error: page.goto: Could not connect to localhost: Connection refused
    Call log:
      - navigating to "http://localhost:3000/", waiting until "load"


      150 |       await page.setViewportSize({ width: 1920, height: 1080 });
      151 |
    > 152 |       await page.goto(BASE_URL);
          |                  ^
      153 |
      154 |       const bodyHeight = await page.evaluate(() => document.body.scrollHeight);
      155 |       expect(bodyHeight).toBeGreaterThan(0);
        at /mnt/d/progress/animal forest coding/e2e/comprehensive.e2e.spec.ts:152:18

    attachment #1: screenshot (image/png) ──────────────────────────────────────────────────────────
    ../test-results/comprehensive.e2e-E2E-Test-051a0-ponsive-on-desktop-viewport-webkit/test-failed-1.png
    ────────────────────────────────────────────────────────────────────────────────────────────────
]]>
</failure>
<system-out>
<![CDATA[
[[ATTACHMENT|comprehensive.e2e-E2E-Test-051a0-ponsive-on-desktop-viewport-webkit/test-failed-1.png]]
]]>
</system-out>
</testcase>
<testcase name="E2E Tests - 사용자 시나리오 › 4. 성능 메트릭 › should load within acceptable time" classname="comprehensive.e2e.spec.ts" time="0.498">
<failure message="comprehensive.e2e.spec.ts:160:9 should load within acceptable time" type="FAILURE">
<![CDATA[  [webkit] › comprehensive.e2e.spec.ts:160:9 › E2E Tests - 사용자 시나리오 › 4. 성능 메트릭 › should load within acceptable time 

    Error: page.goto: Could not connect to localhost: Connection refused
    Call log:
      - navigating to "http://localhost:3000/", waiting until "networkidle"


      161 |       const startTime = Date.now();
      162 |
    > 163 |       await page.goto(BASE_URL, { waitUntil: 'networkidle' });
          |                  ^
      164 |
      165 |       const loadTime = Date.now() - startTime;
      166 |       expect(loadTime).toBeLessThan(3000); // 3초 이내
        at /mnt/d/progress/animal forest coding/e2e/comprehensive.e2e.spec.ts:163:18

    attachment #1: screenshot (image/png) ──────────────────────────────────────────────────────────
    ../test-results/comprehensive.e2e-E2E-Test-0fd75-load-within-acceptable-time-webkit/test-failed-1.png
    ────────────────────────────────────────────────────────────────────────────────────────────────
]]>
</failure>
<system-out>
<![CDATA[
[[ATTACHMENT|comprehensive.e2e-E2E-Test-0fd75-load-within-acceptable-time-webkit/test-failed-1.png]]
]]>
</system-out>
</testcase>
<testcase name="E2E Tests - 사용자 시나리오 › 4. 성능 메트릭 › should fetch API data quickly" classname="comprehensive.e2e.spec.ts" time="0.448">
</testcase>
<testcase name="E2E Tests - 사용자 시나리오 › 4. 성능 메트릭 › should handle multiple concurrent requests" classname="comprehensive.e2e.spec.ts" time="0.467">
</testcase>
<testcase name="E2E Tests - 사용자 시나리오 › 5. 접근성 검증 › should be navigable with keyboard" classname="comprehensive.e2e.spec.ts" time="0.468">
<failure message="comprehensive.e2e.spec.ts:202:9 should be navigable with keyboard" type="FAILURE">
<![CDATA[  [webkit] › comprehensive.e2e.spec.ts:202:9 › E2E Tests - 사용자 시나리오 › 5. 접근성 검증 › should be navigable with keyboard 

    Error: page.goto: Could not connect to localhost: Connection refused
    Call log:
      - navigating to "http://localhost:3000/", waiting until "load"


      201 |   test.describe('5. 접근성 검증', () => {
      202 |     test('should be navigable with keyboard', async ({ page }) => {
    > 203 |       await page.goto(BASE_URL);
          |                  ^
      204 |
      205 |       // Tab 키로 네비게이션 가능해야 함
      206 |       await page.keyboard.press('Tab');
        at /mnt/d/progress/animal forest coding/e2e/comprehensive.e2e.spec.ts:203:18

    attachment #1: screenshot (image/png) ──────────────────────────────────────────────────────────
    ../test-results/comprehensive.e2e-E2E-Test-7354b--be-navigable-with-keyboard-webkit/test-failed-1.png
    ────────────────────────────────────────────────────────────────────────────────────────────────
]]>
</failure>
<system-out>
<![CDATA[
[[ATTACHMENT|comprehensive.e2e-E2E-Test-7354b--be-navigable-with-keyboard-webkit/test-failed-1.png]]
]]>
</system-out>
</testcase>
<testcase name="E2E Tests - 사용자 시나리오 › 5. 접근성 검증 › should have readable text contrast" classname="comprehensive.e2e.spec.ts" time="0.58">
<failure message="comprehensive.e2e.spec.ts:217:9 should have readable text contrast" type="FAILURE">
<![CDATA[  [webkit] › comprehensive.e2e.spec.ts:217:9 › E2E Tests - 사용자 시나리오 › 5. 접근성 검증 › should have readable text contrast 

    Error: page.goto: Could not connect to localhost: Connection refused
    Call log:
      - navigating to "http://localhost:3000/", waiting until "load"


      216 |
      217 |     test('should have readable text contrast', async ({ page }) => {
    > 218 |       await page.goto(BASE_URL);
          |                  ^
      219 |
      220 |       // 메인 콘텐츠가 읽을 수 있는지 확인
      221 |       const mainContent = await page.locator('body').textContent();
        at /mnt/d/progress/animal forest coding/e2e/comprehensive.e2e.spec.ts:218:18

    attachment #1: screenshot (image/png) ──────────────────────────────────────────────────────────
    ../test-results/comprehensive.e2e-E2E-Test-2afb4-have-readable-text-contrast-webkit/test-failed-1.png
    ────────────────────────────────────────────────────────────────────────────────────────────────
]]>
</failure>
<system-out>
<![CDATA[
[[ATTACHMENT|comprehensive.e2e-E2E-Test-2afb4-have-readable-text-contrast-webkit/test-failed-1.png]]
]]>
</system-out>
</testcase>
<testcase name="E2E Tests - 사용자 시나리오 › 6. 오류 처리 › should handle invalid routes gracefully" classname="comprehensive.e2e.spec.ts" time="0.414">
<failure message="comprehensive.e2e.spec.ts:228:9 should handle invalid routes gracefully" type="FAILURE">
<![CDATA[  [webkit] › comprehensive.e2e.spec.ts:228:9 › E2E Tests - 사용자 시나리오 › 6. 오류 처리 › should handle invalid routes gracefully 

    Error: page.goto: Could not connect to localhost: Connection refused
    Call log:
      - navigating to "http://localhost:3000/invalid-route", waiting until "networkidle"


      227 |   test.describe('6. 오류 처리', () => {
      228 |     test('should handle invalid routes gracefully', async ({ page }) => {
    > 229 |       const response = await page.goto(`${BASE_URL}/invalid-route`, {
          |                                   ^
      230 |         waitUntil: 'networkidle',
      231 |       });
      232 |
        at /mnt/d/progress/animal forest coding/e2e/comprehensive.e2e.spec.ts:229:35

    attachment #1: screenshot (image/png) ──────────────────────────────────────────────────────────
    ../test-results/comprehensive.e2e-E2E-Test-f4594-e-invalid-routes-gracefully-webkit/test-failed-1.png
    ────────────────────────────────────────────────────────────────────────────────────────────────
]]>
</failure>
<system-out>
<![CDATA[
[[ATTACHMENT|comprehensive.e2e-E2E-Test-f4594-e-invalid-routes-gracefully-webkit/test-failed-1.png]]
]]>
</system-out>
</testcase>
<testcase name="E2E Tests - 사용자 시나리오 › 6. 오류 처리 › should handle network errors gracefully" classname="comprehensive.e2e.spec.ts" time="0.521">
</testcase>
<testcase name="E2E Tests - 사용자 시나리오 › 6. 오류 처리 › should display appropriate error messages" classname="comprehensive.e2e.spec.ts" time="0.512">
<failure message="comprehensive.e2e.spec.ts:251:9 should display appropriate error messages" type="FAILURE">
<![CDATA[  [webkit] › comprehensive.e2e.spec.ts:251:9 › E2E Tests - 사용자 시나리오 › 6. 오류 처리 › should display appropriate error messages 

    Error: page.goto: Could not connect to localhost: Connection refused
    Call log:
      - navigating to "http://localhost:3000/invalid", waiting until "load"


      250 |
      251 |     test('should display appropriate error messages', async ({ page }) => {
    > 252 |       await page.goto(`${BASE_URL}/invalid`);
          |                  ^
      253 |
      254 |       // 페이지는 로드되어야 함
      255 |       const content = await page.content();
        at /mnt/d/progress/animal forest coding/e2e/comprehensive.e2e.spec.ts:252:18

    attachment #1: screenshot (image/png) ──────────────────────────────────────────────────────────
    ../test-results/comprehensive.e2e-E2E-Test-9070a--appropriate-error-messages-webkit/test-failed-1.png
    ────────────────────────────────────────────────────────────────────────────────────────────────
]]>
</failure>
<system-out>
<![CDATA[
[[ATTACHMENT|comprehensive.e2e-E2E-Test-9070a--appropriate-error-messages-webkit/test-failed-1.png]]
]]>
</system-out>
</testcase>
<testcase name="E2E Tests - 사용자 시나리오 › 7. API 엔드포인트 검증 › GET /api/health › should return health status" classname="comprehensive.e2e.spec.ts" time="0.501">
</testcase>
<testcase name="E2E Tests - 사용자 시나리오 › 7. API 엔드포인트 검증 › GET /api/characters › should return non-empty character list" classname="comprehensive.e2e.spec.ts" time="0.368">
</testcase>
<testcase name="E2E Tests - 사용자 시나리오 › 7. API 엔드포인트 검증 › GET /api/characters › should include character properties" classname="comprehensive.e2e.spec.ts" time="0.446">
</testcase>
<testcase name="E2E Tests - 사용자 시나리오 › 7. API 엔드포인트 검증 › GET /api/topics › should return paginated results" classname="comprehensive.e2e.spec.ts" time="0.621">
</testcase>
<testcase name="E2E Tests - 사용자 시나리오 › 7. API 엔드포인트 검증 › GET /api/topics › should support difficulty filtering" classname="comprehensive.e2e.spec.ts" time="0.624">
</testcase>
<testcase name="E2E Tests - 사용자 시나리오 › 7. API 엔드포인트 검증 › GET /api/search › should search content" classname="comprehensive.e2e.spec.ts" time="0.369">
</testcase>
<testcase name="E2E Tests - 사용자 시나리오 › 7. API 엔드포인트 검증 › GET /api/search › should return empty array for non-matching query" classname="comprehensive.e2e.spec.ts" time="0.648">
</testcase>
<testcase name="E2E Tests - 사용자 시나리오 › 7. API 엔드포인트 검증 › POST /api/tts › should require text and character fields" classname="comprehensive.e2e.spec.ts" time="0.38">
<failure message="comprehensive.e2e.spec.ts:335:11 should require text and character fields" type="FAILURE">
<![CDATA[  [webkit] › comprehensive.e2e.spec.ts:335:11 › E2E Tests - 사용자 시나리오 › 7. API 엔드포인트 검증 › POST /api/tts › should require text and character fields 

    Error: expect(received).toBe(expected) // Object.is equality

    Expected: 400
    Received: 429

      340 |         });
      341 |
    > 342 |         expect(response.status).toBe(400);
          |                                 ^
      343 |       });
      344 |
      345 |       test('should accept valid TTS request', async () => {
        at /mnt/d/progress/animal forest coding/e2e/comprehensive.e2e.spec.ts:342:33

    attachment #1: screenshot (image/png) ──────────────────────────────────────────────────────────
    ../test-results/comprehensive.e2e-E2E-Test-c8c24-e-text-and-character-fields-webkit/test-failed-1.png
    ────────────────────────────────────────────────────────────────────────────────────────────────
]]>
</failure>
<system-out>
<![CDATA[
[[ATTACHMENT|comprehensive.e2e-E2E-Test-c8c24-e-text-and-character-fields-webkit/test-failed-1.png]]
]]>
</system-out>
</testcase>
<testcase name="E2E Tests - 사용자 시나리오 › 7. API 엔드포인트 검증 › POST /api/tts › should accept valid TTS request" classname="comprehensive.e2e.spec.ts" time="0.721">
<failure message="comprehensive.e2e.spec.ts:345:11 should accept valid TTS request" type="FAILURE">
<![CDATA[  [webkit] › comprehensive.e2e.spec.ts:345:11 › E2E Tests - 사용자 시나리오 › 7. API 엔드포인트 검증 › POST /api/tts › should accept valid TTS request 

    Error: expect(received).toContain(expected) // indexOf

    Expected value: 429
    Received array: [200, 400, 404, 500]

      354 |
      355 |         // 200 (성공) 또는 400/404 (오류)
    > 356 |         expect([200, 400, 404, 500]).toContain(response.status);
          |                                      ^
      357 |       });
      358 |     });
      359 |   });
        at /mnt/d/progress/animal forest coding/e2e/comprehensive.e2e.spec.ts:356:38

    attachment #1: screenshot (image/png) ──────────────────────────────────────────────────────────
    ../test-results/comprehensive.e2e-E2E-Test-1917c-ld-accept-valid-TTS-request-webkit/test-failed-1.png
    ────────────────────────────────────────────────────────────────────────────────────────────────
]]>
</failure>
<system-out>
<![CDATA[
[[ATTACHMENT|comprehensive.e2e-E2E-Test-1917c-ld-accept-valid-TTS-request-webkit/test-failed-1.png]]
]]>
</system-out>
</testcase>
<testcase name="E2E Tests - 사용자 시나리오 › 8. 데이터 일관성 › should return consistent data across requests" classname="comprehensive.e2e.spec.ts" time="0.298">
</testcase>
<testcase name="E2E Tests - 사용자 시나리오 › 8. 데이터 일관성 › should not have duplicate character IDs" classname="comprehensive.e2e.spec.ts" time="0.58">
</testcase>
<testcase name="E2E Tests - 사용자 시나리오 › 8. 데이터 일관성 › should have valid topic difficulty levels" classname="comprehensive.e2e.spec.ts" time="0.269">
</testcase>
<testcase name="E2E Tests - 사용자 시나리오 › 9. 캐싱 검증 › should cache responses efficiently" classname="comprehensive.e2e.spec.ts" time="0.275">
</testcase>
<testcase name="E2E Tests - 사용자 시나리오 › 10. 보안 기본사항 › should not expose sensitive information" classname="comprehensive.e2e.spec.ts" time="0.296">
</testcase>
<testcase name="E2E Tests - 사용자 시나리오 › 10. 보안 기본사항 › should handle CORS properly" classname="comprehensive.e2e.spec.ts" time="0.286">
</testcase>
<testcase name="E2E Tests - 사용자 시나리오 › 10. 보안 기본사항 › should validate input parameters" classname="comprehensive.e2e.spec.ts" time="0.296">
</testcase>
<testcase name="사용자 시나리오 - 통합 흐름 › User journey: Home → Content → Search → Health" classname="comprehensive.e2e.spec.ts" time="0.026">
</testcase>
</testsuite>
<testsuite name="story-page-quick.spec.ts" timestamp="2025-12-04T15:45:49.799Z" hostname="webkit" tests="7" failures="2" skipped="0" time="71.682" errors="0">
<testcase name="Episode 1: Story Page Quick Verification › ✅ Story page loads with correct title" classname="story-page-quick.spec.ts" time="1.172">
</testcase>
<testcase name="Episode 1: Story Page Quick Verification › ✅ Scene 1 displays with opening image" classname="story-page-quick.spec.ts" time="1.192">
</testcase>
<testcase name="Episode 1: Story Page Quick Verification › ✅ Step 1 IDE: int variable validation works" classname="story-page-quick.spec.ts" time="31.291">
<failure message="story-page-quick.spec.ts:21:7 ✅ Step 1 IDE: int variable validation works" type="FAILURE">
<![CDATA[  [webkit] › story-page-quick.spec.ts:21:7 › Episode 1: Story Page Quick Verification › ✅ Step 1 IDE: int variable validation works 

    Test timeout of 30000ms exceeded.

    Error: locator.click: Test timeout of 30000ms exceeded.
    Call log:
      - waiting for locator('button:has-text("다음")').first()
        - locator resolved to <button onclick="goToScene(2)">다음 →</button>
      - attempting click action
        2 × waiting for element to be visible, enabled and stable
          - element is not visible
        - retrying click action
        - waiting 20ms
        2 × waiting for element to be visible, enabled and stable
          - element is not visible
        - retrying click action
          - waiting 100ms
        53 × waiting for element to be visible, enabled and stable
           - element is not visible
         - retrying click action
           - waiting 500ms


      28 |
      29 |     const nextBtn2 = page.locator('button:has-text("다음")').first();
    > 30 |     await nextBtn2.click();
         |                    ^
      31 |     await page.waitForTimeout(500);
      32 |
      33 |     const startBtn = page.locator('button:has-text("IDE 시작")');
        at /mnt/d/progress/animal forest coding/e2e/story-page-quick.spec.ts:30:20

    attachment #1: screenshot (image/png) ──────────────────────────────────────────────────────────
    ../test-results/story-page-quick-Episode-1-c9a69-t-variable-validation-works-webkit/test-failed-1.png
    ────────────────────────────────────────────────────────────────────────────────────────────────

    Error Context: ../test-results/story-page-quick-Episode-1-c9a69-t-variable-validation-works-webkit/error-context.md
]]>
</failure>
<system-out>
<![CDATA[
[[ATTACHMENT|story-page-quick-Episode-1-c9a69-t-variable-validation-works-webkit/test-failed-1.png]]

[[ATTACHMENT|story-page-quick-Episode-1-c9a69-t-variable-validation-works-webkit/error-context.md]]
]]>
</system-out>
</testcase>
<testcase name="Episode 1: Story Page Quick Verification › ✅ Step 1 validation fails on incorrect code" classname="story-page-quick.spec.ts" time="31.312">
<failure message="story-page-quick.spec.ts:58:7 ✅ Step 1 validation fails on incorrect code" type="FAILURE">
<![CDATA[  [webkit] › story-page-quick.spec.ts:58:7 › Episode 1: Story Page Quick Verification › ✅ Step 1 validation fails on incorrect code 

    Test timeout of 30000ms exceeded.

    Error: locator.click: Test timeout of 30000ms exceeded.
    Call log:
      - waiting for locator('button:has-text("다음")').first()
        - locator resolved to <button onclick="goToScene(2)">다음 →</button>
      - attempting click action
        2 × waiting for element to be visible, enabled and stable
          - element is not visible
        - retrying click action
        - waiting 20ms
        2 × waiting for element to be visible, enabled and stable
          - element is not visible
        - retrying click action
          - waiting 100ms
        53 × waiting for element to be visible, enabled and stable
           - element is not visible
         - retrying click action
           - waiting 500ms


      65 |
      66 |     const nextBtn2 = page.locator('button:has-text("다음")').first();
    > 67 |     await nextBtn2.click();
         |                    ^
      68 |     await page.waitForTimeout(500);
      69 |
      70 |     const startBtn = page.locator('button:has-text("IDE 시작")');
        at /mnt/d/progress/animal forest coding/e2e/story-page-quick.spec.ts:67:20

    attachment #1: screenshot (image/png) ──────────────────────────────────────────────────────────
    ../test-results/story-page-quick-Episode-1-db8c6-ion-fails-on-incorrect-code-webkit/test-failed-1.png
    ────────────────────────────────────────────────────────────────────────────────────────────────

    Error Context: ../test-results/story-page-quick-Episode-1-db8c6-ion-fails-on-incorrect-code-webkit/error-context.md
]]>
</failure>
<system-out>
<![CDATA[
[[ATTACHMENT|story-page-quick-Episode-1-db8c6-ion-fails-on-incorrect-code-webkit/test-failed-1.png]]

[[ATTACHMENT|story-page-quick-Episode-1-db8c6-ion-fails-on-incorrect-code-webkit/error-context.md]]
]]>
</system-out>
</testcase>
<testcase name="Episode 1: Story Page Quick Verification › ✅ Progress bar visible and updates" classname="story-page-quick.spec.ts" time="2.419">
</testcase>
<testcase name="Episode 1: Story Page Quick Verification › ✅ Mobile responsive design" classname="story-page-quick.spec.ts" time="0.884">
</testcase>
<testcase name="Episode 1: Story Page Quick Verification › ✅ All images load without errors" classname="story-page-quick.spec.ts" time="3.412">
</testcase>
</testsuite>
<testsuite name="story-page-sample.spec.ts" timestamp="2025-12-04T15:45:49.799Z" hostname="webkit" tests="7" failures="7" skipped="0" time="3.93" errors="0">
<testcase name="Story Page - Stage 2 System Level Tests › should load story page successfully" classname="story-page-sample.spec.ts" time="0.463">
<failure message="story-page-sample.spec.ts:29:7 should load story page successfully" type="FAILURE">
<![CDATA[  [webkit] › story-page-sample.spec.ts:29:7 › Story Page - Stage 2 System Level Tests › should load story page successfully 

    Error: page.goto: Could not connect to localhost: Connection refused
    Call log:
      - navigating to "http://localhost:3000/story.html", waiting until "networkidle"


      20 |   test.beforeEach(async ({ page }) => {
      21 |     // Navigate to story page
    > 22 |     await page.goto(storyPageURL, { waitUntil: 'networkidle' });
         |                ^
      23 |   });
      24 |
      25 |   // ============================================
        at /mnt/d/progress/animal forest coding/e2e/story-page-sample.spec.ts:22:16

    attachment #1: screenshot (image/png) ──────────────────────────────────────────────────────────
    ../test-results/story-page-sample-Story-Pa-112ab-oad-story-page-successfully-webkit/test-failed-1.png
    ────────────────────────────────────────────────────────────────────────────────────────────────
]]>
</failure>
<system-out>
<![CDATA[
[[ATTACHMENT|story-page-sample-Story-Pa-112ab-oad-story-page-successfully-webkit/test-failed-1.png]]
]]>
</system-out>
</testcase>
<testcase name="Story Page - Stage 2 System Level Tests › should display background image correctly" classname="story-page-sample.spec.ts" time="0.627">
<failure message="story-page-sample.spec.ts:49:7 should display background image correctly" type="FAILURE">
<![CDATA[  [webkit] › story-page-sample.spec.ts:49:7 › Story Page - Stage 2 System Level Tests › should display background image correctly 

    Error: page.goto: Could not connect to localhost: Connection refused
    Call log:
      - navigating to "http://localhost:3000/story.html", waiting until "networkidle"


      20 |   test.beforeEach(async ({ page }) => {
      21 |     // Navigate to story page
    > 22 |     await page.goto(storyPageURL, { waitUntil: 'networkidle' });
         |                ^
      23 |   });
      24 |
      25 |   // ============================================
        at /mnt/d/progress/animal forest coding/e2e/story-page-sample.spec.ts:22:16

    attachment #1: screenshot (image/png) ──────────────────────────────────────────────────────────
    ../test-results/story-page-sample-Story-Pa-31aec--background-image-correctly-webkit/test-failed-1.png
    ────────────────────────────────────────────────────────────────────────────────────────────────
]]>
</failure>
<system-out>
<![CDATA[
[[ATTACHMENT|story-page-sample-Story-Pa-31aec--background-image-correctly-webkit/test-failed-1.png]]
]]>
</system-out>
</testcase>
<testcase name="Story Page - Stage 2 System Level Tests › should have IDE editor element available" classname="story-page-sample.spec.ts" time="0.556">
<failure message="story-page-sample.spec.ts:76:7 should have IDE editor element available" type="FAILURE">
<![CDATA[  [webkit] › story-page-sample.spec.ts:76:7 › Story Page - Stage 2 System Level Tests › should have IDE editor element available 

    Error: page.goto: Could not connect to localhost: Connection refused
    Call log:
      - navigating to "http://localhost:3000/story.html", waiting until "networkidle"


      20 |   test.beforeEach(async ({ page }) => {
      21 |     // Navigate to story page
    > 22 |     await page.goto(storyPageURL, { waitUntil: 'networkidle' });
         |                ^
      23 |   });
      24 |
      25 |   // ============================================
        at /mnt/d/progress/animal forest coding/e2e/story-page-sample.spec.ts:22:16

    attachment #1: screenshot (image/png) ──────────────────────────────────────────────────────────
    ../test-results/story-page-sample-Story-Pa-240c3-DE-editor-element-available-webkit/test-failed-1.png
    ────────────────────────────────────────────────────────────────────────────────────────────────
]]>
</failure>
<system-out>
<![CDATA[
[[ATTACHMENT|story-page-sample-Story-Pa-240c3-DE-editor-element-available-webkit/test-failed-1.png]]
]]>
</system-out>
</testcase>
<testcase name="Story Page - Stage 2 System Level Tests › should have navigation elements" classname="story-page-sample.spec.ts" time="0.54">
<failure message="story-page-sample.spec.ts:96:7 should have navigation elements" type="FAILURE">
<![CDATA[  [webkit] › story-page-sample.spec.ts:96:7 › Story Page - Stage 2 System Level Tests › should have navigation elements 

    Error: page.goto: Could not connect to localhost: Connection refused
    Call log:
      - navigating to "http://localhost:3000/story.html", waiting until "networkidle"


      20 |   test.beforeEach(async ({ page }) => {
      21 |     // Navigate to story page
    > 22 |     await page.goto(storyPageURL, { waitUntil: 'networkidle' });
         |                ^
      23 |   });
      24 |
      25 |   // ============================================
        at /mnt/d/progress/animal forest coding/e2e/story-page-sample.spec.ts:22:16

    attachment #1: screenshot (image/png) ──────────────────────────────────────────────────────────
    ../test-results/story-page-sample-Story-Pa-5d4dc-ld-have-navigation-elements-webkit/test-failed-1.png
    ────────────────────────────────────────────────────────────────────────────────────────────────
]]>
</failure>
<system-out>
<![CDATA[
[[ATTACHMENT|story-page-sample-Story-Pa-5d4dc-ld-have-navigation-elements-webkit/test-failed-1.png]]
]]>
</system-out>
</testcase>
<testcase name="Story Page - Stage 2 System Level Tests › should be responsive to window resize" classname="story-page-sample.spec.ts" time="0.585">
<failure message="story-page-sample.spec.ts:117:7 should be responsive to window resize" type="FAILURE">
<![CDATA[  [webkit] › story-page-sample.spec.ts:117:7 › Story Page - Stage 2 System Level Tests › should be responsive to window resize 

    Error: page.goto: Could not connect to localhost: Connection refused
    Call log:
      - navigating to "http://localhost:3000/story.html", waiting until "networkidle"


      20 |   test.beforeEach(async ({ page }) => {
      21 |     // Navigate to story page
    > 22 |     await page.goto(storyPageURL, { waitUntil: 'networkidle' });
         |                ^
      23 |   });
      24 |
      25 |   // ============================================
        at /mnt/d/progress/animal forest coding/e2e/story-page-sample.spec.ts:22:16

    attachment #1: screenshot (image/png) ──────────────────────────────────────────────────────────
    ../test-results/story-page-sample-Story-Pa-238a2-responsive-to-window-resize-webkit/test-failed-1.png
    ────────────────────────────────────────────────────────────────────────────────────────────────
]]>
</failure>
<system-out>
<![CDATA[
[[ATTACHMENT|story-page-sample-Story-Pa-238a2-responsive-to-window-resize-webkit/test-failed-1.png]]
]]>
</system-out>
</testcase>
<testcase name="Story Page - Stage 2 System Level Tests › should maintain page integrity after interactions" classname="story-page-sample.spec.ts" time="0.597">
<failure message="story-page-sample.spec.ts:142:7 should maintain page integrity after interactions" type="FAILURE">
<![CDATA[  [webkit] › story-page-sample.spec.ts:142:7 › Story Page - Stage 2 System Level Tests › should maintain page integrity after interactions 

    Error: page.goto: Could not connect to localhost: Connection refused
    Call log:
      - navigating to "http://localhost:3000/story.html", waiting until "networkidle"


      20 |   test.beforeEach(async ({ page }) => {
      21 |     // Navigate to story page
    > 22 |     await page.goto(storyPageURL, { waitUntil: 'networkidle' });
         |                ^
      23 |   });
      24 |
      25 |   // ============================================
        at /mnt/d/progress/animal forest coding/e2e/story-page-sample.spec.ts:22:16

    attachment #1: screenshot (image/png) ──────────────────────────────────────────────────────────
    ../test-results/story-page-sample-Story-Pa-75cdf-ntegrity-after-interactions-webkit/test-failed-1.png
    ────────────────────────────────────────────────────────────────────────────────────────────────
]]>
</failure>
<system-out>
<![CDATA[
[[ATTACHMENT|story-page-sample-Story-Pa-75cdf-ntegrity-after-interactions-webkit/test-failed-1.png]]
]]>
</system-out>
</testcase>
<testcase name="Story Page - Stage 2 System Level Tests › should not have critical console errors on load" classname="story-page-sample.spec.ts" time="0.562">
<failure message="story-page-sample.spec.ts:174:7 should not have critical console errors on load" type="FAILURE">
<![CDATA[  [webkit] › story-page-sample.spec.ts:174:7 › Story Page - Stage 2 System Level Tests › should not have critical console errors on load 

    Error: page.goto: Could not connect to localhost: Connection refused
    Call log:
      - navigating to "http://localhost:3000/story.html", waiting until "networkidle"


      20 |   test.beforeEach(async ({ page }) => {
      21 |     // Navigate to story page
    > 22 |     await page.goto(storyPageURL, { waitUntil: 'networkidle' });
         |                ^
      23 |   });
      24 |
      25 |   // ============================================
        at /mnt/d/progress/animal forest coding/e2e/story-page-sample.spec.ts:22:16

    attachment #1: screenshot (image/png) ──────────────────────────────────────────────────────────
    ../test-results/story-page-sample-Story-Pa-f5c10-ical-console-errors-on-load-webkit/test-failed-1.png
    ────────────────────────────────────────────────────────────────────────────────────────────────
]]>
</failure>
<system-out>
<![CDATA[
[[ATTACHMENT|story-page-sample-Story-Pa-f5c10-ical-console-errors-on-load-webkit/test-failed-1.png]]
]]>
</system-out>
</testcase>
</testsuite>
<testsuite name="story-page-validated.spec.ts" timestamp="2025-12-04T15:45:49.799Z" hostname="webkit" tests="16" failures="3" skipped="0" time="79.721" errors="0">
<testcase name="Episode 1: Story Page - Complete Validation › ✅ Page loads successfully with all scenes" classname="story-page-validated.spec.ts" time="1.413">
</testcase>
<testcase name="Episode 1: Story Page - Complete Validation › ✅ Scene 1: Opening displays correctly" classname="story-page-validated.spec.ts" time="1.576">
</testcase>
<testcase name="Episode 1: Story Page - Complete Validation › ✅ Scene navigation: Scene 1 → Scene 2" classname="story-page-validated.spec.ts" time="1.336">
</testcase>
<testcase name="Episode 1: Story Page - Complete Validation › ✅ Scene 2: Story content displays with debt amount" classname="story-page-validated.spec.ts" time="1.401">
<failure message="story-page-validated.spec.ts:46:7 ✅ Scene 2: Story content displays with debt amount" type="FAILURE">
<![CDATA[  [webkit] › story-page-validated.spec.ts:46:7 › Episode 1: Story Page - Complete Validation › ✅ Scene 2: Story content displays with debt amount 

    Error: expect(received).toContain(expected) // indexOf

    Expected substring: "49800"
    Received string:    "
                💰 빚과의 만남···························
                    너굴: \"자, 이제 정산을 해야지? 텐트 설치비, 인건비, 스마트폰 지급비, 그리고 섬 정착 수수료를 합치면...\"·········································
                    너굴: \"합계 49,800벨이다구리! 💰 ...뭐? 지금 빈털터리라고? 곤란하네, 곤란해.\"·········································
                    너굴: \"좋아! 내가 특별히 '너굴 뱅크' 대출 계좌를 만들어 주지. 대신, 우리 은행 시스템이 아직 개발 중이라서... 네가 직접 네 계좌 정보를 코딩해서 시스템에 등록해야 해.\"·········································
                    ← 이전
                    다음 →·············
            "

      54 |
      55 |     // Check for debt amount
    > 56 |     expect(text).toContain('49,800') || expect(text).toContain('49800');
         |                                                      ^
      57 |
      58 |     // Check for multiple images
      59 |     const images = scene2.locator('img');
        at /mnt/d/progress/animal forest coding/e2e/story-page-validated.spec.ts:56:54

    attachment #1: screenshot (image/png) ──────────────────────────────────────────────────────────
    ../test-results/story-page-validated-Episo-c84d8-t-displays-with-debt-amount-webkit/test-failed-1.png
    ────────────────────────────────────────────────────────────────────────────────────────────────

    Error Context: ../test-results/story-page-validated-Episo-c84d8-t-displays-with-debt-amount-webkit/error-context.md
]]>
</failure>
<system-out>
<![CDATA[
[[ATTACHMENT|story-page-validated-Episo-c84d8-t-displays-with-debt-amount-webkit/test-failed-1.png]]

[[ATTACHMENT|story-page-validated-Episo-c84d8-t-displays-with-debt-amount-webkit/error-context.md]]
]]>
</system-out>
</testcase>
<testcase name="Episode 1: Story Page - Complete Validation › ✅ Scene 3: Mission preparation" classname="story-page-validated.spec.ts" time="2.834">
</testcase>
<testcase name="Episode 1: Story Page - Complete Validation › ✅ IDE Section: Appears after mission start" classname="story-page-validated.spec.ts" time="4.099">
</testcase>
<testcase name="Episode 1: Story Page - Complete Validation › ✅ Step 1: Code validation - SUCCESS (int loan = 49800)" classname="story-page-validated.spec.ts" time="3.844">
</testcase>
<testcase name="Episode 1: Story Page - Complete Validation › ✅ Step 1: Code validation - FAILURE (missing int)" classname="story-page-validated.spec.ts" time="4.367">
</testcase>
<testcase name="Episode 1: Story Page - Complete Validation › ✅ Step 2: Accessible after Step 1 success" classname="story-page-validated.spec.ts" time="3.555">
</testcase>
<testcase name="Episode 1: Story Page - Complete Validation › ✅ Step 2: Code validation - SUCCESS (double interestRate = 0.05)" classname="story-page-validated.spec.ts" time="30.435">
<failure message="story-page-validated.spec.ts:180:7 ✅ Step 2: Code validation - SUCCESS (double interestRate = 0.05)" type="FAILURE">
<![CDATA[  [webkit] › story-page-validated.spec.ts:180:7 › Episode 1: Story Page - Complete Validation › ✅ Step 2: Code validation - SUCCESS (double interestRate = 0.05) 

    Test timeout of 30000ms exceeded.

    Error: locator.click: Test timeout of 30000ms exceeded.
    Call log:
      - waiting for locator('#mission-2 button:has-text("▶ 코드 実行")').first()


      196 |     await editor2.clear();
      197 |     await editor2.type('int loan = 49800;\ndouble interestRate = 0.05;');
    > 198 |     await page.locator('#mission-2 button:has-text("▶ 코드 実行")').first().click();
          |                                                                         ^
      199 |
      200 |     // Check output for success
      201 |     const output = page.locator('#output-content-step2');
        at /mnt/d/progress/animal forest coding/e2e/story-page-validated.spec.ts:198:73

    attachment #1: screenshot (image/png) ──────────────────────────────────────────────────────────
    ../test-results/story-page-validated-Episo-3a269-S-double-interestRate-0-05--webkit/test-failed-1.png
    ────────────────────────────────────────────────────────────────────────────────────────────────

    Error Context: ../test-results/story-page-validated-Episo-3a269-S-double-interestRate-0-05--webkit/error-context.md
]]>
</failure>
<system-out>
<![CDATA[
[[ATTACHMENT|story-page-validated-Episo-3a269-S-double-interestRate-0-05--webkit/test-failed-1.png]]

[[ATTACHMENT|story-page-validated-Episo-3a269-S-double-interestRate-0-05--webkit/error-context.md]]
]]>
</system-out>
</testcase>
<testcase name="Episode 1: Story Page - Complete Validation › ✅ Step 3: Type casting validation - FAILURE without cast" classname="story-page-validated.spec.ts" time="5.605">
</testcase>
<testcase name="Episode 1: Story Page - Complete Validation › ✅ Step 3: Type casting validation - SUCCESS with cast" classname="story-page-validated.spec.ts" time="5.936">
</testcase>
<testcase name="Episode 1: Story Page - Complete Validation › ✅ Scene 4: Completion screen accessible" classname="story-page-validated.spec.ts" time="6.057">
</testcase>
<testcase name="Episode 1: Story Page - Complete Validation › ✅ Progress bar updates through scenes" classname="story-page-validated.spec.ts" time="1.937">
<failure message="story-page-validated.spec.ts:318:7 ✅ Progress bar updates through scenes" type="FAILURE">
<![CDATA[  [webkit] › story-page-validated.spec.ts:318:7 › Episode 1: Story Page - Complete Validation › ✅ Progress bar updates through scenes 

    Error: expect(received).toBeGreaterThan(expected)

    Expected: > 0
    Received:   0

      325 |     let items = page.locator('.progress-item');
      326 |     let activeCount = await items.locator('.active, .completed').count();
    > 327 |     expect(activeCount).toBeGreaterThan(0);
          |                         ^
      328 |
      329 |     // After navigation
      330 |     await page.locator('[data-scene="1"] button:has-text("다음")').click();
        at /mnt/d/progress/animal forest coding/e2e/story-page-validated.spec.ts:327:25

    attachment #1: screenshot (image/png) ──────────────────────────────────────────────────────────
    ../test-results/story-page-validated-Episo-6babf--bar-updates-through-scenes-webkit/test-failed-1.png
    ────────────────────────────────────────────────────────────────────────────────────────────────

    Error Context: ../test-results/story-page-validated-Episo-6babf--bar-updates-through-scenes-webkit/error-context.md
]]>
</failure>
<system-out>
<![CDATA[
[[ATTACHMENT|story-page-validated-Episo-6babf--bar-updates-through-scenes-webkit/test-failed-1.png]]

[[ATTACHMENT|story-page-validated-Episo-6babf--bar-updates-through-scenes-webkit/error-context.md]]
]]>
</system-out>
</testcase>
<testcase name="Episode 1: Story Page - Complete Validation › ✅ Mobile responsiveness (375px viewport)" classname="story-page-validated.spec.ts" time="1.246">
</testcase>
<testcase name="Episode 1: Story Page - Complete Validation › ✅ Reset button functionality" classname="story-page-validated.spec.ts" time="4.08">
</testcase>
</testsuite>
<testsuite name="story-page.spec.ts" timestamp="2025-12-04T15:45:49.799Z" hostname="webkit" tests="15" failures="13" skipped="0" time="233.752" errors="0">
<testcase name="Episode 1: 너굴 코딩 - 공짜는 없다구리! (Story Page) › ✅ Page loads successfully" classname="story-page.spec.ts" time="1.447">
</testcase>
<testcase name="Episode 1: 너굴 코딩 - 공짜는 없다구리! (Story Page) › ✅ Scene 1: Opening cutscene displays correctly" classname="story-page.spec.ts" time="31.098">
<failure message="story-page.spec.ts:25:7 ✅ Scene 1: Opening cutscene displays correctly" type="FAILURE">
<![CDATA[  [webkit] › story-page.spec.ts:25:7 › Episode 1: 너굴 코딩 - 공짜는 없다구리! (Story Page) › ✅ Scene 1: Opening cutscene displays correctly 

    Test timeout of 30000ms exceeded.

    Error: locator.textContent: Test timeout of 30000ms exceeded.
    Call log:
      - waiting for locator('[data-scene="1"]').locator('.dialogue')


      36 |     // Check for Nook dialogue
      37 |     const dialogue = scene1.locator('.dialogue');
    > 38 |     const dialogueText = await dialogue.textContent();
         |                                         ^
      39 |     expect(dialogueText).toContain('너굴');
      40 |
      41 |     // "다음" button should be visible
        at /mnt/d/progress/animal forest coding/e2e/story-page.spec.ts:38:41

    attachment #1: screenshot (image/png) ──────────────────────────────────────────────────────────
    ../test-results/story-page-Episode-1-너굴-코딩-75960-cutscene-displays-correctly-webkit/test-failed-1.png
    ────────────────────────────────────────────────────────────────────────────────────────────────

    Error Context: ../test-results/story-page-Episode-1-너굴-코딩-75960-cutscene-displays-correctly-webkit/error-context.md
]]>
</failure>
<system-out>
<![CDATA[
[[ATTACHMENT|story-page-Episode-1-너굴-코딩-75960-cutscene-displays-correctly-webkit/test-failed-1.png]]

[[ATTACHMENT|story-page-Episode-1-너굴-코딩-75960-cutscene-displays-correctly-webkit/error-context.md]]
]]>
</system-out>
</testcase>
<testcase name="Episode 1: 너굴 코딩 - 공짜는 없다구리! (Story Page) › ✅ Scene 1 → Scene 2: Navigation works" classname="story-page.spec.ts" time="2.535">
<failure message="story-page.spec.ts:46:7 ✅ Scene 1 → Scene 2: Navigation works" type="FAILURE">
<![CDATA[  [webkit] › story-page.spec.ts:46:7 › Episode 1: 너굴 코딩 - 공짜는 없다구리! (Story Page) › ✅ Scene 1 → Scene 2: Navigation works 

    Error: locator.textContent: Error: strict mode violation: locator('[data-scene="2"]').locator('.dialogue') resolved to 3 elements:
        1) <div class="dialogue">…</div> aka getByText('너굴: "자, 이제 정산을 해야지? 텐트 설치비, 인건비, 스마트폰 지급비, 그리고 섬 정착 수수료를 합치면..."')
        2) <div class="dialogue">…</div> aka getByText('너굴: "합계 49,800')
        3) <div class="dialogue">…</div> aka getByText('너굴: "좋아! 내가 특별히 \'너굴 뱅크\' 대출 계좌를 만들어 주지. 대신, 우리 은행 시스템이 아직 개발 중이라서... 네가 직접 네 계좌 정')

    Call log:
      - waiting for locator('[data-scene="2"]').locator('.dialogue')


      65 |     // Check for Nook dialogue about debt
      66 |     const dialogue = scene2.locator('.dialogue');
    > 67 |     const dialogueText = await dialogue.textContent();
         |                                         ^
      68 |     expect(dialogueText?.toUpperCase()).toContain('벨');
      69 |   });
      70 |
        at /mnt/d/progress/animal forest coding/e2e/story-page.spec.ts:67:41

    attachment #1: screenshot (image/png) ──────────────────────────────────────────────────────────
    ../test-results/story-page-Episode-1-너굴-코딩-a9a89--→-Scene-2-Navigation-works-webkit/test-failed-1.png
    ────────────────────────────────────────────────────────────────────────────────────────────────

    Error Context: ../test-results/story-page-Episode-1-너굴-코딩-a9a89--→-Scene-2-Navigation-works-webkit/error-context.md
]]>
</failure>
<system-out>
<![CDATA[
[[ATTACHMENT|story-page-Episode-1-너굴-코딩-a9a89--→-Scene-2-Navigation-works-webkit/test-failed-1.png]]

[[ATTACHMENT|story-page-Episode-1-너굴-코딩-a9a89--→-Scene-2-Navigation-works-webkit/error-context.md]]
]]>
</system-out>
</testcase>
<testcase name="Episode 1: 너굴 코딩 - 공짜는 없다구리! (Story Page) › ✅ Scene 2: Story progression with multiple images" classname="story-page.spec.ts" time="2.431">
<failure message="story-page.spec.ts:71:7 ✅ Scene 2: Story progression with multiple images" type="FAILURE">
<![CDATA[  [webkit] › story-page.spec.ts:71:7 › Episode 1: 너굴 코딩 - 공짜는 없다구리! (Story Page) › ✅ Scene 2: Story progression with multiple images 

    Error: expect(received).toContain(expected) // indexOf

    Expected substring: "49800"
    Received string:    "
                💰 빚과의 만남···························
                    너굴: \"자, 이제 정산을 해야지? 텐트 설치비, 인건비, 스마트폰 지급비, 그리고 섬 정착 수수료를 합치면...\"·········································
                    너굴: \"합계 49,800벨이다구리! 💰 ...뭐? 지금 빈털터리라고? 곤란하네, 곤란해.\"·········································
                    너굴: \"좋아! 내가 특별히 '너굴 뱅크' 대출 계좌를 만들어 주지. 대신, 우리 은행 시스템이 아직 개발 중이라서... 네가 직접 네 계좌 정보를 코딩해서 시스템에 등록해야 해.\"·········································
                    ← 이전
                    다음 →·············
            "

      87 |     // Verify 49,800 벨 debt is mentioned
      88 |     const scene2Text = await scene2.textContent();
    > 89 |     expect(scene2Text).toContain('49,800') || expect(scene2Text).toContain('49800');
         |                                                                  ^
      90 |   });
      91 |
      92 |   test('✅ Scene 3: Mission preparation displays', async ({ page }) => {
        at /mnt/d/progress/animal forest coding/e2e/story-page.spec.ts:89:66

    attachment #1: screenshot (image/png) ──────────────────────────────────────────────────────────
    ../test-results/story-page-Episode-1-너굴-코딩-58a84-ession-with-multiple-images-webkit/test-failed-1.png
    ────────────────────────────────────────────────────────────────────────────────────────────────

    Error Context: ../test-results/story-page-Episode-1-너굴-코딩-58a84-ession-with-multiple-images-webkit/error-context.md
]]>
</failure>
<system-out>
<![CDATA[
[[ATTACHMENT|story-page-Episode-1-너굴-코딩-58a84-ession-with-multiple-images-webkit/test-failed-1.png]]

[[ATTACHMENT|story-page-Episode-1-너굴-코딩-58a84-ession-with-multiple-images-webkit/error-context.md]]
]]>
</system-out>
</testcase>
<testcase name="Episode 1: 너굴 코딩 - 공짜는 없다구리! (Story Page) › ✅ Scene 3: Mission preparation displays" classname="story-page.spec.ts" time="2.189">
</testcase>
<testcase name="Episode 1: 너굴 코딩 - 공짜는 없다구리! (Story Page) › ✅ IDE Section: Becomes active after mission start" classname="story-page.spec.ts" time="4.526">
<failure message="story-page.spec.ts:117:7 ✅ IDE Section: Becomes active after mission start" type="FAILURE">
<![CDATA[  [webkit] › story-page.spec.ts:117:7 › Episode 1: 너굴 코딩 - 공짜는 없다구리! (Story Page) › ✅ IDE Section: Becomes active after mission start 

    Error: expect(locator).toBeVisible() failed

    Locator: locator('text=Step 1')
    Expected: visible
    Error: strict mode violation: locator('text=Step 1') resolved to 2 elements:
        1) <div class="step-counter">Step 1/3: 빚(Loan) 변수 선언</div> aka getByText('Step 1/3: 빚(Loan) 변수 선언')
        2) <label>Step 1의 코드에 이자율을 추가하세요:</label> aka getByText('Step 1의 코드에 이자율을 추가하세요:')

    Call log:
      - Expect "toBeVisible" with timeout 5000ms
      - waiting for locator('text=Step 1')


      138 |     // Step 1 mission should be visible
      139 |     const step1Title = page.locator('text=Step 1');
    > 140 |     await expect(step1Title).toBeVisible();
          |                              ^
      141 |   });
      142 |
      143 |   test('✅ IDE Step 1: Code validation - Success case', async ({ page }) => {
        at /mnt/d/progress/animal forest coding/e2e/story-page.spec.ts:140:30

    attachment #1: screenshot (image/png) ──────────────────────────────────────────────────────────
    ../test-results/story-page-Episode-1-너굴-코딩-646c5--active-after-mission-start-webkit/test-failed-1.png
    ────────────────────────────────────────────────────────────────────────────────────────────────

    Error Context: ../test-results/story-page-Episode-1-너굴-코딩-646c5--active-after-mission-start-webkit/error-context.md
]]>
</failure>
<system-out>
<![CDATA[
[[ATTACHMENT|story-page-Episode-1-너굴-코딩-646c5--active-after-mission-start-webkit/test-failed-1.png]]

[[ATTACHMENT|story-page-Episode-1-너굴-코딩-646c5--active-after-mission-start-webkit/error-context.md]]
]]>
</system-out>
</testcase>
<testcase name="Episode 1: 너굴 코딩 - 공짜는 없다구리! (Story Page) › ✅ IDE Step 1: Code validation - Success case" classname="story-page.spec.ts" time="30.396">
<failure message="story-page.spec.ts:143:7 ✅ IDE Step 1: Code validation - Success case" type="FAILURE">
<![CDATA[  [webkit] › story-page.spec.ts:143:7 › Episode 1: 너굴 코딩 - 공짜는 없다구리! (Story Page) › ✅ IDE Step 1: Code validation - Success case 

    Test timeout of 30000ms exceeded.

    Error: locator.fill: Test timeout of 30000ms exceeded.
    Call log:
      - waiting for locator('#editor1')


      159 |     // Find and fill the Step 1 editor
      160 |     const editor1 = page.locator('#editor1');
    > 161 |     await editor1.fill('int loan = 49800;');
          |                   ^
      162 |
      163 |     // Click run button for Step 1
      164 |     const runBtn1 = page.locator('button:has-text("▶ 코드 실행"):near(#editor1)').first();
        at /mnt/d/progress/animal forest coding/e2e/story-page.spec.ts:161:19

    attachment #1: screenshot (image/png) ──────────────────────────────────────────────────────────
    ../test-results/story-page-Episode-1-너굴-코딩-e7a84-e-validation---Success-case-webkit/test-failed-1.png
    ────────────────────────────────────────────────────────────────────────────────────────────────

    Error Context: ../test-results/story-page-Episode-1-너굴-코딩-e7a84-e-validation---Success-case-webkit/error-context.md
]]>
</failure>
<system-out>
<![CDATA[
[[ATTACHMENT|story-page-Episode-1-너굴-코딩-e7a84-e-validation---Success-case-webkit/test-failed-1.png]]

[[ATTACHMENT|story-page-Episode-1-너굴-코딩-e7a84-e-validation---Success-case-webkit/error-context.md]]
]]>
</system-out>
</testcase>
<testcase name="Episode 1: 너굴 코딩 - 공짜는 없다구리! (Story Page) › ✅ IDE Step 1: Code validation - Failure case (missing declaration)" classname="story-page.spec.ts" time="30.376">
<failure message="story-page.spec.ts:177:7 ✅ IDE Step 1: Code validation - Failure case (missing declaration)" type="FAILURE">
<![CDATA[  [webkit] › story-page.spec.ts:177:7 › Episode 1: 너굴 코딩 - 공짜는 없다구리! (Story Page) › ✅ IDE Step 1: Code validation - Failure case (missing declaration) 

    Test timeout of 30000ms exceeded.

    Error: locator.fill: Test timeout of 30000ms exceeded.
    Call log:
      - waiting for locator('#editor1')


      193 |     // Enter invalid code (missing "int" keyword)
      194 |     const editor1 = page.locator('#editor1');
    > 195 |     await editor1.fill('loan = 49800;');
          |                   ^
      196 |
      197 |     // Click run button
      198 |     const runBtn1 = page.locator('button:has-text("▶ 코드 실행"):near(#editor1)').first();
        at /mnt/d/progress/animal forest coding/e2e/story-page.spec.ts:195:19

    attachment #1: screenshot (image/png) ──────────────────────────────────────────────────────────
    ../test-results/story-page-Episode-1-너굴-코딩-5d80d-e-case-missing-declaration--webkit/test-failed-1.png
    ────────────────────────────────────────────────────────────────────────────────────────────────

    Error Context: ../test-results/story-page-Episode-1-너굴-코딩-5d80d-e-case-missing-declaration--webkit/error-context.md
]]>
</failure>
<system-out>
<![CDATA[
[[ATTACHMENT|story-page-Episode-1-너굴-코딩-5d80d-e-case-missing-declaration--webkit/test-failed-1.png]]

[[ATTACHMENT|story-page-Episode-1-너굴-코딩-5d80d-e-case-missing-declaration--webkit/error-context.md]]
]]>
</system-out>
</testcase>
<testcase name="Episode 1: 너굴 코딩 - 공짜는 없다구리! (Story Page) › ✅ IDE Step 2: Code validation - Success case" classname="story-page.spec.ts" time="30.361">
<failure message="story-page.spec.ts:211:7 ✅ IDE Step 2: Code validation - Success case" type="FAILURE">
<![CDATA[  [webkit] › story-page.spec.ts:211:7 › Episode 1: 너굴 코딩 - 공짜는 없다구리! (Story Page) › ✅ IDE Step 2: Code validation - Success case 

    Test timeout of 30000ms exceeded.

    Error: locator.fill: Test timeout of 30000ms exceeded.
    Call log:
      - waiting for locator('#editor1')


      227 |     // Complete Step 1
      228 |     const editor1 = page.locator('#editor1');
    > 229 |     await editor1.fill('int loan = 49800;');
          |                   ^
      230 |     const runBtn1 = page.locator('button:has-text("▶ 코드 실행"):near(#editor1)').first();
      231 |     await runBtn1.click();
      232 |
        at /mnt/d/progress/animal forest coding/e2e/story-page.spec.ts:229:19

    attachment #1: screenshot (image/png) ──────────────────────────────────────────────────────────
    ../test-results/story-page-Episode-1-너굴-코딩-04049-e-validation---Success-case-webkit/test-failed-1.png
    ────────────────────────────────────────────────────────────────────────────────────────────────

    Error Context: ../test-results/story-page-Episode-1-너굴-코딩-04049-e-validation---Success-case-webkit/error-context.md
]]>
</failure>
<system-out>
<![CDATA[
[[ATTACHMENT|story-page-Episode-1-너굴-코딩-04049-e-validation---Success-case-webkit/test-failed-1.png]]

[[ATTACHMENT|story-page-Episode-1-너굴-코딩-04049-e-validation---Success-case-webkit/error-context.md]]
]]>
</system-out>
</testcase>
<testcase name="Episode 1: 너굴 코딩 - 공짜는 없다구리! (Story Page) › ✅ IDE Step 3: Type casting validation - Failure without cast" classname="story-page.spec.ts" time="30.336">
<failure message="story-page.spec.ts:256:7 ✅ IDE Step 3: Type casting validation - Failure without cast" type="FAILURE">
<![CDATA[  [webkit] › story-page.spec.ts:256:7 › Episode 1: 너굴 코딩 - 공짜는 없다구리! (Story Page) › ✅ IDE Step 3: Type casting validation - Failure without cast 

    Test timeout of 30000ms exceeded.

    Error: locator.fill: Test timeout of 30000ms exceeded.
    Call log:
      - waiting for locator('#editor1')


      272 |     // Complete Steps 1 & 2
      273 |     const editor1 = page.locator('#editor1');
    > 274 |     await editor1.fill('int loan = 49800;');
          |                   ^
      275 |     let runBtn = page.locator('button:has-text("▶ 코드 실행"):near(#editor1)').first();
      276 |     await runBtn.click();
      277 |
        at /mnt/d/progress/animal forest coding/e2e/story-page.spec.ts:274:19

    attachment #1: screenshot (image/png) ──────────────────────────────────────────────────────────
    ../test-results/story-page-Episode-1-너굴-코딩-de6db-tion---Failure-without-cast-webkit/test-failed-1.png
    ────────────────────────────────────────────────────────────────────────────────────────────────

    Error Context: ../test-results/story-page-Episode-1-너굴-코딩-de6db-tion---Failure-without-cast-webkit/error-context.md
]]>
</failure>
<system-out>
<![CDATA[
[[ATTACHMENT|story-page-Episode-1-너굴-코딩-de6db-tion---Failure-without-cast-webkit/test-failed-1.png]]

[[ATTACHMENT|story-page-Episode-1-너굴-코딩-de6db-tion---Failure-without-cast-webkit/error-context.md]]
]]>
</system-out>
</testcase>
<testcase name="Episode 1: 너굴 코딩 - 공짜는 없다구리! (Story Page) › ✅ IDE Step 3: Type casting validation - Success with cast" classname="story-page.spec.ts" time="30.277">
<failure message="story-page.spec.ts:306:7 ✅ IDE Step 3: Type casting validation - Success with cast" type="FAILURE">
<![CDATA[  [webkit] › story-page.spec.ts:306:7 › Episode 1: 너굴 코딩 - 공짜는 없다구리! (Story Page) › ✅ IDE Step 3: Type casting validation - Success with cast 

    Test timeout of 30000ms exceeded.

    Error: locator.fill: Test timeout of 30000ms exceeded.
    Call log:
      - waiting for locator('#editor1')


      322 |     // Complete Steps 1 & 2
      323 |     const editor1 = page.locator('#editor1');
    > 324 |     await editor1.fill('int loan = 49800;');
          |                   ^
      325 |     let runBtn = page.locator('button:has-text("▶ 코드 실행"):near(#editor1)').first();
      326 |     await runBtn.click();
      327 |
        at /mnt/d/progress/animal forest coding/e2e/story-page.spec.ts:324:19

    attachment #1: screenshot (image/png) ──────────────────────────────────────────────────────────
    ../test-results/story-page-Episode-1-너굴-코딩-a3481-idation---Success-with-cast-webkit/test-failed-1.png
    ────────────────────────────────────────────────────────────────────────────────────────────────

    Error Context: ../test-results/story-page-Episode-1-너굴-코딩-a3481-idation---Success-with-cast-webkit/error-context.md
]]>
</failure>
<system-out>
<![CDATA[
[[ATTACHMENT|story-page-Episode-1-너굴-코딩-a3481-idation---Success-with-cast-webkit/test-failed-1.png]]

[[ATTACHMENT|story-page-Episode-1-너굴-코딩-a3481-idation---Success-with-cast-webkit/error-context.md]]
]]>
</system-out>
</testcase>
<testcase name="Episode 1: 너굴 코딩 - 공짜는 없다구리! (Story Page) › ✅ Progress bar updates correctly" classname="story-page.spec.ts" time="1.635">
<failure message="story-page.spec.ts:353:7 ✅ Progress bar updates correctly" type="FAILURE">
<![CDATA[  [webkit] › story-page.spec.ts:353:7 › Episode 1: 너굴 코딩 - 공짜는 없다구리! (Story Page) › ✅ Progress bar updates correctly 

    Error: expect(received).toContain(expected) // indexOf

    Expected substring: "1"
    Received string:    "·································································
            "

      360 |     // Progress should show we're at step 1
      361 |     const progressText1 = await progressBar.textContent();
    > 362 |     expect(progressText1).toContain('1');
          |                           ^
      363 |
      364 |     // Navigate to Scene 2
      365 |     const scene1 = page.locator('[data-scene="1"]');
        at /mnt/d/progress/animal forest coding/e2e/story-page.spec.ts:362:27

    attachment #1: screenshot (image/png) ──────────────────────────────────────────────────────────
    ../test-results/story-page-Episode-1-너굴-코딩-a9783-gress-bar-updates-correctly-webkit/test-failed-1.png
    ────────────────────────────────────────────────────────────────────────────────────────────────

    Error Context: ../test-results/story-page-Episode-1-너굴-코딩-a9783-gress-bar-updates-correctly-webkit/error-context.md
]]>
</failure>
<system-out>
<![CDATA[
[[ATTACHMENT|story-page-Episode-1-너굴-코딩-a9783-gress-bar-updates-correctly-webkit/test-failed-1.png]]

[[ATTACHMENT|story-page-Episode-1-너굴-코딩-a9783-gress-bar-updates-correctly-webkit/error-context.md]]
]]>
</system-out>
</testcase>
<testcase name="Episode 1: 너굴 코딩 - 공짜는 없다구리! (Story Page) › ✅ Responsive design on mobile viewport" classname="story-page.spec.ts" time="0.922">
<failure message="story-page.spec.ts:375:7 ✅ Responsive design on mobile viewport" type="FAILURE">
<![CDATA[  [webkit] › story-page.spec.ts:375:7 › Episode 1: 너굴 코딩 - 공짜는 없다구리! (Story Page) › ✅ Responsive design on mobile viewport 

    Error: expect(received).toMatch(expected)

    Expected pattern: /1fr/
    Received string:  "335px"

      386 |
      387 |     // On mobile, should be 1 column
    > 388 |     expect(computedStyle).toMatch(/1fr/) || expect(computedStyle).not.toContain(' ');
          |                           ^
      389 |
      390 |     // Verify content is still visible
      391 |     const scene1 = page.locator('[data-scene="1"]');
        at /mnt/d/progress/animal forest coding/e2e/story-page.spec.ts:388:27

    attachment #1: screenshot (image/png) ──────────────────────────────────────────────────────────
    ../test-results/story-page-Episode-1-너굴-코딩-f8126-e-design-on-mobile-viewport-webkit/test-failed-1.png
    ────────────────────────────────────────────────────────────────────────────────────────────────

    Error Context: ../test-results/story-page-Episode-1-너굴-코딩-f8126-e-design-on-mobile-viewport-webkit/error-context.md
]]>
</failure>
<system-out>
<![CDATA[
[[ATTACHMENT|story-page-Episode-1-너굴-코딩-f8126-e-design-on-mobile-viewport-webkit/test-failed-1.png]]

[[ATTACHMENT|story-page-Episode-1-너굴-코딩-f8126-e-design-on-mobile-viewport-webkit/error-context.md]]
]]>
</system-out>
</testcase>
<testcase name="Episode 1: 너굴 코딩 - 공짜는 없다구리! (Story Page) › ✅ All episode images load successfully" classname="story-page.spec.ts" time="4.979">
<failure message="story-page.spec.ts:400:7 ✅ All episode images load successfully" type="FAILURE">
<![CDATA[  [webkit] › story-page.spec.ts:400:7 › Episode 1: 너굴 코딩 - 공짜는 없다구리! (Story Page) › ✅ All episode images load successfully 

    Error: expect(received).toBeGreaterThan(expected)

    Expected: > 0
    Received:   0

      428 |
      429 |     // Verify at least some images loaded
    > 430 |     expect(loadedImages.length).toBeGreaterThan(0);
          |                                 ^
      431 |   });
      432 |
      433 |   test('✅ Scene 4: Completion screen displays after Step 3 success', async ({ page }) => {
        at /mnt/d/progress/animal forest coding/e2e/story-page.spec.ts:430:33

    attachment #1: screenshot (image/png) ──────────────────────────────────────────────────────────
    ../test-results/story-page-Episode-1-너굴-코딩-67ea5-de-images-load-successfully-webkit/test-failed-1.png
    ────────────────────────────────────────────────────────────────────────────────────────────────

    Error Context: ../test-results/story-page-Episode-1-너굴-코딩-67ea5-de-images-load-successfully-webkit/error-context.md
]]>
</failure>
<system-out>
<![CDATA[
[[ATTACHMENT|story-page-Episode-1-너굴-코딩-67ea5-de-images-load-successfully-webkit/test-failed-1.png]]

[[ATTACHMENT|story-page-Episode-1-너굴-코딩-67ea5-de-images-load-successfully-webkit/error-context.md]]
]]>
</system-out>
</testcase>
<testcase name="Episode 1: 너굴 코딩 - 공짜는 없다구리! (Story Page) › ✅ Scene 4: Completion screen displays after Step 3 success" classname="story-page.spec.ts" time="30.244">
<failure message="story-page.spec.ts:433:7 ✅ Scene 4: Completion screen displays after Step 3 success" type="FAILURE">
<![CDATA[  [webkit] › story-page.spec.ts:433:7 › Episode 1: 너굴 코딩 - 공짜는 없다구리! (Story Page) › ✅ Scene 4: Completion screen displays after Step 3 success 

    Test timeout of 30000ms exceeded.

    Error: locator.fill: Test timeout of 30000ms exceeded.
    Call log:
      - waiting for locator('#editor1')


      449 |     // Complete Step 1
      450 |     const editor1 = page.locator('#editor1');
    > 451 |     await editor1.fill('int loan = 49800;');
          |                   ^
      452 |     let runBtn = page.locator('button:has-text("▶ 코드 실행"):near(#editor1)').first();
      453 |     await runBtn.click();
      454 |     let nextStepBtn = page.locator('button:has-text("다음 단계 →")').first();
        at /mnt/d/progress/animal forest coding/e2e/story-page.spec.ts:451:19

    attachment #1: screenshot (image/png) ──────────────────────────────────────────────────────────
    ../test-results/story-page-Episode-1-너굴-코딩-08a30-splays-after-Step-3-success-webkit/test-failed-1.png
    ────────────────────────────────────────────────────────────────────────────────────────────────

    Error Context: ../test-results/story-page-Episode-1-너굴-코딩-08a30-splays-after-Step-3-success-webkit/error-context.md
]]>
</failure>
<system-out>
<![CDATA[
[[ATTACHMENT|story-page-Episode-1-너굴-코딩-08a30-splays-after-Step-3-success-webkit/test-failed-1.png]]

[[ATTACHMENT|story-page-Episode-1-너굴-코딩-08a30-splays-after-Step-3-success-webkit/error-context.md]]
]]>
</system-out>
</testcase>
</testsuite>
<testsuite name="complete-flow.spec.ts" timestamp="2025-12-04T15:45:49.799Z" hostname="Mobile Chrome" tests="12" failures="7" skipped="0" time="199.771" errors="0">
<testcase name="Complete App Flow - EntryPage → LoginPage → StoryPage › E2E-1: EntryPage should display title and start button" classname="complete-flow.spec.ts" time="1.766">
<system-out>
<![CDATA[✅ EntryPage: 타이틀과 시작 버튼 표시 완료
]]>
</system-out>
</testcase>
<testcase name="Complete App Flow - EntryPage → LoginPage → StoryPage › E2E-2: Click start button and navigate to LoginPage" classname="complete-flow.spec.ts" time="2.019">
<system-out>
<![CDATA[✅ EntryPage 클릭 후 이동: http://localhost:3002/story
]]>
</system-out>
</testcase>
<testcase name="Complete App Flow - EntryPage → LoginPage → StoryPage › E2E-3: LoginPage form and login functionality" classname="complete-flow.spec.ts" time="6.903">
<failure message="complete-flow.spec.ts:40:7 E2E-3: LoginPage form and login functionality" type="FAILURE">
<![CDATA[  [Mobile Chrome] › complete-flow.spec.ts:40:7 › Complete App Flow - EntryPage → LoginPage → StoryPage › E2E-3: LoginPage form and login functionality 

    Error: expect(locator).toBeVisible() failed

    Locator: locator('button').filter({ hasText: '로그인' }).first()
    Expected: visible
    Timeout: 5000ms
    Error: element(s) not found

    Call log:
      - Expect "toBeVisible" with timeout 5000ms
      - waiting for locator('button').filter({ hasText: '로그인' }).first()


      48 |     await expect(usernameInput).toBeVisible();
      49 |     await expect(passwordInput).toBeVisible();
    > 50 |     await expect(loginButton).toBeVisible();
         |                               ^
      51 |
      52 |     // 입력값 채우기
      53 |     await usernameInput.fill('testuser');
        at /mnt/d/progress/animal forest coding/e2e/complete-flow.spec.ts:50:31

    attachment #1: screenshot (image/png) ──────────────────────────────────────────────────────────
    ../test-results/complete-flow-Complete-App-9f170-orm-and-login-functionality-Mobile-Chrome/test-failed-1.png
    ────────────────────────────────────────────────────────────────────────────────────────────────

    Error Context: ../test-results/complete-flow-Complete-App-9f170-orm-and-login-functionality-Mobile-Chrome/error-context.md
]]>
</failure>
<system-out>
<![CDATA[
[[ATTACHMENT|complete-flow-Complete-App-9f170-orm-and-login-functionality-Mobile-Chrome/test-failed-1.png]]

[[ATTACHMENT|complete-flow-Complete-App-9f170-orm-and-login-functionality-Mobile-Chrome/error-context.md]]
]]>
</system-out>
</testcase>
<testcase name="Complete App Flow - EntryPage → LoginPage → StoryPage › E2E-4: Navigate to StoryPage after login" classname="complete-flow.spec.ts" time="30.252">
<failure message="complete-flow.spec.ts:62:7 E2E-4: Navigate to StoryPage after login" type="FAILURE">
<![CDATA[  [Mobile Chrome] › complete-flow.spec.ts:62:7 › Complete App Flow - EntryPage → LoginPage → StoryPage › E2E-4: Navigate to StoryPage after login 

    Test timeout of 30000ms exceeded.

    Error: locator.click: Test timeout of 30000ms exceeded.
    Call log:
      - waiting for locator('button').filter({ hasText: '로그인' }).first()


      70 |     await usernameInput.fill('testuser');
      71 |     await passwordInput.fill('testpass');
    > 72 |     await loginButton.click();
         |                       ^
      73 |
      74 |     // StoryPage로 이동 대기
      75 |     await page.waitForURL(/story/, { timeout: 5000 });
        at /mnt/d/progress/animal forest coding/e2e/complete-flow.spec.ts:72:23

    attachment #1: screenshot (image/png) ──────────────────────────────────────────────────────────
    ../test-results/complete-flow-Complete-App-bb6fb-te-to-StoryPage-after-login-Mobile-Chrome/test-failed-1.png
    ────────────────────────────────────────────────────────────────────────────────────────────────

    Error Context: ../test-results/complete-flow-Complete-App-bb6fb-te-to-StoryPage-after-login-Mobile-Chrome/error-context.md
]]>
</failure>
<system-out>
<![CDATA[
[[ATTACHMENT|complete-flow-Complete-App-bb6fb-te-to-StoryPage-after-login-Mobile-Chrome/test-failed-1.png]]

[[ATTACHMENT|complete-flow-Complete-App-bb6fb-te-to-StoryPage-after-login-Mobile-Chrome/error-context.md]]
]]>
</system-out>
</testcase>
<testcase name="Complete App Flow - EntryPage → LoginPage → StoryPage › E2E-5: StoryPage displays Scene 1 with img1.jpg" classname="complete-flow.spec.ts" time="1.846">
<system-out>
<![CDATA[✅ StoryPage Scene 1: img1.jpg 배경 확인 완료
]]>
</system-out>
</testcase>
<testcase name="Complete App Flow - EntryPage → LoginPage → StoryPage › E2E-6: Text typing animation" classname="complete-flow.spec.ts" time="2.962">
<system-out>
<![CDATA[초기 텍스트 길이: 6
1초 후 텍스트 길이: 14
✅ 텍스트 타이핑 애니메이션 작동 중
]]>
</system-out>
</testcase>
<testcase name="Complete App Flow - EntryPage → LoginPage → StoryPage › E2E-7: Next button progresses dialogue" classname="complete-flow.spec.ts" time="30.462">
<failure message="complete-flow.spec.ts:131:7 E2E-7: Next button progresses dialogue" type="FAILURE">
<![CDATA[  [Mobile Chrome] › complete-flow.spec.ts:131:7 › Complete App Flow - EntryPage → LoginPage → StoryPage › E2E-7: Next button progresses dialogue 

    Test timeout of 30000ms exceeded.

    Error: locator.click: Test timeout of 30000ms exceeded.
    Call log:
      - waiting for locator('button').filter({ hasText: /다음|시작하기/ }).first()
        - locator resolved to <button class="px-6 py-2 bg-gradient-to-br from-blue-600 to-blue-800 text-yellow-300 font-black rounded hover:from-blue-700 hover:to-blue-900 transition text-base md:text-lg shadow-lg">다음 →</button>
      - attempting click action
        2 × waiting for element to be visible, enabled and stable
          - element is visible, enabled and stable
          - scrolling into view if needed
          - done scrolling
          - <iframe title="너굴포트 IDE" class="ide-iframe" src="/nookphone.html" sandbox="allow-same-origin allow-scripts allow-forms"></iframe> from <div class="ide-window ">…</div> subtree intercepts pointer events
        - retrying click action
        - waiting 20ms
        2 × waiting for element to be visible, enabled and stable
          - element is visible, enabled and stable
          - scrolling into view if needed
          - done scrolling
          - <iframe title="너굴포트 IDE" class="ide-iframe" src="/nookphone.html" sandbox="allow-same-origin allow-scripts allow-forms"></iframe> from <div class="ide-window ">…</div> subtree intercepts pointer events
        - retrying click action
          - waiting 100ms
        57 × waiting for element to be visible, enabled and stable
           - element is visible, enabled and stable
           - scrolling into view if needed
           - done scrolling
           - <iframe title="너굴포트 IDE" class="ide-iframe" src="/nookphone.html" sandbox="allow-same-origin allow-scripts allow-forms"></iframe> from <div class="ide-window ">…</div> subtree intercepts pointer events
         - retrying click action
           - waiting 500ms


      138 |     // 다음 버튼 클릭
      139 |     const nextButton = page.locator('button').filter({ hasText: /다음|시작하기/ }).first();
    > 140 |     await nextButton.click();
          |                      ^
      141 |
      142 |     // 진행도 변경 대기
      143 |     await page.waitForTimeout(500);
        at /mnt/d/progress/animal forest coding/e2e/complete-flow.spec.ts:140:22

    attachment #1: screenshot (image/png) ──────────────────────────────────────────────────────────
    ../test-results/complete-flow-Complete-App-b9d2d--button-progresses-dialogue-Mobile-Chrome/test-failed-1.png
    ────────────────────────────────────────────────────────────────────────────────────────────────

    Error Context: ../test-results/complete-flow-Complete-App-b9d2d--button-progresses-dialogue-Mobile-Chrome/error-context.md
]]>
</failure>
<system-out>
<![CDATA[초기 진행도: 1 / 2 (1 / 5)

[[ATTACHMENT|complete-flow-Complete-App-b9d2d--button-progresses-dialogue-Mobile-Chrome/test-failed-1.png]]

[[ATTACHMENT|complete-flow-Complete-App-b9d2d--button-progresses-dialogue-Mobile-Chrome/error-context.md]]
]]>
</system-out>
</testcase>
<testcase name="Complete App Flow - EntryPage → LoginPage → StoryPage › E2E-8: Scene transitions from Scene 1 to Scene 2" classname="complete-flow.spec.ts" time="30.441">
<failure message="complete-flow.spec.ts:155:7 E2E-8: Scene transitions from Scene 1 to Scene 2" type="FAILURE">
<![CDATA[  [Mobile Chrome] › complete-flow.spec.ts:155:7 › Complete App Flow - EntryPage → LoginPage → StoryPage › E2E-8: Scene transitions from Scene 1 to Scene 2 

    Test timeout of 30000ms exceeded.

    Error: locator.click: Test timeout of 30000ms exceeded.
    Call log:
      - waiting for locator('button').filter({ hasText: /다음|시작하기/ }).first()
        - locator resolved to <button class="px-6 py-2 bg-gradient-to-br from-blue-600 to-blue-800 text-yellow-300 font-black rounded hover:from-blue-700 hover:to-blue-900 transition text-base md:text-lg shadow-lg">다음 →</button>
      - attempting click action
        2 × waiting for element to be visible, enabled and stable
          - element is visible, enabled and stable
          - scrolling into view if needed
          - done scrolling
          - <iframe title="너굴포트 IDE" class="ide-iframe" src="/nookphone.html" sandbox="allow-same-origin allow-scripts allow-forms"></iframe> from <div class="ide-window ">…</div> subtree intercepts pointer events
        - retrying click action
        - waiting 20ms
        2 × waiting for element to be visible, enabled and stable
          - element is visible, enabled and stable
          - scrolling into view if needed
          - done scrolling
          - <iframe title="너굴포트 IDE" class="ide-iframe" src="/nookphone.html" sandbox="allow-same-origin allow-scripts allow-forms"></iframe> from <div class="ide-window ">…</div> subtree intercepts pointer events
        - retrying click action
          - waiting 100ms
        56 × waiting for element to be visible, enabled and stable
           - element is visible, enabled and stable
           - scrolling into view if needed
           - done scrolling
           - <iframe title="너굴포트 IDE" class="ide-iframe" src="/nookphone.html" sandbox="allow-same-origin allow-scripts allow-forms"></iframe> from <div class="ide-window ">…</div> subtree intercepts pointer events
         - retrying click action
           - waiting 500ms


      160 |
      161 |     for (let i = 0; i < 4; i++) {
    > 162 |       await nextButton.click();
          |                        ^
      163 |       await page.waitForTimeout(300);
      164 |     }
      165 |
        at /mnt/d/progress/animal forest coding/e2e/complete-flow.spec.ts:162:24

    attachment #1: screenshot (image/png) ──────────────────────────────────────────────────────────
    ../test-results/complete-flow-Complete-App-152e4-ons-from-Scene-1-to-Scene-2-Mobile-Chrome/test-failed-1.png
    ────────────────────────────────────────────────────────────────────────────────────────────────

    Error Context: ../test-results/complete-flow-Complete-App-152e4-ons-from-Scene-1-to-Scene-2-Mobile-Chrome/error-context.md
]]>
</failure>
<system-out>
<![CDATA[
[[ATTACHMENT|complete-flow-Complete-App-152e4-ons-from-Scene-1-to-Scene-2-Mobile-Chrome/test-failed-1.png]]

[[ATTACHMENT|complete-flow-Complete-App-152e4-ons-from-Scene-1-to-Scene-2-Mobile-Chrome/error-context.md]]
]]>
</system-out>
</testcase>
<testcase name="Complete App Flow - EntryPage → LoginPage → StoryPage › E2E-9: Complete story and navigate to IDE" classname="complete-flow.spec.ts" time="30.444">
<failure message="complete-flow.spec.ts:181:7 E2E-9: Complete story and navigate to IDE" type="FAILURE">
<![CDATA[  [Mobile Chrome] › complete-flow.spec.ts:181:7 › Complete App Flow - EntryPage → LoginPage → StoryPage › E2E-9: Complete story and navigate to IDE 

    Test timeout of 30000ms exceeded.

    Error: locator.click: Test timeout of 30000ms exceeded.
    Call log:
      - waiting for locator('button').filter({ hasText: /다음|시작하기/ }).first()
        - locator resolved to <button class="px-6 py-2 bg-gradient-to-br from-blue-600 to-blue-800 text-yellow-300 font-black rounded hover:from-blue-700 hover:to-blue-900 transition text-base md:text-lg shadow-lg">다음 →</button>
      - attempting click action
        2 × waiting for element to be visible, enabled and stable
          - element is visible, enabled and stable
          - scrolling into view if needed
          - done scrolling
          - <iframe title="너굴포트 IDE" class="ide-iframe" src="/nookphone.html" sandbox="allow-same-origin allow-scripts allow-forms"></iframe> from <div class="ide-window ">…</div> subtree intercepts pointer events
        - retrying click action
        - waiting 20ms
        2 × waiting for element to be visible, enabled and stable
          - element is visible, enabled and stable
          - scrolling into view if needed
          - done scrolling
          - <iframe title="너굴포트 IDE" class="ide-iframe" src="/nookphone.html" sandbox="allow-same-origin allow-scripts allow-forms"></iframe> from <div class="ide-window ">…</div> subtree intercepts pointer events
        - retrying click action
          - waiting 100ms
        56 × waiting for element to be visible, enabled and stable
           - element is visible, enabled and stable
           - scrolling into view if needed
           - done scrolling
           - <iframe title="너굴포트 IDE" class="ide-iframe" src="/nookphone.html" sandbox="allow-same-origin allow-scripts allow-forms"></iframe> from <div class="ide-window ">…</div> subtree intercepts pointer events
         - retrying click action
           - waiting 500ms


      186 |     // Scene 1 (5 dialogues) + Scene 2 (6 dialogues) = 11 total
      187 |     for (let i = 0; i < 10; i++) {
    > 188 |       await nextButton.click();
          |                        ^
      189 |       await page.waitForTimeout(200);
      190 |     }
      191 |
        at /mnt/d/progress/animal forest coding/e2e/complete-flow.spec.ts:188:24

    attachment #1: screenshot (image/png) ──────────────────────────────────────────────────────────
    ../test-results/complete-flow-Complete-App-78374-e-story-and-navigate-to-IDE-Mobile-Chrome/test-failed-1.png
    ────────────────────────────────────────────────────────────────────────────────────────────────

    Error Context: ../test-results/complete-flow-Complete-App-78374-e-story-and-navigate-to-IDE-Mobile-Chrome/error-context.md
]]>
</failure>
<system-out>
<![CDATA[
[[ATTACHMENT|complete-flow-Complete-App-78374-e-story-and-navigate-to-IDE-Mobile-Chrome/test-failed-1.png]]

[[ATTACHMENT|complete-flow-Complete-App-78374-e-story-and-navigate-to-IDE-Mobile-Chrome/error-context.md]]
]]>
</system-out>
</testcase>
<testcase name="Complete App Flow - EntryPage → LoginPage → StoryPage › E2E-10: Skip button navigates directly to IDE" classname="complete-flow.spec.ts" time="30.481">
<failure message="complete-flow.spec.ts:206:7 E2E-10: Skip button navigates directly to IDE" type="FAILURE">
<![CDATA[  [Mobile Chrome] › complete-flow.spec.ts:206:7 › Complete App Flow - EntryPage → LoginPage → StoryPage › E2E-10: Skip button navigates directly to IDE 

    Test timeout of 30000ms exceeded.

    Error: locator.click: Test timeout of 30000ms exceeded.
    Call log:
      - waiting for locator('button').filter({ hasText: /스킵/ })
        - locator resolved to <button class="px-4 py-2 bg-gray-400 text-white font-bold rounded hover:bg-gray-500 transition text-sm md:text-base">스킵</button>
      - attempting click action
        2 × waiting for element to be visible, enabled and stable
          - element is visible, enabled and stable
          - scrolling into view if needed
          - done scrolling
          - <iframe title="너굴포트 IDE" class="ide-iframe" src="/nookphone.html" sandbox="allow-same-origin allow-scripts allow-forms"></iframe> from <div class="ide-window ">…</div> subtree intercepts pointer events
        - retrying click action
        - waiting 20ms
        2 × waiting for element to be visible, enabled and stable
          - element is visible, enabled and stable
          - scrolling into view if needed
          - done scrolling
          - <iframe title="너굴포트 IDE" class="ide-iframe" src="/nookphone.html" sandbox="allow-same-origin allow-scripts allow-forms"></iframe> from <div class="ide-window ">…</div> subtree intercepts pointer events
        - retrying click action
          - waiting 100ms
        57 × waiting for element to be visible, enabled and stable
           - element is visible, enabled and stable
           - scrolling into view if needed
           - done scrolling
           - <iframe title="너굴포트 IDE" class="ide-iframe" src="/nookphone.html" sandbox="allow-same-origin allow-scripts allow-forms"></iframe> from <div class="ide-window ">…</div> subtree intercepts pointer events
         - retrying click action
           - waiting 500ms


      212 |
      213 |     // 스킵 버튼 클릭
    > 214 |     await skipButton.click();
          |                      ^
      215 |
      216 |     // IDE 페이지로 즉시 이동
      217 |     await page.waitForURL(/ide/, { timeout: 5000 });
        at /mnt/d/progress/animal forest coding/e2e/complete-flow.spec.ts:214:22

    attachment #1: screenshot (image/png) ──────────────────────────────────────────────────────────
    ../test-results/complete-flow-Complete-App-ab751-n-navigates-directly-to-IDE-Mobile-Chrome/test-failed-1.png
    ────────────────────────────────────────────────────────────────────────────────────────────────

    Error Context: ../test-results/complete-flow-Complete-App-ab751-n-navigates-directly-to-IDE-Mobile-Chrome/error-context.md
]]>
</failure>
<system-out>
<![CDATA[
[[ATTACHMENT|complete-flow-Complete-App-ab751-n-navigates-directly-to-IDE-Mobile-Chrome/test-failed-1.png]]

[[ATTACHMENT|complete-flow-Complete-App-ab751-n-navigates-directly-to-IDE-Mobile-Chrome/error-context.md]]
]]>
</system-out>
</testcase>
<testcase name="Complete App Flow - EntryPage → LoginPage → StoryPage › E2E-11: Responsive design on mobile viewport" classname="complete-flow.spec.ts" time="1.727">
<system-out>
<![CDATA[✅ 모바일 반응형 디자인 확인 완료
]]>
</system-out>
</testcase>
<testcase name="Complete App Flow - EntryPage → LoginPage → StoryPage › E2E-12: Complete flow from Entry to IDE" classname="complete-flow.spec.ts" time="30.468">
<failure message="complete-flow.spec.ts:249:7 E2E-12: Complete flow from Entry to IDE" type="FAILURE">
<![CDATA[  [Mobile Chrome] › complete-flow.spec.ts:249:7 › Complete App Flow - EntryPage → LoginPage → StoryPage › E2E-12: Complete flow from Entry to IDE 

    Test timeout of 30000ms exceeded.

    Error: locator.click: Test timeout of 30000ms exceeded.
    Call log:
      - waiting for locator('button').filter({ hasText: /다음|시작하기/ }).first()
        - locator resolved to <button class="px-6 py-2 bg-gradient-to-br from-blue-600 to-blue-800 text-yellow-300 font-black rounded hover:from-blue-700 hover:to-blue-900 transition text-base md:text-lg shadow-lg">다음 →</button>
      - attempting click action
        2 × waiting for element to be visible, enabled and stable
          - element is visible, enabled and stable
          - scrolling into view if needed
          - done scrolling
          - <iframe title="너굴포트 IDE" class="ide-iframe" src="/nookphone.html" sandbox="allow-same-origin allow-scripts allow-forms"></iframe> from <div class="ide-window ">…</div> subtree intercepts pointer events
        - retrying click action
        - waiting 20ms
        2 × waiting for element to be visible, enabled and stable
          - element is visible, enabled and stable
          - scrolling into view if needed
          - done scrolling
          - <iframe title="너굴포트 IDE" class="ide-iframe" src="/nookphone.html" sandbox="allow-same-origin allow-scripts allow-forms"></iframe> from <div class="ide-window ">…</div> subtree intercepts pointer events
        - retrying click action
          - waiting 100ms
        56 × waiting for element to be visible, enabled and stable
           - element is visible, enabled and stable
           - scrolling into view if needed
           - done scrolling
           - <iframe title="너굴포트 IDE" class="ide-iframe" src="/nookphone.html" sandbox="allow-same-origin allow-scripts allow-forms"></iframe> from <div class="ide-window ">…</div> subtree intercepts pointer events
         - retrying click action
           - waiting 500ms


      294 |
      295 |     for (let i = 0; i < 4; i++) {
    > 296 |       await nextButton.click();
          |                        ^
      297 |       await page.waitForTimeout(300);
      298 |     }
      299 |     console.log('7️⃣ Scene 1 대사 진행 (5개)');
        at /mnt/d/progress/animal forest coding/e2e/complete-flow.spec.ts:296:24

    attachment #1: screenshot (image/png) ──────────────────────────────────────────────────────────
    ../test-results/complete-flow-Complete-App-7b6fe-lete-flow-from-Entry-to-IDE-Mobile-Chrome/test-failed-1.png
    ────────────────────────────────────────────────────────────────────────────────────────────────

    Error Context: ../test-results/complete-flow-Complete-App-7b6fe-lete-flow-from-Entry-to-IDE-Mobile-Chrome/error-context.md
]]>
</failure>
<system-out>
<![CDATA[
========== 완전한 플로우 테스트 시작 ==========
1️⃣ EntryPage 도착
2️⃣ 시작 버튼 클릭
3️⃣ EntryPage에서 직접 StoryPage로 이동
5️⃣ StoryPage 도착 - Tom Nook 표시
6️⃣ Scene 1: img1.jpg 배경 확인

[[ATTACHMENT|complete-flow-Complete-App-7b6fe-lete-flow-from-Entry-to-IDE-Mobile-Chrome/test-failed-1.png]]

[[ATTACHMENT|complete-flow-Complete-App-7b6fe-lete-flow-from-Entry-to-IDE-Mobile-Chrome/error-context.md]]
]]>
</system-out>
</testcase>
</testsuite>
<testsuite name="comprehensive.e2e.spec.ts" timestamp="2025-12-04T15:45:49.799Z" hostname="Mobile Chrome" tests="36" failures="12" skipped="0" time="5.847" errors="0">
<testcase name="E2E Tests - 사용자 시나리오 › 1. API 헬스 체크 › should access API health endpoint" classname="comprehensive.e2e.spec.ts" time="0.209">
</testcase>
<testcase name="E2E Tests - 사용자 시나리오 › 1. API 헬스 체크 › should have all services available" classname="comprehensive.e2e.spec.ts" time="0.149">
</testcase>
<testcase name="E2E Tests - 사용자 시나리오 › 2. 캐릭터 및 콘텐츠 로딩 › should fetch characters successfully" classname="comprehensive.e2e.spec.ts" time="0.105">
</testcase>
<testcase name="E2E Tests - 사용자 시나리오 › 2. 캐릭터 및 콘텐츠 로딩 › should fetch topics successfully" classname="comprehensive.e2e.spec.ts" time="0.105">
</testcase>
<testcase name="E2E Tests - 사용자 시나리오 › 2. 캐릭터 및 콘텐츠 로딩 › should fetch content for valid character and topic" classname="comprehensive.e2e.spec.ts" time="0.098">
</testcase>
<testcase name="E2E Tests - 사용자 시나리오 › 2. 캐릭터 및 콘텐츠 로딩 › should search content" classname="comprehensive.e2e.spec.ts" time="0.122">
</testcase>
<testcase name="E2E Tests - 사용자 시나리오 › 3. 페이지 로딩 및 렌더링 › should load frontend homepage" classname="comprehensive.e2e.spec.ts" time="0.168">
<failure message="comprehensive.e2e.spec.ts:107:9 should load frontend homepage" type="FAILURE">
<![CDATA[  [Mobile Chrome] › comprehensive.e2e.spec.ts:107:9 › E2E Tests - 사용자 시나리오 › 3. 페이지 로딩 및 렌더링 › should load frontend homepage 

    Error: page.goto: net::ERR_CONNECTION_REFUSED at http://localhost:3000/
    Call log:
      - navigating to "http://localhost:3000/", waiting until "load"


      106 |   test.describe('3. 페이지 로딩 및 렌더링', () => {
      107 |     test('should load frontend homepage', async ({ page }) => {
    > 108 |       await page.goto(BASE_URL);
          |                  ^
      109 |
      110 |       // 페이지가 로드되었는지 확인
      111 |       expect(page.url()).toContain(BASE_URL);
        at /mnt/d/progress/animal forest coding/e2e/comprehensive.e2e.spec.ts:108:18

    attachment #1: screenshot (image/png) ──────────────────────────────────────────────────────────
    ../test-results/comprehensive.e2e-E2E-Test-1d324-ould-load-frontend-homepage-Mobile-Chrome/test-failed-1.png
    ────────────────────────────────────────────────────────────────────────────────────────────────
]]>
</failure>
<system-out>
<![CDATA[
[[ATTACHMENT|comprehensive.e2e-E2E-Test-1d324-ould-load-frontend-homepage-Mobile-Chrome/test-failed-1.png]]
]]>
</system-out>
</testcase>
<testcase name="E2E Tests - 사용자 시나리오 › 3. 페이지 로딩 및 렌더링 › should handle navigation" classname="comprehensive.e2e.spec.ts" time="0.247">
<failure message="comprehensive.e2e.spec.ts:118:9 should handle navigation" type="FAILURE">
<![CDATA[  [Mobile Chrome] › comprehensive.e2e.spec.ts:118:9 › E2E Tests - 사용자 시나리오 › 3. 페이지 로딩 및 렌더링 › should handle navigation 

    Error: page.goto: net::ERR_CONNECTION_REFUSED at http://localhost:3000/
    Call log:
      - navigating to "http://localhost:3000/", waiting until "load"


      117 |
      118 |     test('should handle navigation', async ({ page }) => {
    > 119 |       await page.goto(BASE_URL);
          |                  ^
      120 |
      121 |       // 페이지 기본 구조 확인
      122 |       const pageContent = await page.content();
        at /mnt/d/progress/animal forest coding/e2e/comprehensive.e2e.spec.ts:119:18

    attachment #1: screenshot (image/png) ──────────────────────────────────────────────────────────
    ../test-results/comprehensive.e2e-E2E-Test-3c3e1-더링-should-handle-navigation-Mobile-Chrome/test-failed-1.png
    ────────────────────────────────────────────────────────────────────────────────────────────────
]]>
</failure>
<system-out>
<![CDATA[
[[ATTACHMENT|comprehensive.e2e-E2E-Test-3c3e1-더링-should-handle-navigation-Mobile-Chrome/test-failed-1.png]]
]]>
</system-out>
</testcase>
<testcase name="E2E Tests - 사용자 시나리오 › 3. 페이지 로딩 및 렌더링 › should be responsive on mobile viewport" classname="comprehensive.e2e.spec.ts" time="0.227">
<failure message="comprehensive.e2e.spec.ts:127:9 should be responsive on mobile viewport" type="FAILURE">
<![CDATA[  [Mobile Chrome] › comprehensive.e2e.spec.ts:127:9 › E2E Tests - 사용자 시나리오 › 3. 페이지 로딩 및 렌더링 › should be responsive on mobile viewport 

    Error: page.goto: net::ERR_CONNECTION_REFUSED at http://localhost:3000/
    Call log:
      - navigating to "http://localhost:3000/", waiting until "load"


      129 |       await page.setViewportSize({ width: 390, height: 844 });
      130 |
    > 131 |       await page.goto(BASE_URL);
          |                  ^
      132 |
      133 |       // 모바일에서도 렌더링 가능해야 함
      134 |       const bodyHeight = await page.evaluate(() => document.body.scrollHeight);
        at /mnt/d/progress/animal forest coding/e2e/comprehensive.e2e.spec.ts:131:18

    attachment #1: screenshot (image/png) ──────────────────────────────────────────────────────────
    ../test-results/comprehensive.e2e-E2E-Test-6e731-sponsive-on-mobile-viewport-Mobile-Chrome/test-failed-1.png
    ────────────────────────────────────────────────────────────────────────────────────────────────
]]>
</failure>
<system-out>
<![CDATA[
[[ATTACHMENT|comprehensive.e2e-E2E-Test-6e731-sponsive-on-mobile-viewport-Mobile-Chrome/test-failed-1.png]]
]]>
</system-out>
</testcase>
<testcase name="E2E Tests - 사용자 시나리오 › 3. 페이지 로딩 및 렌더링 › should be responsive on tablet viewport" classname="comprehensive.e2e.spec.ts" time="0.286">
<failure message="comprehensive.e2e.spec.ts:138:9 should be responsive on tablet viewport" type="FAILURE">
<![CDATA[  [Mobile Chrome] › comprehensive.e2e.spec.ts:138:9 › E2E Tests - 사용자 시나리오 › 3. 페이지 로딩 및 렌더링 › should be responsive on tablet viewport 

    Error: page.goto: net::ERR_CONNECTION_REFUSED at http://localhost:3000/
    Call log:
      - navigating to "http://localhost:3000/", waiting until "load"


      140 |       await page.setViewportSize({ width: 768, height: 1024 });
      141 |
    > 142 |       await page.goto(BASE_URL);
          |                  ^
      143 |
      144 |       const bodyHeight = await page.evaluate(() => document.body.scrollHeight);
      145 |       expect(bodyHeight).toBeGreaterThan(0);
        at /mnt/d/progress/animal forest coding/e2e/comprehensive.e2e.spec.ts:142:18

    attachment #1: screenshot (image/png) ──────────────────────────────────────────────────────────
    ../test-results/comprehensive.e2e-E2E-Test-89f90-sponsive-on-tablet-viewport-Mobile-Chrome/test-failed-1.png
    ────────────────────────────────────────────────────────────────────────────────────────────────
]]>
</failure>
<system-out>
<![CDATA[
[[ATTACHMENT|comprehensive.e2e-E2E-Test-89f90-sponsive-on-tablet-viewport-Mobile-Chrome/test-failed-1.png]]
]]>
</system-out>
</testcase>
<testcase name="E2E Tests - 사용자 시나리오 › 3. 페이지 로딩 및 렌더링 › should be responsive on desktop viewport" classname="comprehensive.e2e.spec.ts" time="0.422">
<failure message="comprehensive.e2e.spec.ts:148:9 should be responsive on desktop viewport" type="FAILURE">
<![CDATA[  [Mobile Chrome] › comprehensive.e2e.spec.ts:148:9 › E2E Tests - 사용자 시나리오 › 3. 페이지 로딩 및 렌더링 › should be responsive on desktop viewport 

    Error: page.goto: net::ERR_CONNECTION_REFUSED at http://localhost:3000/
    Call log:
      - navigating to "http://localhost:3000/", waiting until "load"


      150 |       await page.setViewportSize({ width: 1920, height: 1080 });
      151 |
    > 152 |       await page.goto(BASE_URL);
          |                  ^
      153 |
      154 |       const bodyHeight = await page.evaluate(() => document.body.scrollHeight);
      155 |       expect(bodyHeight).toBeGreaterThan(0);
        at /mnt/d/progress/animal forest coding/e2e/comprehensive.e2e.spec.ts:152:18

    attachment #1: screenshot (image/png) ──────────────────────────────────────────────────────────
    ../test-results/comprehensive.e2e-E2E-Test-051a0-ponsive-on-desktop-viewport-Mobile-Chrome/test-failed-1.png
    ────────────────────────────────────────────────────────────────────────────────────────────────
]]>
</failure>
<system-out>
<![CDATA[
[[ATTACHMENT|comprehensive.e2e-E2E-Test-051a0-ponsive-on-desktop-viewport-Mobile-Chrome/test-failed-1.png]]
]]>
</system-out>
</testcase>
<testcase name="E2E Tests - 사용자 시나리오 › 4. 성능 메트릭 › should load within acceptable time" classname="comprehensive.e2e.spec.ts" time="0.221">
<failure message="comprehensive.e2e.spec.ts:160:9 should load within acceptable time" type="FAILURE">
<![CDATA[  [Mobile Chrome] › comprehensive.e2e.spec.ts:160:9 › E2E Tests - 사용자 시나리오 › 4. 성능 메트릭 › should load within acceptable time 

    Error: page.goto: net::ERR_CONNECTION_REFUSED at http://localhost:3000/
    Call log:
      - navigating to "http://localhost:3000/", waiting until "networkidle"


      161 |       const startTime = Date.now();
      162 |
    > 163 |       await page.goto(BASE_URL, { waitUntil: 'networkidle' });
          |                  ^
      164 |
      165 |       const loadTime = Date.now() - startTime;
      166 |       expect(loadTime).toBeLessThan(3000); // 3초 이내
        at /mnt/d/progress/animal forest coding/e2e/comprehensive.e2e.spec.ts:163:18

    attachment #1: screenshot (image/png) ──────────────────────────────────────────────────────────
    ../test-results/comprehensive.e2e-E2E-Test-0fd75-load-within-acceptable-time-Mobile-Chrome/test-failed-1.png
    ────────────────────────────────────────────────────────────────────────────────────────────────
]]>
</failure>
<system-out>
<![CDATA[
[[ATTACHMENT|comprehensive.e2e-E2E-Test-0fd75-load-within-acceptable-time-Mobile-Chrome/test-failed-1.png]]
]]>
</system-out>
</testcase>
<testcase name="E2E Tests - 사용자 시나리오 › 4. 성능 메트릭 › should fetch API data quickly" classname="comprehensive.e2e.spec.ts" time="0.157">
</testcase>
<testcase name="E2E Tests - 사용자 시나리오 › 4. 성능 메트릭 › should handle multiple concurrent requests" classname="comprehensive.e2e.spec.ts" time="0.194">
</testcase>
<testcase name="E2E Tests - 사용자 시나리오 › 5. 접근성 검증 › should be navigable with keyboard" classname="comprehensive.e2e.spec.ts" time="0.253">
<failure message="comprehensive.e2e.spec.ts:202:9 should be navigable with keyboard" type="FAILURE">
<![CDATA[  [Mobile Chrome] › comprehensive.e2e.spec.ts:202:9 › E2E Tests - 사용자 시나리오 › 5. 접근성 검증 › should be navigable with keyboard 

    Error: page.goto: net::ERR_CONNECTION_REFUSED at http://localhost:3000/
    Call log:
      - navigating to "http://localhost:3000/", waiting until "load"


      201 |   test.describe('5. 접근성 검증', () => {
      202 |     test('should be navigable with keyboard', async ({ page }) => {
    > 203 |       await page.goto(BASE_URL);
          |                  ^
      204 |
      205 |       // Tab 키로 네비게이션 가능해야 함
      206 |       await page.keyboard.press('Tab');
        at /mnt/d/progress/animal forest coding/e2e/comprehensive.e2e.spec.ts:203:18

    attachment #1: screenshot (image/png) ──────────────────────────────────────────────────────────
    ../test-results/comprehensive.e2e-E2E-Test-7354b--be-navigable-with-keyboard-Mobile-Chrome/test-failed-1.png
    ────────────────────────────────────────────────────────────────────────────────────────────────
]]>
</failure>
<system-out>
<![CDATA[
[[ATTACHMENT|comprehensive.e2e-E2E-Test-7354b--be-navigable-with-keyboard-Mobile-Chrome/test-failed-1.png]]
]]>
</system-out>
</testcase>
<testcase name="E2E Tests - 사용자 시나리오 › 5. 접근성 검증 › should have readable text contrast" classname="comprehensive.e2e.spec.ts" time="0.24">
<failure message="comprehensive.e2e.spec.ts:217:9 should have readable text contrast" type="FAILURE">
<![CDATA[  [Mobile Chrome] › comprehensive.e2e.spec.ts:217:9 › E2E Tests - 사용자 시나리오 › 5. 접근성 검증 › should have readable text contrast 

    Error: page.goto: net::ERR_CONNECTION_REFUSED at http://localhost:3000/
    Call log:
      - navigating to "http://localhost:3000/", waiting until "load"


      216 |
      217 |     test('should have readable text contrast', async ({ page }) => {
    > 218 |       await page.goto(BASE_URL);
          |                  ^
      219 |
      220 |       // 메인 콘텐츠가 읽을 수 있는지 확인
      221 |       const mainContent = await page.locator('body').textContent();
        at /mnt/d/progress/animal forest coding/e2e/comprehensive.e2e.spec.ts:218:18

    attachment #1: screenshot (image/png) ──────────────────────────────────────────────────────────
    ../test-results/comprehensive.e2e-E2E-Test-2afb4-have-readable-text-contrast-Mobile-Chrome/test-failed-1.png
    ────────────────────────────────────────────────────────────────────────────────────────────────
]]>
</failure>
<system-out>
<![CDATA[
[[ATTACHMENT|comprehensive.e2e-E2E-Test-2afb4-have-readable-text-contrast-Mobile-Chrome/test-failed-1.png]]
]]>
</system-out>
</testcase>
<testcase name="E2E Tests - 사용자 시나리오 › 6. 오류 처리 › should handle invalid routes gracefully" classname="comprehensive.e2e.spec.ts" time="0.214">
<failure message="comprehensive.e2e.spec.ts:228:9 should handle invalid routes gracefully" type="FAILURE">
<![CDATA[  [Mobile Chrome] › comprehensive.e2e.spec.ts:228:9 › E2E Tests - 사용자 시나리오 › 6. 오류 처리 › should handle invalid routes gracefully 

    Error: page.goto: net::ERR_CONNECTION_REFUSED at http://localhost:3000/invalid-route
    Call log:
      - navigating to "http://localhost:3000/invalid-route", waiting until "networkidle"


      227 |   test.describe('6. 오류 처리', () => {
      228 |     test('should handle invalid routes gracefully', async ({ page }) => {
    > 229 |       const response = await page.goto(`${BASE_URL}/invalid-route`, {
          |                                   ^
      230 |         waitUntil: 'networkidle',
      231 |       });
      232 |
        at /mnt/d/progress/animal forest coding/e2e/comprehensive.e2e.spec.ts:229:35

    attachment #1: screenshot (image/png) ──────────────────────────────────────────────────────────
    ../test-results/comprehensive.e2e-E2E-Test-f4594-e-invalid-routes-gracefully-Mobile-Chrome/test-failed-1.png
    ────────────────────────────────────────────────────────────────────────────────────────────────
]]>
</failure>
<system-out>
<![CDATA[
[[ATTACHMENT|comprehensive.e2e-E2E-Test-f4594-e-invalid-routes-gracefully-Mobile-Chrome/test-failed-1.png]]
]]>
</system-out>
</testcase>
<testcase name="E2E Tests - 사용자 시나리오 › 6. 오류 처리 › should handle network errors gracefully" classname="comprehensive.e2e.spec.ts" time="0.17">
</testcase>
<testcase name="E2E Tests - 사용자 시나리오 › 6. 오류 처리 › should display appropriate error messages" classname="comprehensive.e2e.spec.ts" time="0.126">
<failure message="comprehensive.e2e.spec.ts:251:9 should display appropriate error messages" type="FAILURE">
<![CDATA[  [Mobile Chrome] › comprehensive.e2e.spec.ts:251:9 › E2E Tests - 사용자 시나리오 › 6. 오류 처리 › should display appropriate error messages 

    Error: page.goto: net::ERR_CONNECTION_REFUSED at http://localhost:3000/invalid
    Call log:
      - navigating to "http://localhost:3000/invalid", waiting until "load"


      250 |
      251 |     test('should display appropriate error messages', async ({ page }) => {
    > 252 |       await page.goto(`${BASE_URL}/invalid`);
          |                  ^
      253 |
      254 |       // 페이지는 로드되어야 함
      255 |       const content = await page.content();
        at /mnt/d/progress/animal forest coding/e2e/comprehensive.e2e.spec.ts:252:18

    attachment #1: screenshot (image/png) ──────────────────────────────────────────────────────────
    ../test-results/comprehensive.e2e-E2E-Test-9070a--appropriate-error-messages-Mobile-Chrome/test-failed-1.png
    ────────────────────────────────────────────────────────────────────────────────────────────────
]]>
</failure>
<system-out>
<![CDATA[
[[ATTACHMENT|comprehensive.e2e-E2E-Test-9070a--appropriate-error-messages-Mobile-Chrome/test-failed-1.png]]
]]>
</system-out>
</testcase>
<testcase name="E2E Tests - 사용자 시나리오 › 7. API 엔드포인트 검증 › GET /api/health › should return health status" classname="comprehensive.e2e.spec.ts" time="0.167">
</testcase>
<testcase name="E2E Tests - 사용자 시나리오 › 7. API 엔드포인트 검증 › GET /api/characters › should return non-empty character list" classname="comprehensive.e2e.spec.ts" time="0.115">
</testcase>
<testcase name="E2E Tests - 사용자 시나리오 › 7. API 엔드포인트 검증 › GET /api/characters › should include character properties" classname="comprehensive.e2e.spec.ts" time="0.09">
</testcase>
<testcase name="E2E Tests - 사용자 시나리오 › 7. API 엔드포인트 검증 › GET /api/topics › should return paginated results" classname="comprehensive.e2e.spec.ts" time="0.089">
</testcase>
<testcase name="E2E Tests - 사용자 시나리오 › 7. API 엔드포인트 검증 › GET /api/topics › should support difficulty filtering" classname="comprehensive.e2e.spec.ts" time="0.087">
</testcase>
<testcase name="E2E Tests - 사용자 시나리오 › 7. API 엔드포인트 검증 › GET /api/search › should search content" classname="comprehensive.e2e.spec.ts" time="0.091">
</testcase>
<testcase name="E2E Tests - 사용자 시나리오 › 7. API 엔드포인트 검증 › GET /api/search › should return empty array for non-matching query" classname="comprehensive.e2e.spec.ts" time="0.133">
</testcase>
<testcase name="E2E Tests - 사용자 시나리오 › 7. API 엔드포인트 검증 › POST /api/tts › should require text and character fields" classname="comprehensive.e2e.spec.ts" time="0.157">
<failure message="comprehensive.e2e.spec.ts:335:11 should require text and character fields" type="FAILURE">
<![CDATA[  [Mobile Chrome] › comprehensive.e2e.spec.ts:335:11 › E2E Tests - 사용자 시나리오 › 7. API 엔드포인트 검증 › POST /api/tts › should require text and character fields 

    Error: expect(received).toBe(expected) // Object.is equality

    Expected: 400
    Received: 429

      340 |         });
      341 |
    > 342 |         expect(response.status).toBe(400);
          |                                 ^
      343 |       });
      344 |
      345 |       test('should accept valid TTS request', async () => {
        at /mnt/d/progress/animal forest coding/e2e/comprehensive.e2e.spec.ts:342:33

    attachment #1: screenshot (image/png) ──────────────────────────────────────────────────────────
    ../test-results/comprehensive.e2e-E2E-Test-c8c24-e-text-and-character-fields-Mobile-Chrome/test-failed-1.png
    ────────────────────────────────────────────────────────────────────────────────────────────────
]]>
</failure>
<system-out>
<![CDATA[
[[ATTACHMENT|comprehensive.e2e-E2E-Test-c8c24-e-text-and-character-fields-Mobile-Chrome/test-failed-1.png]]
]]>
</system-out>
</testcase>
<testcase name="E2E Tests - 사용자 시나리오 › 7. API 엔드포인트 검증 › POST /api/tts › should accept valid TTS request" classname="comprehensive.e2e.spec.ts" time="0.224">
<failure message="comprehensive.e2e.spec.ts:345:11 should accept valid TTS request" type="FAILURE">
<![CDATA[  [Mobile Chrome] › comprehensive.e2e.spec.ts:345:11 › E2E Tests - 사용자 시나리오 › 7. API 엔드포인트 검증 › POST /api/tts › should accept valid TTS request 

    Error: expect(received).toContain(expected) // indexOf

    Expected value: 429
    Received array: [200, 400, 404, 500]

      354 |
      355 |         // 200 (성공) 또는 400/404 (오류)
    > 356 |         expect([200, 400, 404, 500]).toContain(response.status);
          |                                      ^
      357 |       });
      358 |     });
      359 |   });
        at /mnt/d/progress/animal forest coding/e2e/comprehensive.e2e.spec.ts:356:38

    attachment #1: screenshot (image/png) ──────────────────────────────────────────────────────────
    ../test-results/comprehensive.e2e-E2E-Test-1917c-ld-accept-valid-TTS-request-Mobile-Chrome/test-failed-1.png
    ────────────────────────────────────────────────────────────────────────────────────────────────
]]>
</failure>
<system-out>
<![CDATA[
[[ATTACHMENT|comprehensive.e2e-E2E-Test-1917c-ld-accept-valid-TTS-request-Mobile-Chrome/test-failed-1.png]]
]]>
</system-out>
</testcase>
<testcase name="E2E Tests - 사용자 시나리오 › 8. 데이터 일관성 › should return consistent data across requests" classname="comprehensive.e2e.spec.ts" time="0.177">
</testcase>
<testcase name="E2E Tests - 사용자 시나리오 › 8. 데이터 일관성 › should not have duplicate character IDs" classname="comprehensive.e2e.spec.ts" time="0.164">
</testcase>
<testcase name="E2E Tests - 사용자 시나리오 › 8. 데이터 일관성 › should have valid topic difficulty levels" classname="comprehensive.e2e.spec.ts" time="0.152">
</testcase>
<testcase name="E2E Tests - 사용자 시나리오 › 9. 캐싱 검증 › should cache responses efficiently" classname="comprehensive.e2e.spec.ts" time="0.154">
</testcase>
<testcase name="E2E Tests - 사용자 시나리오 › 10. 보안 기본사항 › should not expose sensitive information" classname="comprehensive.e2e.spec.ts" time="0.116">
</testcase>
<testcase name="E2E Tests - 사용자 시나리오 › 10. 보안 기본사항 › should handle CORS properly" classname="comprehensive.e2e.spec.ts" time="0.104">
</testcase>
<testcase name="E2E Tests - 사용자 시나리오 › 10. 보안 기본사항 › should validate input parameters" classname="comprehensive.e2e.spec.ts" time="0.09">
</testcase>
<testcase name="사용자 시나리오 - 통합 흐름 › User journey: Home → Content → Search → Health" classname="comprehensive.e2e.spec.ts" time="0.024">
</testcase>
</testsuite>
<testsuite name="story-page-quick.spec.ts" timestamp="2025-12-04T15:45:49.799Z" hostname="Mobile Chrome" tests="7" failures="2" skipped="0" time="66.184" errors="0">
<testcase name="Episode 1: Story Page Quick Verification › ✅ Story page loads with correct title" classname="story-page-quick.spec.ts" time="0.476">
</testcase>
<testcase name="Episode 1: Story Page Quick Verification › ✅ Scene 1 displays with opening image" classname="story-page-quick.spec.ts" time="0.428">
</testcase>
<testcase name="Episode 1: Story Page Quick Verification › ✅ Step 1 IDE: int variable validation works" classname="story-page-quick.spec.ts" time="30.298">
<failure message="story-page-quick.spec.ts:21:7 ✅ Step 1 IDE: int variable validation works" type="FAILURE">
<![CDATA[  [Mobile Chrome] › story-page-quick.spec.ts:21:7 › Episode 1: Story Page Quick Verification › ✅ Step 1 IDE: int variable validation works 

    Test timeout of 30000ms exceeded.

    Error: locator.click: Test timeout of 30000ms exceeded.
    Call log:
      - waiting for locator('button:has-text("다음")').first()
        - locator resolved to <button onclick="goToScene(2)">다음 →</button>
      - attempting click action
        2 × waiting for element to be visible, enabled and stable
          - element is not visible
        - retrying click action
        - waiting 20ms
        2 × waiting for element to be visible, enabled and stable
          - element is not visible
        - retrying click action
          - waiting 100ms
        54 × waiting for element to be visible, enabled and stable
           - element is not visible
         - retrying click action
           - waiting 500ms


      28 |
      29 |     const nextBtn2 = page.locator('button:has-text("다음")').first();
    > 30 |     await nextBtn2.click();
         |                    ^
      31 |     await page.waitForTimeout(500);
      32 |
      33 |     const startBtn = page.locator('button:has-text("IDE 시작")');
        at /mnt/d/progress/animal forest coding/e2e/story-page-quick.spec.ts:30:20

    attachment #1: screenshot (image/png) ──────────────────────────────────────────────────────────
    ../test-results/story-page-quick-Episode-1-c9a69-t-variable-validation-works-Mobile-Chrome/test-failed-1.png
    ────────────────────────────────────────────────────────────────────────────────────────────────

    Error Context: ../test-results/story-page-quick-Episode-1-c9a69-t-variable-validation-works-Mobile-Chrome/error-context.md
]]>
</failure>
<system-out>
<![CDATA[
[[ATTACHMENT|story-page-quick-Episode-1-c9a69-t-variable-validation-works-Mobile-Chrome/test-failed-1.png]]

[[ATTACHMENT|story-page-quick-Episode-1-c9a69-t-variable-validation-works-Mobile-Chrome/error-context.md]]
]]>
</system-out>
</testcase>
<testcase name="Episode 1: Story Page Quick Verification › ✅ Step 1 validation fails on incorrect code" classname="story-page-quick.spec.ts" time="30.353">
<failure message="story-page-quick.spec.ts:58:7 ✅ Step 1 validation fails on incorrect code" type="FAILURE">
<![CDATA[  [Mobile Chrome] › story-page-quick.spec.ts:58:7 › Episode 1: Story Page Quick Verification › ✅ Step 1 validation fails on incorrect code 

    Test timeout of 30000ms exceeded.

    Error: locator.click: Test timeout of 30000ms exceeded.
    Call log:
      - waiting for locator('button:has-text("다음")').first()
        - locator resolved to <button onclick="goToScene(2)">다음 →</button>
      - attempting click action
        2 × waiting for element to be visible, enabled and stable
          - element is not visible
        - retrying click action
        - waiting 20ms
        2 × waiting for element to be visible, enabled and stable
          - element is not visible
        - retrying click action
          - waiting 100ms
        54 × waiting for element to be visible, enabled and stable
           - element is not visible
         - retrying click action
           - waiting 500ms


      65 |
      66 |     const nextBtn2 = page.locator('button:has-text("다음")').first();
    > 67 |     await nextBtn2.click();
         |                    ^
      68 |     await page.waitForTimeout(500);
      69 |
      70 |     const startBtn = page.locator('button:has-text("IDE 시작")');
        at /mnt/d/progress/animal forest coding/e2e/story-page-quick.spec.ts:67:20

    attachment #1: screenshot (image/png) ──────────────────────────────────────────────────────────
    ../test-results/story-page-quick-Episode-1-db8c6-ion-fails-on-incorrect-code-Mobile-Chrome/test-failed-1.png
    ────────────────────────────────────────────────────────────────────────────────────────────────

    Error Context: ../test-results/story-page-quick-Episode-1-db8c6-ion-fails-on-incorrect-code-Mobile-Chrome/error-context.md
]]>
</failure>
<system-out>
<![CDATA[
[[ATTACHMENT|story-page-quick-Episode-1-db8c6-ion-fails-on-incorrect-code-Mobile-Chrome/test-failed-1.png]]

[[ATTACHMENT|story-page-quick-Episode-1-db8c6-ion-fails-on-incorrect-code-Mobile-Chrome/error-context.md]]
]]>
</system-out>
</testcase>
<testcase name="Episode 1: Story Page Quick Verification › ✅ Progress bar visible and updates" classname="story-page-quick.spec.ts" time="1.778">
</testcase>
<testcase name="Episode 1: Story Page Quick Verification › ✅ Mobile responsive design" classname="story-page-quick.spec.ts" time="0.474">
</testcase>
<testcase name="Episode 1: Story Page Quick Verification › ✅ All images load without errors" classname="story-page-quick.spec.ts" time="2.377">
</testcase>
</testsuite>
<testsuite name="story-page-sample.spec.ts" timestamp="2025-12-04T15:45:49.799Z" hostname="Mobile Chrome" tests="7" failures="7" skipped="0" time="1.211" errors="0">
<testcase name="Story Page - Stage 2 System Level Tests › should load story page successfully" classname="story-page-sample.spec.ts" time="0.109">
<failure message="story-page-sample.spec.ts:29:7 should load story page successfully" type="FAILURE">
<![CDATA[  [Mobile Chrome] › story-page-sample.spec.ts:29:7 › Story Page - Stage 2 System Level Tests › should load story page successfully 

    Error: page.goto: net::ERR_CONNECTION_REFUSED at http://localhost:3000/story.html
    Call log:
      - navigating to "http://localhost:3000/story.html", waiting until "networkidle"


      20 |   test.beforeEach(async ({ page }) => {
      21 |     // Navigate to story page
    > 22 |     await page.goto(storyPageURL, { waitUntil: 'networkidle' });
         |                ^
      23 |   });
      24 |
      25 |   // ============================================
        at /mnt/d/progress/animal forest coding/e2e/story-page-sample.spec.ts:22:16

    attachment #1: screenshot (image/png) ──────────────────────────────────────────────────────────
    ../test-results/story-page-sample-Story-Pa-112ab-oad-story-page-successfully-Mobile-Chrome/test-failed-1.png
    ────────────────────────────────────────────────────────────────────────────────────────────────
]]>
</failure>
<system-out>
<![CDATA[
[[ATTACHMENT|story-page-sample-Story-Pa-112ab-oad-story-page-successfully-Mobile-Chrome/test-failed-1.png]]
]]>
</system-out>
</testcase>
<testcase name="Story Page - Stage 2 System Level Tests › should display background image correctly" classname="story-page-sample.spec.ts" time="0.208">
<failure message="story-page-sample.spec.ts:49:7 should display background image correctly" type="FAILURE">
<![CDATA[  [Mobile Chrome] › story-page-sample.spec.ts:49:7 › Story Page - Stage 2 System Level Tests › should display background image correctly 

    Error: page.goto: net::ERR_CONNECTION_REFUSED at http://localhost:3000/story.html
    Call log:
      - navigating to "http://localhost:3000/story.html", waiting until "networkidle"


      20 |   test.beforeEach(async ({ page }) => {
      21 |     // Navigate to story page
    > 22 |     await page.goto(storyPageURL, { waitUntil: 'networkidle' });
         |                ^
      23 |   });
      24 |
      25 |   // ============================================
        at /mnt/d/progress/animal forest coding/e2e/story-page-sample.spec.ts:22:16

    attachment #1: screenshot (image/png) ──────────────────────────────────────────────────────────
    ../test-results/story-page-sample-Story-Pa-31aec--background-image-correctly-Mobile-Chrome/test-failed-1.png
    ────────────────────────────────────────────────────────────────────────────────────────────────
]]>
</failure>
<system-out>
<![CDATA[
[[ATTACHMENT|story-page-sample-Story-Pa-31aec--background-image-correctly-Mobile-Chrome/test-failed-1.png]]
]]>
</system-out>
</testcase>
<testcase name="Story Page - Stage 2 System Level Tests › should have IDE editor element available" classname="story-page-sample.spec.ts" time="0.186">
<failure message="story-page-sample.spec.ts:76:7 should have IDE editor element available" type="FAILURE">
<![CDATA[  [Mobile Chrome] › story-page-sample.spec.ts:76:7 › Story Page - Stage 2 System Level Tests › should have IDE editor element available 

    Error: page.goto: net::ERR_CONNECTION_REFUSED at http://localhost:3000/story.html
    Call log:
      - navigating to "http://localhost:3000/story.html", waiting until "networkidle"


      20 |   test.beforeEach(async ({ page }) => {
      21 |     // Navigate to story page
    > 22 |     await page.goto(storyPageURL, { waitUntil: 'networkidle' });
         |                ^
      23 |   });
      24 |
      25 |   // ============================================
        at /mnt/d/progress/animal forest coding/e2e/story-page-sample.spec.ts:22:16

    attachment #1: screenshot (image/png) ──────────────────────────────────────────────────────────
    ../test-results/story-page-sample-Story-Pa-240c3-DE-editor-element-available-Mobile-Chrome/test-failed-1.png
    ────────────────────────────────────────────────────────────────────────────────────────────────
]]>
</failure>
<system-out>
<![CDATA[
[[ATTACHMENT|story-page-sample-Story-Pa-240c3-DE-editor-element-available-Mobile-Chrome/test-failed-1.png]]
]]>
</system-out>
</testcase>
<testcase name="Story Page - Stage 2 System Level Tests › should have navigation elements" classname="story-page-sample.spec.ts" time="0.203">
<failure message="story-page-sample.spec.ts:96:7 should have navigation elements" type="FAILURE">
<![CDATA[  [Mobile Chrome] › story-page-sample.spec.ts:96:7 › Story Page - Stage 2 System Level Tests › should have navigation elements 

    Error: page.goto: net::ERR_CONNECTION_REFUSED at http://localhost:3000/story.html
    Call log:
      - navigating to "http://localhost:3000/story.html", waiting until "networkidle"


      20 |   test.beforeEach(async ({ page }) => {
      21 |     // Navigate to story page
    > 22 |     await page.goto(storyPageURL, { waitUntil: 'networkidle' });
         |                ^
      23 |   });
      24 |
      25 |   // ============================================
        at /mnt/d/progress/animal forest coding/e2e/story-page-sample.spec.ts:22:16

    attachment #1: screenshot (image/png) ──────────────────────────────────────────────────────────
    ../test-results/story-page-sample-Story-Pa-5d4dc-ld-have-navigation-elements-Mobile-Chrome/test-failed-1.png
    ────────────────────────────────────────────────────────────────────────────────────────────────
]]>
</failure>
<system-out>
<![CDATA[
[[ATTACHMENT|story-page-sample-Story-Pa-5d4dc-ld-have-navigation-elements-Mobile-Chrome/test-failed-1.png]]
]]>
</system-out>
</testcase>
<testcase name="Story Page - Stage 2 System Level Tests › should be responsive to window resize" classname="story-page-sample.spec.ts" time="0.182">
<failure message="story-page-sample.spec.ts:117:7 should be responsive to window resize" type="FAILURE">
<![CDATA[  [Mobile Chrome] › story-page-sample.spec.ts:117:7 › Story Page - Stage 2 System Level Tests › should be responsive to window resize 

    Error: page.goto: net::ERR_CONNECTION_REFUSED at http://localhost:3000/story.html
    Call log:
      - navigating to "http://localhost:3000/story.html", waiting until "networkidle"


      20 |   test.beforeEach(async ({ page }) => {
      21 |     // Navigate to story page
    > 22 |     await page.goto(storyPageURL, { waitUntil: 'networkidle' });
         |                ^
      23 |   });
      24 |
      25 |   // ============================================
        at /mnt/d/progress/animal forest coding/e2e/story-page-sample.spec.ts:22:16

    attachment #1: screenshot (image/png) ──────────────────────────────────────────────────────────
    ../test-results/story-page-sample-Story-Pa-238a2-responsive-to-window-resize-Mobile-Chrome/test-failed-1.png
    ────────────────────────────────────────────────────────────────────────────────────────────────
]]>
</failure>
<system-out>
<![CDATA[
[[ATTACHMENT|story-page-sample-Story-Pa-238a2-responsive-to-window-resize-Mobile-Chrome/test-failed-1.png]]
]]>
</system-out>
</testcase>
<testcase name="Story Page - Stage 2 System Level Tests › should maintain page integrity after interactions" classname="story-page-sample.spec.ts" time="0.201">
<failure message="story-page-sample.spec.ts:142:7 should maintain page integrity after interactions" type="FAILURE">
<![CDATA[  [Mobile Chrome] › story-page-sample.spec.ts:142:7 › Story Page - Stage 2 System Level Tests › should maintain page integrity after interactions 

    Error: page.goto: net::ERR_CONNECTION_REFUSED at http://localhost:3000/story.html
    Call log:
      - navigating to "http://localhost:3000/story.html", waiting until "networkidle"


      20 |   test.beforeEach(async ({ page }) => {
      21 |     // Navigate to story page
    > 22 |     await page.goto(storyPageURL, { waitUntil: 'networkidle' });
         |                ^
      23 |   });
      24 |
      25 |   // ============================================
        at /mnt/d/progress/animal forest coding/e2e/story-page-sample.spec.ts:22:16

    attachment #1: screenshot (image/png) ──────────────────────────────────────────────────────────
    ../test-results/story-page-sample-Story-Pa-75cdf-ntegrity-after-interactions-Mobile-Chrome/test-failed-1.png
    ────────────────────────────────────────────────────────────────────────────────────────────────
]]>
</failure>
<system-out>
<![CDATA[
[[ATTACHMENT|story-page-sample-Story-Pa-75cdf-ntegrity-after-interactions-Mobile-Chrome/test-failed-1.png]]
]]>
</system-out>
</testcase>
<testcase name="Story Page - Stage 2 System Level Tests › should not have critical console errors on load" classname="story-page-sample.spec.ts" time="0.122">
<failure message="story-page-sample.spec.ts:174:7 should not have critical console errors on load" type="FAILURE">
<![CDATA[  [Mobile Chrome] › story-page-sample.spec.ts:174:7 › Story Page - Stage 2 System Level Tests › should not have critical console errors on load 

    Error: page.goto: net::ERR_CONNECTION_REFUSED at http://localhost:3000/story.html
    Call log:
      - navigating to "http://localhost:3000/story.html", waiting until "networkidle"


      20 |   test.beforeEach(async ({ page }) => {
      21 |     // Navigate to story page
    > 22 |     await page.goto(storyPageURL, { waitUntil: 'networkidle' });
         |                ^
      23 |   });
      24 |
      25 |   // ============================================
        at /mnt/d/progress/animal forest coding/e2e/story-page-sample.spec.ts:22:16

    attachment #1: screenshot (image/png) ──────────────────────────────────────────────────────────
    ../test-results/story-page-sample-Story-Pa-f5c10-ical-console-errors-on-load-Mobile-Chrome/test-failed-1.png
    ────────────────────────────────────────────────────────────────────────────────────────────────
]]>
</failure>
<system-out>
<![CDATA[
[[ATTACHMENT|story-page-sample-Story-Pa-f5c10-ical-console-errors-on-load-Mobile-Chrome/test-failed-1.png]]
]]>
</system-out>
</testcase>
</testsuite>
<testsuite name="story-page-validated.spec.ts" timestamp="2025-12-04T15:45:49.799Z" hostname="Mobile Chrome" tests="16" failures="3" skipped="0" time="65.227" errors="0">
<testcase name="Episode 1: Story Page - Complete Validation › ✅ Page loads successfully with all scenes" classname="story-page-validated.spec.ts" time="0.475">
</testcase>
<testcase name="Episode 1: Story Page - Complete Validation › ✅ Scene 1: Opening displays correctly" classname="story-page-validated.spec.ts" time="0.451">
</testcase>
<testcase name="Episode 1: Story Page - Complete Validation › ✅ Scene navigation: Scene 1 → Scene 2" classname="story-page-validated.spec.ts" time="1.341">
</testcase>
<testcase name="Episode 1: Story Page - Complete Validation › ✅ Scene 2: Story content displays with debt amount" classname="story-page-validated.spec.ts" time="1.446">
<failure message="story-page-validated.spec.ts:46:7 ✅ Scene 2: Story content displays with debt amount" type="FAILURE">
<![CDATA[  [Mobile Chrome] › story-page-validated.spec.ts:46:7 › Episode 1: Story Page - Complete Validation › ✅ Scene 2: Story content displays with debt amount 

    Error: expect(received).toContain(expected) // indexOf

    Expected substring: "49800"
    Received string:    "
                💰 빚과의 만남···························
                    너굴: \"자, 이제 정산을 해야지? 텐트 설치비, 인건비, 스마트폰 지급비, 그리고 섬 정착 수수료를 합치면...\"·········································
                    너굴: \"합계 49,800벨이다구리! 💰 ...뭐? 지금 빈털터리라고? 곤란하네, 곤란해.\"·········································
                    너굴: \"좋아! 내가 특별히 '너굴 뱅크' 대출 계좌를 만들어 주지. 대신, 우리 은행 시스템이 아직 개발 중이라서... 네가 직접 네 계좌 정보를 코딩해서 시스템에 등록해야 해.\"·········································
                    ← 이전
                    다음 →·············
            "

      54 |
      55 |     // Check for debt amount
    > 56 |     expect(text).toContain('49,800') || expect(text).toContain('49800');
         |                                                      ^
      57 |
      58 |     // Check for multiple images
      59 |     const images = scene2.locator('img');
        at /mnt/d/progress/animal forest coding/e2e/story-page-validated.spec.ts:56:54

    attachment #1: screenshot (image/png) ──────────────────────────────────────────────────────────
    ../test-results/story-page-validated-Episo-c84d8-t-displays-with-debt-amount-Mobile-Chrome/test-failed-1.png
    ────────────────────────────────────────────────────────────────────────────────────────────────

    Error Context: ../test-results/story-page-validated-Episo-c84d8-t-displays-with-debt-amount-Mobile-Chrome/error-context.md
]]>
</failure>
<system-out>
<![CDATA[
[[ATTACHMENT|story-page-validated-Episo-c84d8-t-displays-with-debt-amount-Mobile-Chrome/test-failed-1.png]]

[[ATTACHMENT|story-page-validated-Episo-c84d8-t-displays-with-debt-amount-Mobile-Chrome/error-context.md]]
]]>
</system-out>
</testcase>
<testcase name="Episode 1: Story Page - Complete Validation › ✅ Scene 3: Mission preparation" classname="story-page-validated.spec.ts" time="2.4">
</testcase>
<testcase name="Episode 1: Story Page - Complete Validation › ✅ IDE Section: Appears after mission start" classname="story-page-validated.spec.ts" time="3.168">
</testcase>
<testcase name="Episode 1: Story Page - Complete Validation › ✅ Step 1: Code validation - SUCCESS (int loan = 49800)" classname="story-page-validated.spec.ts" time="3.173">
</testcase>
<testcase name="Episode 1: Story Page - Complete Validation › ✅ Step 1: Code validation - FAILURE (missing int)" classname="story-page-validated.spec.ts" time="3.433">
</testcase>
<testcase name="Episode 1: Story Page - Complete Validation › ✅ Step 2: Accessible after Step 1 success" classname="story-page-validated.spec.ts" time="3.44">
</testcase>
<testcase name="Episode 1: Story Page - Complete Validation › ✅ Step 2: Code validation - SUCCESS (double interestRate = 0.05)" classname="story-page-validated.spec.ts" time="30.161">
<failure message="story-page-validated.spec.ts:180:7 ✅ Step 2: Code validation - SUCCESS (double interestRate = 0.05)" type="FAILURE">
<![CDATA[  [Mobile Chrome] › story-page-validated.spec.ts:180:7 › Episode 1: Story Page - Complete Validation › ✅ Step 2: Code validation - SUCCESS (double interestRate = 0.05) 

    Test timeout of 30000ms exceeded.

    Error: locator.click: Test timeout of 30000ms exceeded.
    Call log:
      - waiting for locator('#mission-2 button:has-text("▶ 코드 実行")').first()


      196 |     await editor2.clear();
      197 |     await editor2.type('int loan = 49800;\ndouble interestRate = 0.05;');
    > 198 |     await page.locator('#mission-2 button:has-text("▶ 코드 実行")').first().click();
          |                                                                         ^
      199 |
      200 |     // Check output for success
      201 |     const output = page.locator('#output-content-step2');
        at /mnt/d/progress/animal forest coding/e2e/story-page-validated.spec.ts:198:73

    attachment #1: screenshot (image/png) ──────────────────────────────────────────────────────────
    ../test-results/story-page-validated-Episo-3a269-S-double-interestRate-0-05--Mobile-Chrome/test-failed-1.png
    ────────────────────────────────────────────────────────────────────────────────────────────────

    Error Context: ../test-results/story-page-validated-Episo-3a269-S-double-interestRate-0-05--Mobile-Chrome/error-context.md
]]>
</failure>
<system-out>
<![CDATA[
[[ATTACHMENT|story-page-validated-Episo-3a269-S-double-interestRate-0-05--Mobile-Chrome/test-failed-1.png]]

[[ATTACHMENT|story-page-validated-Episo-3a269-S-double-interestRate-0-05--Mobile-Chrome/error-context.md]]
]]>
</system-out>
</testcase>
<testcase name="Episode 1: Story Page - Complete Validation › ✅ Step 3: Type casting validation - FAILURE without cast" classname="story-page-validated.spec.ts" time="4.107">
</testcase>
<testcase name="Episode 1: Story Page - Complete Validation › ✅ Step 3: Type casting validation - SUCCESS with cast" classname="story-page-validated.spec.ts" time="4.018">
</testcase>
<testcase name="Episode 1: Story Page - Complete Validation › ✅ Scene 4: Completion screen accessible" classname="story-page-validated.spec.ts" time="3.396">
</testcase>
<testcase name="Episode 1: Story Page - Complete Validation › ✅ Progress bar updates through scenes" classname="story-page-validated.spec.ts" time="0.498">
<failure message="story-page-validated.spec.ts:318:7 ✅ Progress bar updates through scenes" type="FAILURE">
<![CDATA[  [Mobile Chrome] › story-page-validated.spec.ts:318:7 › Episode 1: Story Page - Complete Validation › ✅ Progress bar updates through scenes 

    Error: expect(received).toBeGreaterThan(expected)

    Expected: > 0
    Received:   0

      325 |     let items = page.locator('.progress-item');
      326 |     let activeCount = await items.locator('.active, .completed').count();
    > 327 |     expect(activeCount).toBeGreaterThan(0);
          |                         ^
      328 |
      329 |     // After navigation
      330 |     await page.locator('[data-scene="1"] button:has-text("다음")').click();
        at /mnt/d/progress/animal forest coding/e2e/story-page-validated.spec.ts:327:25

    attachment #1: screenshot (image/png) ──────────────────────────────────────────────────────────
    ../test-results/story-page-validated-Episo-6babf--bar-updates-through-scenes-Mobile-Chrome/test-failed-1.png
    ────────────────────────────────────────────────────────────────────────────────────────────────

    Error Context: ../test-results/story-page-validated-Episo-6babf--bar-updates-through-scenes-Mobile-Chrome/error-context.md
]]>
</failure>
<system-out>
<![CDATA[
[[ATTACHMENT|story-page-validated-Episo-6babf--bar-updates-through-scenes-Mobile-Chrome/test-failed-1.png]]

[[ATTACHMENT|story-page-validated-Episo-6babf--bar-updates-through-scenes-Mobile-Chrome/error-context.md]]
]]>
</system-out>
</testcase>
<testcase name="Episode 1: Story Page - Complete Validation › ✅ Mobile responsiveness (375px viewport)" classname="story-page-validated.spec.ts" time="0.478">
</testcase>
<testcase name="Episode 1: Story Page - Complete Validation › ✅ Reset button functionality" classname="story-page-validated.spec.ts" time="3.242">
</testcase>
</testsuite>
<testsuite name="story-page.spec.ts" timestamp="2025-12-04T15:45:49.799Z" hostname="Mobile Chrome" tests="15" failures="13" skipped="0" time="226.528" errors="0">
<testcase name="Episode 1: 너굴 코딩 - 공짜는 없다구리! (Story Page) › ✅ Page loads successfully" classname="story-page.spec.ts" time="0.485">
</testcase>
<testcase name="Episode 1: 너굴 코딩 - 공짜는 없다구리! (Story Page) › ✅ Scene 1: Opening cutscene displays correctly" classname="story-page.spec.ts" time="30.291">
<failure message="story-page.spec.ts:25:7 ✅ Scene 1: Opening cutscene displays correctly" type="FAILURE">
<![CDATA[  [Mobile Chrome] › story-page.spec.ts:25:7 › Episode 1: 너굴 코딩 - 공짜는 없다구리! (Story Page) › ✅ Scene 1: Opening cutscene displays correctly 

    Test timeout of 30000ms exceeded.

    Error: locator.textContent: Test timeout of 30000ms exceeded.
    Call log:
      - waiting for locator('[data-scene="1"]').locator('.dialogue')


      36 |     // Check for Nook dialogue
      37 |     const dialogue = scene1.locator('.dialogue');
    > 38 |     const dialogueText = await dialogue.textContent();
         |                                         ^
      39 |     expect(dialogueText).toContain('너굴');
      40 |
      41 |     // "다음" button should be visible
        at /mnt/d/progress/animal forest coding/e2e/story-page.spec.ts:38:41

    attachment #1: screenshot (image/png) ──────────────────────────────────────────────────────────
    ../test-results/story-page-Episode-1-너굴-코딩-75960-cutscene-displays-correctly-Mobile-Chrome/test-failed-1.png
    ────────────────────────────────────────────────────────────────────────────────────────────────

    Error Context: ../test-results/story-page-Episode-1-너굴-코딩-75960-cutscene-displays-correctly-Mobile-Chrome/error-context.md
]]>
</failure>
<system-out>
<![CDATA[
[[ATTACHMENT|story-page-Episode-1-너굴-코딩-75960-cutscene-displays-correctly-Mobile-Chrome/test-failed-1.png]]

[[ATTACHMENT|story-page-Episode-1-너굴-코딩-75960-cutscene-displays-correctly-Mobile-Chrome/error-context.md]]
]]>
</system-out>
</testcase>
<testcase name="Episode 1: 너굴 코딩 - 공짜는 없다구리! (Story Page) › ✅ Scene 1 → Scene 2: Navigation works" classname="story-page.spec.ts" time="1.369">
<failure message="story-page.spec.ts:46:7 ✅ Scene 1 → Scene 2: Navigation works" type="FAILURE">
<![CDATA[  [Mobile Chrome] › story-page.spec.ts:46:7 › Episode 1: 너굴 코딩 - 공짜는 없다구리! (Story Page) › ✅ Scene 1 → Scene 2: Navigation works 

    Error: locator.textContent: Error: strict mode violation: locator('[data-scene="2"]').locator('.dialogue') resolved to 3 elements:
        1) <div class="dialogue">…</div> aka getByText('너굴: "자, 이제 정산을 해야지? 텐트 설치비, 인건비, 스마트폰 지급비, 그리고 섬 정착 수수료를 합치면..."')
        2) <div class="dialogue">…</div> aka getByText('너굴: "합계 49,800')
        3) <div class="dialogue">…</div> aka getByText('너굴: "좋아! 내가 특별히 \'너굴 뱅크\' 대출 계좌를 만들어 주지. 대신, 우리 은행 시스템이 아직 개발 중이라서... 네가 직접 네 계좌 정')

    Call log:
      - waiting for locator('[data-scene="2"]').locator('.dialogue')


      65 |     // Check for Nook dialogue about debt
      66 |     const dialogue = scene2.locator('.dialogue');
    > 67 |     const dialogueText = await dialogue.textContent();
         |                                         ^
      68 |     expect(dialogueText?.toUpperCase()).toContain('벨');
      69 |   });
      70 |
        at /mnt/d/progress/animal forest coding/e2e/story-page.spec.ts:67:41

    attachment #1: screenshot (image/png) ──────────────────────────────────────────────────────────
    ../test-results/story-page-Episode-1-너굴-코딩-a9a89--→-Scene-2-Navigation-works-Mobile-Chrome/test-failed-1.png
    ────────────────────────────────────────────────────────────────────────────────────────────────

    Error Context: ../test-results/story-page-Episode-1-너굴-코딩-a9a89--→-Scene-2-Navigation-works-Mobile-Chrome/error-context.md
]]>
</failure>
<system-out>
<![CDATA[
[[ATTACHMENT|story-page-Episode-1-너굴-코딩-a9a89--→-Scene-2-Navigation-works-Mobile-Chrome/test-failed-1.png]]

[[ATTACHMENT|story-page-Episode-1-너굴-코딩-a9a89--→-Scene-2-Navigation-works-Mobile-Chrome/error-context.md]]
]]>
</system-out>
</testcase>
<testcase name="Episode 1: 너굴 코딩 - 공짜는 없다구리! (Story Page) › ✅ Scene 2: Story progression with multiple images" classname="story-page.spec.ts" time="1.496">
<failure message="story-page.spec.ts:71:7 ✅ Scene 2: Story progression with multiple images" type="FAILURE">
<![CDATA[  [Mobile Chrome] › story-page.spec.ts:71:7 › Episode 1: 너굴 코딩 - 공짜는 없다구리! (Story Page) › ✅ Scene 2: Story progression with multiple images 

    Error: expect(received).toContain(expected) // indexOf

    Expected substring: "49800"
    Received string:    "
                💰 빚과의 만남···························
                    너굴: \"자, 이제 정산을 해야지? 텐트 설치비, 인건비, 스마트폰 지급비, 그리고 섬 정착 수수료를 합치면...\"·········································
                    너굴: \"합계 49,800벨이다구리! 💰 ...뭐? 지금 빈털터리라고? 곤란하네, 곤란해.\"·········································
                    너굴: \"좋아! 내가 특별히 '너굴 뱅크' 대출 계좌를 만들어 주지. 대신, 우리 은행 시스템이 아직 개발 중이라서... 네가 직접 네 계좌 정보를 코딩해서 시스템에 등록해야 해.\"·········································
                    ← 이전
                    다음 →·············
            "

      87 |     // Verify 49,800 벨 debt is mentioned
      88 |     const scene2Text = await scene2.textContent();
    > 89 |     expect(scene2Text).toContain('49,800') || expect(scene2Text).toContain('49800');
         |                                                                  ^
      90 |   });
      91 |
      92 |   test('✅ Scene 3: Mission preparation displays', async ({ page }) => {
        at /mnt/d/progress/animal forest coding/e2e/story-page.spec.ts:89:66

    attachment #1: screenshot (image/png) ──────────────────────────────────────────────────────────
    ../test-results/story-page-Episode-1-너굴-코딩-58a84-ession-with-multiple-images-Mobile-Chrome/test-failed-1.png
    ────────────────────────────────────────────────────────────────────────────────────────────────

    Error Context: ../test-results/story-page-Episode-1-너굴-코딩-58a84-ession-with-multiple-images-Mobile-Chrome/error-context.md
]]>
</failure>
<system-out>
<![CDATA[
[[ATTACHMENT|story-page-Episode-1-너굴-코딩-58a84-ession-with-multiple-images-Mobile-Chrome/test-failed-1.png]]

[[ATTACHMENT|story-page-Episode-1-너굴-코딩-58a84-ession-with-multiple-images-Mobile-Chrome/error-context.md]]
]]>
</system-out>
</testcase>
<testcase name="Episode 1: 너굴 코딩 - 공짜는 없다구리! (Story Page) › ✅ Scene 3: Mission preparation displays" classname="story-page.spec.ts" time="2.23">
</testcase>
<testcase name="Episode 1: 너굴 코딩 - 공짜는 없다구리! (Story Page) › ✅ IDE Section: Becomes active after mission start" classname="story-page.spec.ts" time="3.128">
<failure message="story-page.spec.ts:117:7 ✅ IDE Section: Becomes active after mission start" type="FAILURE">
<![CDATA[  [Mobile Chrome] › story-page.spec.ts:117:7 › Episode 1: 너굴 코딩 - 공짜는 없다구리! (Story Page) › ✅ IDE Section: Becomes active after mission start 

    Error: expect(locator).toBeVisible() failed

    Locator: locator('text=Step 1')
    Expected: visible
    Error: strict mode violation: locator('text=Step 1') resolved to 2 elements:
        1) <div class="step-counter">Step 1/3: 빚(Loan) 변수 선언</div> aka getByText('Step 1/3: 빚(Loan) 변수 선언')
        2) <label>Step 1의 코드에 이자율을 추가하세요:</label> aka getByText('Step 1의 코드에 이자율을 추가하세요:')

    Call log:
      - Expect "toBeVisible" with timeout 5000ms
      - waiting for locator('text=Step 1')


      138 |     // Step 1 mission should be visible
      139 |     const step1Title = page.locator('text=Step 1');
    > 140 |     await expect(step1Title).toBeVisible();
          |                              ^
      141 |   });
      142 |
      143 |   test('✅ IDE Step 1: Code validation - Success case', async ({ page }) => {
        at /mnt/d/progress/animal forest coding/e2e/story-page.spec.ts:140:30

    attachment #1: screenshot (image/png) ──────────────────────────────────────────────────────────
    ../test-results/story-page-Episode-1-너굴-코딩-646c5--active-after-mission-start-Mobile-Chrome/test-failed-1.png
    ────────────────────────────────────────────────────────────────────────────────────────────────

    Error Context: ../test-results/story-page-Episode-1-너굴-코딩-646c5--active-after-mission-start-Mobile-Chrome/error-context.md
]]>
</failure>
<system-out>
<![CDATA[
[[ATTACHMENT|story-page-Episode-1-너굴-코딩-646c5--active-after-mission-start-Mobile-Chrome/test-failed-1.png]]

[[ATTACHMENT|story-page-Episode-1-너굴-코딩-646c5--active-after-mission-start-Mobile-Chrome/error-context.md]]
]]>
</system-out>
</testcase>
<testcase name="Episode 1: 너굴 코딩 - 공짜는 없다구리! (Story Page) › ✅ IDE Step 1: Code validation - Success case" classname="story-page.spec.ts" time="30.221">
<failure message="story-page.spec.ts:143:7 ✅ IDE Step 1: Code validation - Success case" type="FAILURE">
<![CDATA[  [Mobile Chrome] › story-page.spec.ts:143:7 › Episode 1: 너굴 코딩 - 공짜는 없다구리! (Story Page) › ✅ IDE Step 1: Code validation - Success case 

    Test timeout of 30000ms exceeded.

    Error: locator.fill: Test timeout of 30000ms exceeded.
    Call log:
      - waiting for locator('#editor1')


      159 |     // Find and fill the Step 1 editor
      160 |     const editor1 = page.locator('#editor1');
    > 161 |     await editor1.fill('int loan = 49800;');
          |                   ^
      162 |
      163 |     // Click run button for Step 1
      164 |     const runBtn1 = page.locator('button:has-text("▶ 코드 실행"):near(#editor1)').first();
        at /mnt/d/progress/animal forest coding/e2e/story-page.spec.ts:161:19

    attachment #1: screenshot (image/png) ──────────────────────────────────────────────────────────
    ../test-results/story-page-Episode-1-너굴-코딩-e7a84-e-validation---Success-case-Mobile-Chrome/test-failed-1.png
    ────────────────────────────────────────────────────────────────────────────────────────────────

    Error Context: ../test-results/story-page-Episode-1-너굴-코딩-e7a84-e-validation---Success-case-Mobile-Chrome/error-context.md
]]>
</failure>
<system-out>
<![CDATA[
[[ATTACHMENT|story-page-Episode-1-너굴-코딩-e7a84-e-validation---Success-case-Mobile-Chrome/test-failed-1.png]]

[[ATTACHMENT|story-page-Episode-1-너굴-코딩-e7a84-e-validation---Success-case-Mobile-Chrome/error-context.md]]
]]>
</system-out>
</testcase>
<testcase name="Episode 1: 너굴 코딩 - 공짜는 없다구리! (Story Page) › ✅ IDE Step 1: Code validation - Failure case (missing declaration)" classname="story-page.spec.ts" time="30.232">
<failure message="story-page.spec.ts:177:7 ✅ IDE Step 1: Code validation - Failure case (missing declaration)" type="FAILURE">
<![CDATA[  [Mobile Chrome] › story-page.spec.ts:177:7 › Episode 1: 너굴 코딩 - 공짜는 없다구리! (Story Page) › ✅ IDE Step 1: Code validation - Failure case (missing declaration) 

    Test timeout of 30000ms exceeded.

    Error: locator.fill: Test timeout of 30000ms exceeded.
    Call log:
      - waiting for locator('#editor1')


      193 |     // Enter invalid code (missing "int" keyword)
      194 |     const editor1 = page.locator('#editor1');
    > 195 |     await editor1.fill('loan = 49800;');
          |                   ^
      196 |
      197 |     // Click run button
      198 |     const runBtn1 = page.locator('button:has-text("▶ 코드 실행"):near(#editor1)').first();
        at /mnt/d/progress/animal forest coding/e2e/story-page.spec.ts:195:19

    attachment #1: screenshot (image/png) ──────────────────────────────────────────────────────────
    ../test-results/story-page-Episode-1-너굴-코딩-5d80d-e-case-missing-declaration--Mobile-Chrome/test-failed-1.png
    ────────────────────────────────────────────────────────────────────────────────────────────────

    Error Context: ../test-results/story-page-Episode-1-너굴-코딩-5d80d-e-case-missing-declaration--Mobile-Chrome/error-context.md
]]>
</failure>
<system-out>
<![CDATA[
[[ATTACHMENT|story-page-Episode-1-너굴-코딩-5d80d-e-case-missing-declaration--Mobile-Chrome/test-failed-1.png]]

[[ATTACHMENT|story-page-Episode-1-너굴-코딩-5d80d-e-case-missing-declaration--Mobile-Chrome/error-context.md]]
]]>
</system-out>
</testcase>
<testcase name="Episode 1: 너굴 코딩 - 공짜는 없다구리! (Story Page) › ✅ IDE Step 2: Code validation - Success case" classname="story-page.spec.ts" time="30.23">
<failure message="story-page.spec.ts:211:7 ✅ IDE Step 2: Code validation - Success case" type="FAILURE">
<![CDATA[  [Mobile Chrome] › story-page.spec.ts:211:7 › Episode 1: 너굴 코딩 - 공짜는 없다구리! (Story Page) › ✅ IDE Step 2: Code validation - Success case 

    Test timeout of 30000ms exceeded.

    Error: locator.fill: Test timeout of 30000ms exceeded.
    Call log:
      - waiting for locator('#editor1')


      227 |     // Complete Step 1
      228 |     const editor1 = page.locator('#editor1');
    > 229 |     await editor1.fill('int loan = 49800;');
          |                   ^
      230 |     const runBtn1 = page.locator('button:has-text("▶ 코드 실행"):near(#editor1)').first();
      231 |     await runBtn1.click();
      232 |
        at /mnt/d/progress/animal forest coding/e2e/story-page.spec.ts:229:19

    attachment #1: screenshot (image/png) ──────────────────────────────────────────────────────────
    ../test-results/story-page-Episode-1-너굴-코딩-04049-e-validation---Success-case-Mobile-Chrome/test-failed-1.png
    ────────────────────────────────────────────────────────────────────────────────────────────────

    Error Context: ../test-results/story-page-Episode-1-너굴-코딩-04049-e-validation---Success-case-Mobile-Chrome/error-context.md
]]>
</failure>
<system-out>
<![CDATA[
[[ATTACHMENT|story-page-Episode-1-너굴-코딩-04049-e-validation---Success-case-Mobile-Chrome/test-failed-1.png]]

[[ATTACHMENT|story-page-Episode-1-너굴-코딩-04049-e-validation---Success-case-Mobile-Chrome/error-context.md]]
]]>
</system-out>
</testcase>
<testcase name="Episode 1: 너굴 코딩 - 공짜는 없다구리! (Story Page) › ✅ IDE Step 3: Type casting validation - Failure without cast" classname="story-page.spec.ts" time="30.216">
<failure message="story-page.spec.ts:256:7 ✅ IDE Step 3: Type casting validation - Failure without cast" type="FAILURE">
<![CDATA[  [Mobile Chrome] › story-page.spec.ts:256:7 › Episode 1: 너굴 코딩 - 공짜는 없다구리! (Story Page) › ✅ IDE Step 3: Type casting validation - Failure without cast 

    Test timeout of 30000ms exceeded.

    Error: locator.fill: Test timeout of 30000ms exceeded.
    Call log:
      - waiting for locator('#editor1')


      272 |     // Complete Steps 1 & 2
      273 |     const editor1 = page.locator('#editor1');
    > 274 |     await editor1.fill('int loan = 49800;');
          |                   ^
      275 |     let runBtn = page.locator('button:has-text("▶ 코드 실행"):near(#editor1)').first();
      276 |     await runBtn.click();
      277 |
        at /mnt/d/progress/animal forest coding/e2e/story-page.spec.ts:274:19

    attachment #1: screenshot (image/png) ──────────────────────────────────────────────────────────
    ../test-results/story-page-Episode-1-너굴-코딩-de6db-tion---Failure-without-cast-Mobile-Chrome/test-failed-1.png
    ────────────────────────────────────────────────────────────────────────────────────────────────

    Error Context: ../test-results/story-page-Episode-1-너굴-코딩-de6db-tion---Failure-without-cast-Mobile-Chrome/error-context.md
]]>
</failure>
<system-out>
<![CDATA[
[[ATTACHMENT|story-page-Episode-1-너굴-코딩-de6db-tion---Failure-without-cast-Mobile-Chrome/test-failed-1.png]]

[[ATTACHMENT|story-page-Episode-1-너굴-코딩-de6db-tion---Failure-without-cast-Mobile-Chrome/error-context.md]]
]]>
</system-out>
</testcase>
<testcase name="Episode 1: 너굴 코딩 - 공짜는 없다구리! (Story Page) › ✅ IDE Step 3: Type casting validation - Success with cast" classname="story-page.spec.ts" time="30.216">
<failure message="story-page.spec.ts:306:7 ✅ IDE Step 3: Type casting validation - Success with cast" type="FAILURE">
<![CDATA[  [Mobile Chrome] › story-page.spec.ts:306:7 › Episode 1: 너굴 코딩 - 공짜는 없다구리! (Story Page) › ✅ IDE Step 3: Type casting validation - Success with cast 

    Test timeout of 30000ms exceeded.

    Error: locator.fill: Test timeout of 30000ms exceeded.
    Call log:
      - waiting for locator('#editor1')


      322 |     // Complete Steps 1 & 2
      323 |     const editor1 = page.locator('#editor1');
    > 324 |     await editor1.fill('int loan = 49800;');
          |                   ^
      325 |     let runBtn = page.locator('button:has-text("▶ 코드 실행"):near(#editor1)').first();
      326 |     await runBtn.click();
      327 |
        at /mnt/d/progress/animal forest coding/e2e/story-page.spec.ts:324:19

    attachment #1: screenshot (image/png) ──────────────────────────────────────────────────────────
    ../test-results/story-page-Episode-1-너굴-코딩-a3481-idation---Success-with-cast-Mobile-Chrome/test-failed-1.png
    ────────────────────────────────────────────────────────────────────────────────────────────────

    Error Context: ../test-results/story-page-Episode-1-너굴-코딩-a3481-idation---Success-with-cast-Mobile-Chrome/error-context.md
]]>
</failure>
<system-out>
<![CDATA[
[[ATTACHMENT|story-page-Episode-1-너굴-코딩-a3481-idation---Success-with-cast-Mobile-Chrome/test-failed-1.png]]

[[ATTACHMENT|story-page-Episode-1-너굴-코딩-a3481-idation---Success-with-cast-Mobile-Chrome/error-context.md]]
]]>
</system-out>
</testcase>
<testcase name="Episode 1: 너굴 코딩 - 공짜는 없다구리! (Story Page) › ✅ Progress bar updates correctly" classname="story-page.spec.ts" time="0.539">
<failure message="story-page.spec.ts:353:7 ✅ Progress bar updates correctly" type="FAILURE">
<![CDATA[  [Mobile Chrome] › story-page.spec.ts:353:7 › Episode 1: 너굴 코딩 - 공짜는 없다구리! (Story Page) › ✅ Progress bar updates correctly 

    Error: expect(received).toContain(expected) // indexOf

    Expected substring: "1"
    Received string:    "·································································
            "

      360 |     // Progress should show we're at step 1
      361 |     const progressText1 = await progressBar.textContent();
    > 362 |     expect(progressText1).toContain('1');
          |                           ^
      363 |
      364 |     // Navigate to Scene 2
      365 |     const scene1 = page.locator('[data-scene="1"]');
        at /mnt/d/progress/animal forest coding/e2e/story-page.spec.ts:362:27

    attachment #1: screenshot (image/png) ──────────────────────────────────────────────────────────
    ../test-results/story-page-Episode-1-너굴-코딩-a9783-gress-bar-updates-correctly-Mobile-Chrome/test-failed-1.png
    ────────────────────────────────────────────────────────────────────────────────────────────────

    Error Context: ../test-results/story-page-Episode-1-너굴-코딩-a9783-gress-bar-updates-correctly-Mobile-Chrome/error-context.md
]]>
</failure>
<system-out>
<![CDATA[
[[ATTACHMENT|story-page-Episode-1-너굴-코딩-a9783-gress-bar-updates-correctly-Mobile-Chrome/test-failed-1.png]]

[[ATTACHMENT|story-page-Episode-1-너굴-코딩-a9783-gress-bar-updates-correctly-Mobile-Chrome/error-context.md]]
]]>
</system-out>
</testcase>
<testcase name="Episode 1: 너굴 코딩 - 공짜는 없다구리! (Story Page) › ✅ Responsive design on mobile viewport" classname="story-page.spec.ts" time="0.49">
<failure message="story-page.spec.ts:375:7 ✅ Responsive design on mobile viewport" type="FAILURE">
<![CDATA[  [Mobile Chrome] › story-page.spec.ts:375:7 › Episode 1: 너굴 코딩 - 공짜는 없다구리! (Story Page) › ✅ Responsive design on mobile viewport 

    Error: expect(received).toMatch(expected)

    Expected pattern: /1fr/
    Received string:  "335px"

      386 |
      387 |     // On mobile, should be 1 column
    > 388 |     expect(computedStyle).toMatch(/1fr/) || expect(computedStyle).not.toContain(' ');
          |                           ^
      389 |
      390 |     // Verify content is still visible
      391 |     const scene1 = page.locator('[data-scene="1"]');
        at /mnt/d/progress/animal forest coding/e2e/story-page.spec.ts:388:27

    attachment #1: screenshot (image/png) ──────────────────────────────────────────────────────────
    ../test-results/story-page-Episode-1-너굴-코딩-f8126-e-design-on-mobile-viewport-Mobile-Chrome/test-failed-1.png
    ────────────────────────────────────────────────────────────────────────────────────────────────

    Error Context: ../test-results/story-page-Episode-1-너굴-코딩-f8126-e-design-on-mobile-viewport-Mobile-Chrome/error-context.md
]]>
</failure>
<system-out>
<![CDATA[
[[ATTACHMENT|story-page-Episode-1-너굴-코딩-f8126-e-design-on-mobile-viewport-Mobile-Chrome/test-failed-1.png]]

[[ATTACHMENT|story-page-Episode-1-너굴-코딩-f8126-e-design-on-mobile-viewport-Mobile-Chrome/error-context.md]]
]]>
</system-out>
</testcase>
<testcase name="Episode 1: 너굴 코딩 - 공짜는 없다구리! (Story Page) › ✅ All episode images load successfully" classname="story-page.spec.ts" time="5.134">
<failure message="story-page.spec.ts:400:7 ✅ All episode images load successfully" type="FAILURE">
<![CDATA[  [Mobile Chrome] › story-page.spec.ts:400:7 › Episode 1: 너굴 코딩 - 공짜는 없다구리! (Story Page) › ✅ All episode images load successfully 

    Error: expect(received).toBeGreaterThan(expected)

    Expected: > 0
    Received:   0

      428 |
      429 |     // Verify at least some images loaded
    > 430 |     expect(loadedImages.length).toBeGreaterThan(0);
          |                                 ^
      431 |   });
      432 |
      433 |   test('✅ Scene 4: Completion screen displays after Step 3 success', async ({ page }) => {
        at /mnt/d/progress/animal forest coding/e2e/story-page.spec.ts:430:33

    attachment #1: screenshot (image/png) ──────────────────────────────────────────────────────────
    ../test-results/story-page-Episode-1-너굴-코딩-67ea5-de-images-load-successfully-Mobile-Chrome/test-failed-1.png
    ────────────────────────────────────────────────────────────────────────────────────────────────

    Error Context: ../test-results/story-page-Episode-1-너굴-코딩-67ea5-de-images-load-successfully-Mobile-Chrome/error-context.md
]]>
</failure>
<system-out>
<![CDATA[
[[ATTACHMENT|story-page-Episode-1-너굴-코딩-67ea5-de-images-load-successfully-Mobile-Chrome/test-failed-1.png]]

[[ATTACHMENT|story-page-Episode-1-너굴-코딩-67ea5-de-images-load-successfully-Mobile-Chrome/error-context.md]]
]]>
</system-out>
</testcase>
<testcase name="Episode 1: 너굴 코딩 - 공짜는 없다구리! (Story Page) › ✅ Scene 4: Completion screen displays after Step 3 success" classname="story-page.spec.ts" time="30.251">
<failure message="story-page.spec.ts:433:7 ✅ Scene 4: Completion screen displays after Step 3 success" type="FAILURE">
<![CDATA[  [Mobile Chrome] › story-page.spec.ts:433:7 › Episode 1: 너굴 코딩 - 공짜는 없다구리! (Story Page) › ✅ Scene 4: Completion screen displays after Step 3 success 

    Test timeout of 30000ms exceeded.

    Error: locator.fill: Test timeout of 30000ms exceeded.
    Call log:
      - waiting for locator('#editor1')


      449 |     // Complete Step 1
      450 |     const editor1 = page.locator('#editor1');
    > 451 |     await editor1.fill('int loan = 49800;');
          |                   ^
      452 |     let runBtn = page.locator('button:has-text("▶ 코드 실행"):near(#editor1)').first();
      453 |     await runBtn.click();
      454 |     let nextStepBtn = page.locator('button:has-text("다음 단계 →")').first();
        at /mnt/d/progress/animal forest coding/e2e/story-page.spec.ts:451:19

    attachment #1: screenshot (image/png) ──────────────────────────────────────────────────────────
    ../test-results/story-page-Episode-1-너굴-코딩-08a30-splays-after-Step-3-success-Mobile-Chrome/test-failed-1.png
    ────────────────────────────────────────────────────────────────────────────────────────────────

    Error Context: ../test-results/story-page-Episode-1-너굴-코딩-08a30-splays-after-Step-3-success-Mobile-Chrome/error-context.md
]]>
</failure>
<system-out>
<![CDATA[
[[ATTACHMENT|story-page-Episode-1-너굴-코딩-08a30-splays-after-Step-3-success-Mobile-Chrome/test-failed-1.png]]

[[ATTACHMENT|story-page-Episode-1-너굴-코딩-08a30-splays-after-Step-3-success-Mobile-Chrome/error-context.md]]
]]>
</system-out>
</testcase>
</testsuite>
<testsuite name="complete-flow.spec.ts" timestamp="2025-12-04T15:45:49.799Z" hostname="Mobile Safari" tests="12" failures="7" skipped="0" time="195.66" errors="0">
<testcase name="Complete App Flow - EntryPage → LoginPage → StoryPage › E2E-1: EntryPage should display title and start button" classname="complete-flow.spec.ts" time="1.496">
<system-out>
<![CDATA[✅ EntryPage: 타이틀과 시작 버튼 표시 완료
]]>
</system-out>
</testcase>
<testcase name="Complete App Flow - EntryPage → LoginPage → StoryPage › E2E-2: Click start button and navigate to LoginPage" classname="complete-flow.spec.ts" time="1.775">
<system-out>
<![CDATA[✅ EntryPage 클릭 후 이동: http://localhost:3002/story
]]>
</system-out>
</testcase>
<testcase name="Complete App Flow - EntryPage → LoginPage → StoryPage › E2E-3: LoginPage form and login functionality" classname="complete-flow.spec.ts" time="5.965">
<failure message="complete-flow.spec.ts:40:7 E2E-3: LoginPage form and login functionality" type="FAILURE">
<![CDATA[  [Mobile Safari] › complete-flow.spec.ts:40:7 › Complete App Flow - EntryPage → LoginPage → StoryPage › E2E-3: LoginPage form and login functionality 

    Error: expect(locator).toBeVisible() failed

    Locator: locator('button').filter({ hasText: '로그인' }).first()
    Expected: visible
    Timeout: 5000ms
    Error: element(s) not found

    Call log:
      - Expect "toBeVisible" with timeout 5000ms
      - waiting for locator('button').filter({ hasText: '로그인' }).first()


      48 |     await expect(usernameInput).toBeVisible();
      49 |     await expect(passwordInput).toBeVisible();
    > 50 |     await expect(loginButton).toBeVisible();
         |                               ^
      51 |
      52 |     // 입력값 채우기
      53 |     await usernameInput.fill('testuser');
        at /mnt/d/progress/animal forest coding/e2e/complete-flow.spec.ts:50:31

    attachment #1: screenshot (image/png) ──────────────────────────────────────────────────────────
    ../test-results/complete-flow-Complete-App-9f170-orm-and-login-functionality-Mobile-Safari/test-failed-1.png
    ────────────────────────────────────────────────────────────────────────────────────────────────

    Error Context: ../test-results/complete-flow-Complete-App-9f170-orm-and-login-functionality-Mobile-Safari/error-context.md
]]>
</failure>
<system-out>
<![CDATA[
[[ATTACHMENT|complete-flow-Complete-App-9f170-orm-and-login-functionality-Mobile-Safari/test-failed-1.png]]

[[ATTACHMENT|complete-flow-Complete-App-9f170-orm-and-login-functionality-Mobile-Safari/error-context.md]]
]]>
</system-out>
</testcase>
<testcase name="Complete App Flow - EntryPage → LoginPage → StoryPage › E2E-4: Navigate to StoryPage after login" classname="complete-flow.spec.ts" time="30.19">
<failure message="complete-flow.spec.ts:62:7 E2E-4: Navigate to StoryPage after login" type="FAILURE">
<![CDATA[  [Mobile Safari] › complete-flow.spec.ts:62:7 › Complete App Flow - EntryPage → LoginPage → StoryPage › E2E-4: Navigate to StoryPage after login 

    Test timeout of 30000ms exceeded.

    Error: locator.click: Test timeout of 30000ms exceeded.
    Call log:
      - waiting for locator('button').filter({ hasText: '로그인' }).first()


      70 |     await usernameInput.fill('testuser');
      71 |     await passwordInput.fill('testpass');
    > 72 |     await loginButton.click();
         |                       ^
      73 |
      74 |     // StoryPage로 이동 대기
      75 |     await page.waitForURL(/story/, { timeout: 5000 });
        at /mnt/d/progress/animal forest coding/e2e/complete-flow.spec.ts:72:23

    attachment #1: screenshot (image/png) ──────────────────────────────────────────────────────────
    ../test-results/complete-flow-Complete-App-bb6fb-te-to-StoryPage-after-login-Mobile-Safari/test-failed-1.png
    ────────────────────────────────────────────────────────────────────────────────────────────────

    Error Context: ../test-results/complete-flow-Complete-App-bb6fb-te-to-StoryPage-after-login-Mobile-Safari/error-context.md
]]>
</failure>
<system-out>
<![CDATA[
[[ATTACHMENT|complete-flow-Complete-App-bb6fb-te-to-StoryPage-after-login-Mobile-Safari/test-failed-1.png]]

[[ATTACHMENT|complete-flow-Complete-App-bb6fb-te-to-StoryPage-after-login-Mobile-Safari/error-context.md]]
]]>
</system-out>
</testcase>
<testcase name="Complete App Flow - EntryPage → LoginPage → StoryPage › E2E-5: StoryPage displays Scene 1 with img1.jpg" classname="complete-flow.spec.ts" time="1.065">
<system-out>
<![CDATA[✅ StoryPage Scene 1: img1.jpg 배경 확인 완료
]]>
</system-out>
</testcase>
<testcase name="Complete App Flow - EntryPage → LoginPage → StoryPage › E2E-6: Text typing animation" classname="complete-flow.spec.ts" time="1.888">
<system-out>
<![CDATA[초기 텍스트 길이: 6
1초 후 텍스트 길이: 14
✅ 텍스트 타이핑 애니메이션 작동 중
]]>
</system-out>
</testcase>
<testcase name="Complete App Flow - EntryPage → LoginPage → StoryPage › E2E-7: Next button progresses dialogue" classname="complete-flow.spec.ts" time="30.267">
<failure message="complete-flow.spec.ts:131:7 E2E-7: Next button progresses dialogue" type="FAILURE">
<![CDATA[  [Mobile Safari] › complete-flow.spec.ts:131:7 › Complete App Flow - EntryPage → LoginPage → StoryPage › E2E-7: Next button progresses dialogue 

    Test timeout of 30000ms exceeded.

    Error: locator.click: Test timeout of 30000ms exceeded.
    Call log:
      - waiting for locator('button').filter({ hasText: /다음|시작하기/ }).first()
        - locator resolved to <button class="px-6 py-2 bg-gradient-to-br from-blue-600 to-blue-800 text-yellow-300 font-black rounded hover:from-blue-700 hover:to-blue-900 transition text-base md:text-lg shadow-lg">다음 →</button>
      - attempting click action
        2 × waiting for element to be visible, enabled and stable
          - element is visible, enabled and stable
          - scrolling into view if needed
          - done scrolling
          - <iframe title="너굴포트 IDE" class="ide-iframe" src="/nookphone.html" sandbox="allow-same-origin allow-scripts allow-forms"></iframe> from <div class="ide-window ">…</div> subtree intercepts pointer events
        - retrying click action
        - waiting 20ms
        2 × waiting for element to be visible, enabled and stable
          - element is visible, enabled and stable
          - scrolling into view if needed
          - done scrolling
          - <iframe title="너굴포트 IDE" class="ide-iframe" src="/nookphone.html" sandbox="allow-same-origin allow-scripts allow-forms"></iframe> from <div class="ide-window ">…</div> subtree intercepts pointer events
        - retrying click action
          - waiting 100ms
        54 × waiting for element to be visible, enabled and stable
           - element is visible, enabled and stable
           - scrolling into view if needed
           - done scrolling
           - <iframe title="너굴포트 IDE" class="ide-iframe" src="/nookphone.html" sandbox="allow-same-origin allow-scripts allow-forms"></iframe> from <div class="ide-window ">…</div> subtree intercepts pointer events
         - retrying click action
           - waiting 500ms


      138 |     // 다음 버튼 클릭
      139 |     const nextButton = page.locator('button').filter({ hasText: /다음|시작하기/ }).first();
    > 140 |     await nextButton.click();
          |                      ^
      141 |
      142 |     // 진행도 변경 대기
      143 |     await page.waitForTimeout(500);
        at /mnt/d/progress/animal forest coding/e2e/complete-flow.spec.ts:140:22

    attachment #1: screenshot (image/png) ──────────────────────────────────────────────────────────
    ../test-results/complete-flow-Complete-App-b9d2d--button-progresses-dialogue-Mobile-Safari/test-failed-1.png
    ────────────────────────────────────────────────────────────────────────────────────────────────

    Error Context: ../test-results/complete-flow-Complete-App-b9d2d--button-progresses-dialogue-Mobile-Safari/error-context.md
]]>
</failure>
<system-out>
<![CDATA[초기 진행도: 1 / 2 (1 / 5)

[[ATTACHMENT|complete-flow-Complete-App-b9d2d--button-progresses-dialogue-Mobile-Safari/test-failed-1.png]]

[[ATTACHMENT|complete-flow-Complete-App-b9d2d--button-progresses-dialogue-Mobile-Safari/error-context.md]]
]]>
</system-out>
</testcase>
<testcase name="Complete App Flow - EntryPage → LoginPage → StoryPage › E2E-8: Scene transitions from Scene 1 to Scene 2" classname="complete-flow.spec.ts" time="30.294">
<failure message="complete-flow.spec.ts:155:7 E2E-8: Scene transitions from Scene 1 to Scene 2" type="FAILURE">
<![CDATA[  [Mobile Safari] › complete-flow.spec.ts:155:7 › Complete App Flow - EntryPage → LoginPage → StoryPage › E2E-8: Scene transitions from Scene 1 to Scene 2 

    Test timeout of 30000ms exceeded.

    Error: locator.click: Test timeout of 30000ms exceeded.
    Call log:
      - waiting for locator('button').filter({ hasText: /다음|시작하기/ }).first()
        - locator resolved to <button class="px-6 py-2 bg-gradient-to-br from-blue-600 to-blue-800 text-yellow-300 font-black rounded hover:from-blue-700 hover:to-blue-900 transition text-base md:text-lg shadow-lg">다음 →</button>
      - attempting click action
        2 × waiting for element to be visible, enabled and stable
          - element is visible, enabled and stable
          - scrolling into view if needed
          - done scrolling
          - <iframe title="너굴포트 IDE" class="ide-iframe" src="/nookphone.html" sandbox="allow-same-origin allow-scripts allow-forms"></iframe> from <div class="ide-window ">…</div> subtree intercepts pointer events
        - retrying click action
        - waiting 20ms
        2 × waiting for element to be visible, enabled and stable
          - element is visible, enabled and stable
          - scrolling into view if needed
          - done scrolling
          - <iframe title="너굴포트 IDE" class="ide-iframe" src="/nookphone.html" sandbox="allow-same-origin allow-scripts allow-forms"></iframe> from <div class="ide-window ">…</div> subtree intercepts pointer events
        - retrying click action
          - waiting 100ms
        54 × waiting for element to be visible, enabled and stable
           - element is visible, enabled and stable
           - scrolling into view if needed
           - done scrolling
           - <iframe title="너굴포트 IDE" class="ide-iframe" src="/nookphone.html" sandbox="allow-same-origin allow-scripts allow-forms"></iframe> from <div class="ide-window ">…</div> subtree intercepts pointer events
         - retrying click action
           - waiting 500ms


      160 |
      161 |     for (let i = 0; i < 4; i++) {
    > 162 |       await nextButton.click();
          |                        ^
      163 |       await page.waitForTimeout(300);
      164 |     }
      165 |
        at /mnt/d/progress/animal forest coding/e2e/complete-flow.spec.ts:162:24

    attachment #1: screenshot (image/png) ──────────────────────────────────────────────────────────
    ../test-results/complete-flow-Complete-App-152e4-ons-from-Scene-1-to-Scene-2-Mobile-Safari/test-failed-1.png
    ────────────────────────────────────────────────────────────────────────────────────────────────

    Error Context: ../test-results/complete-flow-Complete-App-152e4-ons-from-Scene-1-to-Scene-2-Mobile-Safari/error-context.md
]]>
</failure>
<system-out>
<![CDATA[
[[ATTACHMENT|complete-flow-Complete-App-152e4-ons-from-Scene-1-to-Scene-2-Mobile-Safari/test-failed-1.png]]

[[ATTACHMENT|complete-flow-Complete-App-152e4-ons-from-Scene-1-to-Scene-2-Mobile-Safari/error-context.md]]
]]>
</system-out>
</testcase>
<testcase name="Complete App Flow - EntryPage → LoginPage → StoryPage › E2E-9: Complete story and navigate to IDE" classname="complete-flow.spec.ts" time="30.316">
<failure message="complete-flow.spec.ts:181:7 E2E-9: Complete story and navigate to IDE" type="FAILURE">
<![CDATA[  [Mobile Safari] › complete-flow.spec.ts:181:7 › Complete App Flow - EntryPage → LoginPage → StoryPage › E2E-9: Complete story and navigate to IDE 

    Test timeout of 30000ms exceeded.

    Error: locator.click: Test timeout of 30000ms exceeded.
    Call log:
      - waiting for locator('button').filter({ hasText: /다음|시작하기/ }).first()
        - locator resolved to <button class="px-6 py-2 bg-gradient-to-br from-blue-600 to-blue-800 text-yellow-300 font-black rounded hover:from-blue-700 hover:to-blue-900 transition text-base md:text-lg shadow-lg">다음 →</button>
      - attempting click action
        2 × waiting for element to be visible, enabled and stable
          - element is visible, enabled and stable
          - scrolling into view if needed
          - done scrolling
          - <iframe title="너굴포트 IDE" class="ide-iframe" src="/nookphone.html" sandbox="allow-same-origin allow-scripts allow-forms"></iframe> from <div class="ide-window ">…</div> subtree intercepts pointer events
        - retrying click action
        - waiting 20ms
        2 × waiting for element to be visible, enabled and stable
          - element is visible, enabled and stable
          - scrolling into view if needed
          - done scrolling
          - <iframe title="너굴포트 IDE" class="ide-iframe" src="/nookphone.html" sandbox="allow-same-origin allow-scripts allow-forms"></iframe> from <div class="ide-window ">…</div> subtree intercepts pointer events
        - retrying click action
          - waiting 100ms
        54 × waiting for element to be visible, enabled and stable
           - element is visible, enabled and stable
           - scrolling into view if needed
           - done scrolling
           - <iframe title="너굴포트 IDE" class="ide-iframe" src="/nookphone.html" sandbox="allow-same-origin allow-scripts allow-forms"></iframe> from <div class="ide-window ">…</div> subtree intercepts pointer events
         - retrying click action
           - waiting 500ms


      186 |     // Scene 1 (5 dialogues) + Scene 2 (6 dialogues) = 11 total
      187 |     for (let i = 0; i < 10; i++) {
    > 188 |       await nextButton.click();
          |                        ^
      189 |       await page.waitForTimeout(200);
      190 |     }
      191 |
        at /mnt/d/progress/animal forest coding/e2e/complete-flow.spec.ts:188:24

    attachment #1: screenshot (image/png) ──────────────────────────────────────────────────────────
    ../test-results/complete-flow-Complete-App-78374-e-story-and-navigate-to-IDE-Mobile-Safari/test-failed-1.png
    ────────────────────────────────────────────────────────────────────────────────────────────────

    Error Context: ../test-results/complete-flow-Complete-App-78374-e-story-and-navigate-to-IDE-Mobile-Safari/error-context.md
]]>
</failure>
<system-out>
<![CDATA[
[[ATTACHMENT|complete-flow-Complete-App-78374-e-story-and-navigate-to-IDE-Mobile-Safari/test-failed-1.png]]

[[ATTACHMENT|complete-flow-Complete-App-78374-e-story-and-navigate-to-IDE-Mobile-Safari/error-context.md]]
]]>
</system-out>
</testcase>
<testcase name="Complete App Flow - EntryPage → LoginPage → StoryPage › E2E-10: Skip button navigates directly to IDE" classname="complete-flow.spec.ts" time="30.365">
<failure message="complete-flow.spec.ts:206:7 E2E-10: Skip button navigates directly to IDE" type="FAILURE">
<![CDATA[  [Mobile Safari] › complete-flow.spec.ts:206:7 › Complete App Flow - EntryPage → LoginPage → StoryPage › E2E-10: Skip button navigates directly to IDE 

    Test timeout of 30000ms exceeded.

    Error: locator.click: Test timeout of 30000ms exceeded.
    Call log:
      - waiting for locator('button').filter({ hasText: /스킵/ })
        - locator resolved to <button class="px-4 py-2 bg-gray-400 text-white font-bold rounded hover:bg-gray-500 transition text-sm md:text-base">스킵</button>
      - attempting click action
        2 × waiting for element to be visible, enabled and stable
          - element is visible, enabled and stable
          - scrolling into view if needed
          - done scrolling
          - <iframe title="너굴포트 IDE" class="ide-iframe" src="/nookphone.html" sandbox="allow-same-origin allow-scripts allow-forms"></iframe> from <div class="ide-window ">…</div> subtree intercepts pointer events
        - retrying click action
        - waiting 20ms
        2 × waiting for element to be visible, enabled and stable
          - element is visible, enabled and stable
          - scrolling into view if needed
          - done scrolling
          - <iframe title="너굴포트 IDE" class="ide-iframe" src="/nookphone.html" sandbox="allow-same-origin allow-scripts allow-forms"></iframe> from <div class="ide-window ">…</div> subtree intercepts pointer events
        - retrying click action
          - waiting 100ms
        54 × waiting for element to be visible, enabled and stable
           - element is visible, enabled and stable
           - scrolling into view if needed
           - done scrolling
           - <iframe title="너굴포트 IDE" class="ide-iframe" src="/nookphone.html" sandbox="allow-same-origin allow-scripts allow-forms"></iframe> from <div class="ide-window ">…</div> subtree intercepts pointer events
         - retrying click action
           - waiting 500ms


      212 |
      213 |     // 스킵 버튼 클릭
    > 214 |     await skipButton.click();
          |                      ^
      215 |
      216 |     // IDE 페이지로 즉시 이동
      217 |     await page.waitForURL(/ide/, { timeout: 5000 });
        at /mnt/d/progress/animal forest coding/e2e/complete-flow.spec.ts:214:22

    attachment #1: screenshot (image/png) ──────────────────────────────────────────────────────────
    ../test-results/complete-flow-Complete-App-ab751-n-navigates-directly-to-IDE-Mobile-Safari/test-failed-1.png
    ────────────────────────────────────────────────────────────────────────────────────────────────

    Error Context: ../test-results/complete-flow-Complete-App-ab751-n-navigates-directly-to-IDE-Mobile-Safari/error-context.md
]]>
</failure>
<system-out>
<![CDATA[
[[ATTACHMENT|complete-flow-Complete-App-ab751-n-navigates-directly-to-IDE-Mobile-Safari/test-failed-1.png]]

[[ATTACHMENT|complete-flow-Complete-App-ab751-n-navigates-directly-to-IDE-Mobile-Safari/error-context.md]]
]]>
</system-out>
</testcase>
<testcase name="Complete App Flow - EntryPage → LoginPage → StoryPage › E2E-11: Responsive design on mobile viewport" classname="complete-flow.spec.ts" time="1.725">
<system-out>
<![CDATA[✅ 모바일 반응형 디자인 확인 완료
]]>
</system-out>
</testcase>
<testcase name="Complete App Flow - EntryPage → LoginPage → StoryPage › E2E-12: Complete flow from Entry to IDE" classname="complete-flow.spec.ts" time="30.314">
<failure message="complete-flow.spec.ts:249:7 E2E-12: Complete flow from Entry to IDE" type="FAILURE">
<![CDATA[  [Mobile Safari] › complete-flow.spec.ts:249:7 › Complete App Flow - EntryPage → LoginPage → StoryPage › E2E-12: Complete flow from Entry to IDE 

    Test timeout of 30000ms exceeded.

    Error: locator.click: Test timeout of 30000ms exceeded.
    Call log:
      - waiting for locator('button').filter({ hasText: /다음|시작하기/ }).first()
        - locator resolved to <button class="px-6 py-2 bg-gradient-to-br from-blue-600 to-blue-800 text-yellow-300 font-black rounded hover:from-blue-700 hover:to-blue-900 transition text-base md:text-lg shadow-lg">다음 →</button>
      - attempting click action
        2 × waiting for element to be visible, enabled and stable
          - element is visible, enabled and stable
          - scrolling into view if needed
          - done scrolling
          - <iframe title="너굴포트 IDE" class="ide-iframe" src="/nookphone.html" sandbox="allow-same-origin allow-scripts allow-forms"></iframe> from <div class="ide-window ">…</div> subtree intercepts pointer events
        - retrying click action
        - waiting 20ms
        2 × waiting for element to be visible, enabled and stable
          - element is visible, enabled and stable
          - scrolling into view if needed
          - done scrolling
          - <iframe title="너굴포트 IDE" class="ide-iframe" src="/nookphone.html" sandbox="allow-same-origin allow-scripts allow-forms"></iframe> from <div class="ide-window ">…</div> subtree intercepts pointer events
        - retrying click action
          - waiting 100ms
        52 × waiting for element to be visible, enabled and stable
           - element is visible, enabled and stable
           - scrolling into view if needed
           - done scrolling
           - <iframe title="너굴포트 IDE" class="ide-iframe" src="/nookphone.html" sandbox="allow-same-origin allow-scripts allow-forms"></iframe> from <div class="ide-window ">…</div> subtree intercepts pointer events
         - retrying click action
           - waiting 500ms
        - waiting for element to be visible, enabled and stable


      294 |
      295 |     for (let i = 0; i < 4; i++) {
    > 296 |       await nextButton.click();
          |                        ^
      297 |       await page.waitForTimeout(300);
      298 |     }
      299 |     console.log('7️⃣ Scene 1 대사 진행 (5개)');
        at /mnt/d/progress/animal forest coding/e2e/complete-flow.spec.ts:296:24

    attachment #1: screenshot (image/png) ──────────────────────────────────────────────────────────
    ../test-results/complete-flow-Complete-App-7b6fe-lete-flow-from-Entry-to-IDE-Mobile-Safari/test-failed-1.png
    ────────────────────────────────────────────────────────────────────────────────────────────────

    Error Context: ../test-results/complete-flow-Complete-App-7b6fe-lete-flow-from-Entry-to-IDE-Mobile-Safari/error-context.md
]]>
</failure>
<system-out>
<![CDATA[
========== 완전한 플로우 테스트 시작 ==========
1️⃣ EntryPage 도착
2️⃣ 시작 버튼 클릭
3️⃣ EntryPage에서 직접 StoryPage로 이동
5️⃣ StoryPage 도착 - Tom Nook 표시
6️⃣ Scene 1: img1.jpg 배경 확인

[[ATTACHMENT|complete-flow-Complete-App-7b6fe-lete-flow-from-Entry-to-IDE-Mobile-Safari/test-failed-1.png]]

[[ATTACHMENT|complete-flow-Complete-App-7b6fe-lete-flow-from-Entry-to-IDE-Mobile-Safari/error-context.md]]
]]>
</system-out>
</testcase>
</testsuite>
<testsuite name="comprehensive.e2e.spec.ts" timestamp="2025-12-04T15:45:49.799Z" hostname="Mobile Safari" tests="36" failures="12" skipped="0" time="12.254" errors="0">
<testcase name="E2E Tests - 사용자 시나리오 › 1. API 헬스 체크 › should access API health endpoint" classname="comprehensive.e2e.spec.ts" time="0.274">
</testcase>
<testcase name="E2E Tests - 사용자 시나리오 › 1. API 헬스 체크 › should have all services available" classname="comprehensive.e2e.spec.ts" time="0.241">
</testcase>
<testcase name="E2E Tests - 사용자 시나리오 › 2. 캐릭터 및 콘텐츠 로딩 › should fetch characters successfully" classname="comprehensive.e2e.spec.ts" time="0.242">
</testcase>
<testcase name="E2E Tests - 사용자 시나리오 › 2. 캐릭터 및 콘텐츠 로딩 › should fetch topics successfully" classname="comprehensive.e2e.spec.ts" time="0.226">
</testcase>
<testcase name="E2E Tests - 사용자 시나리오 › 2. 캐릭터 및 콘텐츠 로딩 › should fetch content for valid character and topic" classname="comprehensive.e2e.spec.ts" time="0.231">
</testcase>
<testcase name="E2E Tests - 사용자 시나리오 › 2. 캐릭터 및 콘텐츠 로딩 › should search content" classname="comprehensive.e2e.spec.ts" time="0.237">
</testcase>
<testcase name="E2E Tests - 사용자 시나리오 › 3. 페이지 로딩 및 렌더링 › should load frontend homepage" classname="comprehensive.e2e.spec.ts" time="0.276">
<failure message="comprehensive.e2e.spec.ts:107:9 should load frontend homepage" type="FAILURE">
<![CDATA[  [Mobile Safari] › comprehensive.e2e.spec.ts:107:9 › E2E Tests - 사용자 시나리오 › 3. 페이지 로딩 및 렌더링 › should load frontend homepage 

    Error: page.goto: Could not connect to localhost: Connection refused
    Call log:
      - navigating to "http://localhost:3000/", waiting until "load"


      106 |   test.describe('3. 페이지 로딩 및 렌더링', () => {
      107 |     test('should load frontend homepage', async ({ page }) => {
    > 108 |       await page.goto(BASE_URL);
          |                  ^
      109 |
      110 |       // 페이지가 로드되었는지 확인
      111 |       expect(page.url()).toContain(BASE_URL);
        at /mnt/d/progress/animal forest coding/e2e/comprehensive.e2e.spec.ts:108:18

    attachment #1: screenshot (image/png) ──────────────────────────────────────────────────────────
    ../test-results/comprehensive.e2e-E2E-Test-1d324-ould-load-frontend-homepage-Mobile-Safari/test-failed-1.png
    ────────────────────────────────────────────────────────────────────────────────────────────────
]]>
</failure>
<system-out>
<![CDATA[
[[ATTACHMENT|comprehensive.e2e-E2E-Test-1d324-ould-load-frontend-homepage-Mobile-Safari/test-failed-1.png]]
]]>
</system-out>
</testcase>
<testcase name="E2E Tests - 사용자 시나리오 › 3. 페이지 로딩 및 렌더링 › should handle navigation" classname="comprehensive.e2e.spec.ts" time="0.401">
<failure message="comprehensive.e2e.spec.ts:118:9 should handle navigation" type="FAILURE">
<![CDATA[  [Mobile Safari] › comprehensive.e2e.spec.ts:118:9 › E2E Tests - 사용자 시나리오 › 3. 페이지 로딩 및 렌더링 › should handle navigation 

    Error: page.goto: Could not connect to localhost: Connection refused
    Call log:
      - navigating to "http://localhost:3000/", waiting until "load"


      117 |
      118 |     test('should handle navigation', async ({ page }) => {
    > 119 |       await page.goto(BASE_URL);
          |                  ^
      120 |
      121 |       // 페이지 기본 구조 확인
      122 |       const pageContent = await page.content();
        at /mnt/d/progress/animal forest coding/e2e/comprehensive.e2e.spec.ts:119:18

    attachment #1: screenshot (image/png) ──────────────────────────────────────────────────────────
    ../test-results/comprehensive.e2e-E2E-Test-3c3e1-더링-should-handle-navigation-Mobile-Safari/test-failed-1.png
    ────────────────────────────────────────────────────────────────────────────────────────────────
]]>
</failure>
<system-out>
<![CDATA[
[[ATTACHMENT|comprehensive.e2e-E2E-Test-3c3e1-더링-should-handle-navigation-Mobile-Safari/test-failed-1.png]]
]]>
</system-out>
</testcase>
<testcase name="E2E Tests - 사용자 시나리오 › 3. 페이지 로딩 및 렌더링 › should be responsive on mobile viewport" classname="comprehensive.e2e.spec.ts" time="0.424">
<failure message="comprehensive.e2e.spec.ts:127:9 should be responsive on mobile viewport" type="FAILURE">
<![CDATA[  [Mobile Safari] › comprehensive.e2e.spec.ts:127:9 › E2E Tests - 사용자 시나리오 › 3. 페이지 로딩 및 렌더링 › should be responsive on mobile viewport 

    Error: page.goto: Could not connect to localhost: Connection refused
    Call log:
      - navigating to "http://localhost:3000/", waiting until "load"


      129 |       await page.setViewportSize({ width: 390, height: 844 });
      130 |
    > 131 |       await page.goto(BASE_URL);
          |                  ^
      132 |
      133 |       // 모바일에서도 렌더링 가능해야 함
      134 |       const bodyHeight = await page.evaluate(() => document.body.scrollHeight);
        at /mnt/d/progress/animal forest coding/e2e/comprehensive.e2e.spec.ts:131:18

    attachment #1: screenshot (image/png) ──────────────────────────────────────────────────────────
    ../test-results/comprehensive.e2e-E2E-Test-6e731-sponsive-on-mobile-viewport-Mobile-Safari/test-failed-1.png
    ────────────────────────────────────────────────────────────────────────────────────────────────
]]>
</failure>
<system-out>
<![CDATA[
[[ATTACHMENT|comprehensive.e2e-E2E-Test-6e731-sponsive-on-mobile-viewport-Mobile-Safari/test-failed-1.png]]
]]>
</system-out>
</testcase>
<testcase name="E2E Tests - 사용자 시나리오 › 3. 페이지 로딩 및 렌더링 › should be responsive on tablet viewport" classname="comprehensive.e2e.spec.ts" time="0.552">
<failure message="comprehensive.e2e.spec.ts:138:9 should be responsive on tablet viewport" type="FAILURE">
<![CDATA[  [Mobile Safari] › comprehensive.e2e.spec.ts:138:9 › E2E Tests - 사용자 시나리오 › 3. 페이지 로딩 및 렌더링 › should be responsive on tablet viewport 

    Error: page.goto: Could not connect to localhost: Connection refused
    Call log:
      - navigating to "http://localhost:3000/", waiting until "load"


      140 |       await page.setViewportSize({ width: 768, height: 1024 });
      141 |
    > 142 |       await page.goto(BASE_URL);
          |                  ^
      143 |
      144 |       const bodyHeight = await page.evaluate(() => document.body.scrollHeight);
      145 |       expect(bodyHeight).toBeGreaterThan(0);
        at /mnt/d/progress/animal forest coding/e2e/comprehensive.e2e.spec.ts:142:18

    attachment #1: screenshot (image/png) ──────────────────────────────────────────────────────────
    ../test-results/comprehensive.e2e-E2E-Test-89f90-sponsive-on-tablet-viewport-Mobile-Safari/test-failed-1.png
    ────────────────────────────────────────────────────────────────────────────────────────────────
]]>
</failure>
<system-out>
<![CDATA[
[[ATTACHMENT|comprehensive.e2e-E2E-Test-89f90-sponsive-on-tablet-viewport-Mobile-Safari/test-failed-1.png]]
]]>
</system-out>
</testcase>
<testcase name="E2E Tests - 사용자 시나리오 › 3. 페이지 로딩 및 렌더링 › should be responsive on desktop viewport" classname="comprehensive.e2e.spec.ts" time="0.851">
<failure message="comprehensive.e2e.spec.ts:148:9 should be responsive on desktop viewport" type="FAILURE">
<![CDATA[  [Mobile Safari] › comprehensive.e2e.spec.ts:148:9 › E2E Tests - 사용자 시나리오 › 3. 페이지 로딩 및 렌더링 › should be responsive on desktop viewport 

    Error: page.goto: Could not connect to localhost: Connection refused
    Call log:
      - navigating to "http://localhost:3000/", waiting until "load"


      150 |       await page.setViewportSize({ width: 1920, height: 1080 });
      151 |
    > 152 |       await page.goto(BASE_URL);
          |                  ^
      153 |
      154 |       const bodyHeight = await page.evaluate(() => document.body.scrollHeight);
      155 |       expect(bodyHeight).toBeGreaterThan(0);
        at /mnt/d/progress/animal forest coding/e2e/comprehensive.e2e.spec.ts:152:18

    attachment #1: screenshot (image/png) ──────────────────────────────────────────────────────────
    ../test-results/comprehensive.e2e-E2E-Test-051a0-ponsive-on-desktop-viewport-Mobile-Safari/test-failed-1.png
    ────────────────────────────────────────────────────────────────────────────────────────────────
]]>
</failure>
<system-out>
<![CDATA[
[[ATTACHMENT|comprehensive.e2e-E2E-Test-051a0-ponsive-on-desktop-viewport-Mobile-Safari/test-failed-1.png]]
]]>
</system-out>
</testcase>
<testcase name="E2E Tests - 사용자 시나리오 › 4. 성능 메트릭 › should load within acceptable time" classname="comprehensive.e2e.spec.ts" time="0.394">
<failure message="comprehensive.e2e.spec.ts:160:9 should load within acceptable time" type="FAILURE">
<![CDATA[  [Mobile Safari] › comprehensive.e2e.spec.ts:160:9 › E2E Tests - 사용자 시나리오 › 4. 성능 메트릭 › should load within acceptable time 

    Error: page.goto: Could not connect to localhost: Connection refused
    Call log:
      - navigating to "http://localhost:3000/", waiting until "networkidle"


      161 |       const startTime = Date.now();
      162 |
    > 163 |       await page.goto(BASE_URL, { waitUntil: 'networkidle' });
          |                  ^
      164 |
      165 |       const loadTime = Date.now() - startTime;
      166 |       expect(loadTime).toBeLessThan(3000); // 3초 이내
        at /mnt/d/progress/animal forest coding/e2e/comprehensive.e2e.spec.ts:163:18

    attachment #1: screenshot (image/png) ──────────────────────────────────────────────────────────
    ../test-results/comprehensive.e2e-E2E-Test-0fd75-load-within-acceptable-time-Mobile-Safari/test-failed-1.png
    ────────────────────────────────────────────────────────────────────────────────────────────────
]]>
</failure>
<system-out>
<![CDATA[
[[ATTACHMENT|comprehensive.e2e-E2E-Test-0fd75-load-within-acceptable-time-Mobile-Safari/test-failed-1.png]]
]]>
</system-out>
</testcase>
<testcase name="E2E Tests - 사용자 시나리오 › 4. 성능 메트릭 › should fetch API data quickly" classname="comprehensive.e2e.spec.ts" time="0.299">
</testcase>
<testcase name="E2E Tests - 사용자 시나리오 › 4. 성능 메트릭 › should handle multiple concurrent requests" classname="comprehensive.e2e.spec.ts" time="0.335">
</testcase>
<testcase name="E2E Tests - 사용자 시나리오 › 5. 접근성 검증 › should be navigable with keyboard" classname="comprehensive.e2e.spec.ts" time="0.379">
<failure message="comprehensive.e2e.spec.ts:202:9 should be navigable with keyboard" type="FAILURE">
<![CDATA[  [Mobile Safari] › comprehensive.e2e.spec.ts:202:9 › E2E Tests - 사용자 시나리오 › 5. 접근성 검증 › should be navigable with keyboard 

    Error: page.goto: Could not connect to localhost: Connection refused
    Call log:
      - navigating to "http://localhost:3000/", waiting until "load"


      201 |   test.describe('5. 접근성 검증', () => {
      202 |     test('should be navigable with keyboard', async ({ page }) => {
    > 203 |       await page.goto(BASE_URL);
          |                  ^
      204 |
      205 |       // Tab 키로 네비게이션 가능해야 함
      206 |       await page.keyboard.press('Tab');
        at /mnt/d/progress/animal forest coding/e2e/comprehensive.e2e.spec.ts:203:18

    attachment #1: screenshot (image/png) ──────────────────────────────────────────────────────────
    ../test-results/comprehensive.e2e-E2E-Test-7354b--be-navigable-with-keyboard-Mobile-Safari/test-failed-1.png
    ────────────────────────────────────────────────────────────────────────────────────────────────
]]>
</failure>
<system-out>
<![CDATA[
[[ATTACHMENT|comprehensive.e2e-E2E-Test-7354b--be-navigable-with-keyboard-Mobile-Safari/test-failed-1.png]]
]]>
</system-out>
</testcase>
<testcase name="E2E Tests - 사용자 시나리오 › 5. 접근성 검증 › should have readable text contrast" classname="comprehensive.e2e.spec.ts" time="0.378">
<failure message="comprehensive.e2e.spec.ts:217:9 should have readable text contrast" type="FAILURE">
<![CDATA[  [Mobile Safari] › comprehensive.e2e.spec.ts:217:9 › E2E Tests - 사용자 시나리오 › 5. 접근성 검증 › should have readable text contrast 

    Error: page.goto: Could not connect to localhost: Connection refused
    Call log:
      - navigating to "http://localhost:3000/", waiting until "load"


      216 |
      217 |     test('should have readable text contrast', async ({ page }) => {
    > 218 |       await page.goto(BASE_URL);
          |                  ^
      219 |
      220 |       // 메인 콘텐츠가 읽을 수 있는지 확인
      221 |       const mainContent = await page.locator('body').textContent();
        at /mnt/d/progress/animal forest coding/e2e/comprehensive.e2e.spec.ts:218:18

    attachment #1: screenshot (image/png) ──────────────────────────────────────────────────────────
    ../test-results/comprehensive.e2e-E2E-Test-2afb4-have-readable-text-contrast-Mobile-Safari/test-failed-1.png
    ────────────────────────────────────────────────────────────────────────────────────────────────
]]>
</failure>
<system-out>
<![CDATA[
[[ATTACHMENT|comprehensive.e2e-E2E-Test-2afb4-have-readable-text-contrast-Mobile-Safari/test-failed-1.png]]
]]>
</system-out>
</testcase>
<testcase name="E2E Tests - 사용자 시나리오 › 6. 오류 처리 › should handle invalid routes gracefully" classname="comprehensive.e2e.spec.ts" time="0.415">
<failure message="comprehensive.e2e.spec.ts:228:9 should handle invalid routes gracefully" type="FAILURE">
<![CDATA[  [Mobile Safari] › comprehensive.e2e.spec.ts:228:9 › E2E Tests - 사용자 시나리오 › 6. 오류 처리 › should handle invalid routes gracefully 

    Error: page.goto: Could not connect to localhost: Connection refused
    Call log:
      - navigating to "http://localhost:3000/invalid-route", waiting until "networkidle"


      227 |   test.describe('6. 오류 처리', () => {
      228 |     test('should handle invalid routes gracefully', async ({ page }) => {
    > 229 |       const response = await page.goto(`${BASE_URL}/invalid-route`, {
          |                                   ^
      230 |         waitUntil: 'networkidle',
      231 |       });
      232 |
        at /mnt/d/progress/animal forest coding/e2e/comprehensive.e2e.spec.ts:229:35

    attachment #1: screenshot (image/png) ──────────────────────────────────────────────────────────
    ../test-results/comprehensive.e2e-E2E-Test-f4594-e-invalid-routes-gracefully-Mobile-Safari/test-failed-1.png
    ────────────────────────────────────────────────────────────────────────────────────────────────
]]>
</failure>
<system-out>
<![CDATA[
[[ATTACHMENT|comprehensive.e2e-E2E-Test-f4594-e-invalid-routes-gracefully-Mobile-Safari/test-failed-1.png]]
]]>
</system-out>
</testcase>
<testcase name="E2E Tests - 사용자 시나리오 › 6. 오류 처리 › should handle network errors gracefully" classname="comprehensive.e2e.spec.ts" time="0.278">
</testcase>
<testcase name="E2E Tests - 사용자 시나리오 › 6. 오류 처리 › should display appropriate error messages" classname="comprehensive.e2e.spec.ts" time="0.31">
<failure message="comprehensive.e2e.spec.ts:251:9 should display appropriate error messages" type="FAILURE">
<![CDATA[  [Mobile Safari] › comprehensive.e2e.spec.ts:251:9 › E2E Tests - 사용자 시나리오 › 6. 오류 처리 › should display appropriate error messages 

    Error: page.goto: Could not connect to localhost: Connection refused
    Call log:
      - navigating to "http://localhost:3000/invalid", waiting until "load"


      250 |
      251 |     test('should display appropriate error messages', async ({ page }) => {
    > 252 |       await page.goto(`${BASE_URL}/invalid`);
          |                  ^
      253 |
      254 |       // 페이지는 로드되어야 함
      255 |       const content = await page.content();
        at /mnt/d/progress/animal forest coding/e2e/comprehensive.e2e.spec.ts:252:18

    attachment #1: screenshot (image/png) ──────────────────────────────────────────────────────────
    ../test-results/comprehensive.e2e-E2E-Test-9070a--appropriate-error-messages-Mobile-Safari/test-failed-1.png
    ────────────────────────────────────────────────────────────────────────────────────────────────
]]>
</failure>
<system-out>
<![CDATA[
[[ATTACHMENT|comprehensive.e2e-E2E-Test-9070a--appropriate-error-messages-Mobile-Safari/test-failed-1.png]]
]]>
</system-out>
</testcase>
<testcase name="E2E Tests - 사용자 시나리오 › 7. API 엔드포인트 검증 › GET /api/health › should return health status" classname="comprehensive.e2e.spec.ts" time="0.248">
</testcase>
<testcase name="E2E Tests - 사용자 시나리오 › 7. API 엔드포인트 검증 › GET /api/characters › should return non-empty character list" classname="comprehensive.e2e.spec.ts" time="0.412">
</testcase>
<testcase name="E2E Tests - 사용자 시나리오 › 7. API 엔드포인트 검증 › GET /api/characters › should include character properties" classname="comprehensive.e2e.spec.ts" time="0.228">
</testcase>
<testcase name="E2E Tests - 사용자 시나리오 › 7. API 엔드포인트 검증 › GET /api/topics › should return paginated results" classname="comprehensive.e2e.spec.ts" time="0.422">
</testcase>
<testcase name="E2E Tests - 사용자 시나리오 › 7. API 엔드포인트 검증 › GET /api/topics › should support difficulty filtering" classname="comprehensive.e2e.spec.ts" time="0.211">
</testcase>
<testcase name="E2E Tests - 사용자 시나리오 › 7. API 엔드포인트 검증 › GET /api/search › should search content" classname="comprehensive.e2e.spec.ts" time="0.231">
</testcase>
<testcase name="E2E Tests - 사용자 시나리오 › 7. API 엔드포인트 검증 › GET /api/search › should return empty array for non-matching query" classname="comprehensive.e2e.spec.ts" time="0.249">
</testcase>
<testcase name="E2E Tests - 사용자 시나리오 › 7. API 엔드포인트 검증 › POST /api/tts › should require text and character fields" classname="comprehensive.e2e.spec.ts" time="0.264">
<failure message="comprehensive.e2e.spec.ts:335:11 should require text and character fields" type="FAILURE">
<![CDATA[  [Mobile Safari] › comprehensive.e2e.spec.ts:335:11 › E2E Tests - 사용자 시나리오 › 7. API 엔드포인트 검증 › POST /api/tts › should require text and character fields 

    Error: expect(received).toBe(expected) // Object.is equality

    Expected: 400
    Received: 429

      340 |         });
      341 |
    > 342 |         expect(response.status).toBe(400);
          |                                 ^
      343 |       });
      344 |
      345 |       test('should accept valid TTS request', async () => {
        at /mnt/d/progress/animal forest coding/e2e/comprehensive.e2e.spec.ts:342:33

    attachment #1: screenshot (image/png) ──────────────────────────────────────────────────────────
    ../test-results/comprehensive.e2e-E2E-Test-c8c24-e-text-and-character-fields-Mobile-Safari/test-failed-1.png
    ────────────────────────────────────────────────────────────────────────────────────────────────
]]>
</failure>
<system-out>
<![CDATA[
[[ATTACHMENT|comprehensive.e2e-E2E-Test-c8c24-e-text-and-character-fields-Mobile-Safari/test-failed-1.png]]
]]>
</system-out>
</testcase>
<testcase name="E2E Tests - 사용자 시나리오 › 7. API 엔드포인트 검증 › POST /api/tts › should accept valid TTS request" classname="comprehensive.e2e.spec.ts" time="0.505">
<failure message="comprehensive.e2e.spec.ts:345:11 should accept valid TTS request" type="FAILURE">
<![CDATA[  [Mobile Safari] › comprehensive.e2e.spec.ts:345:11 › E2E Tests - 사용자 시나리오 › 7. API 엔드포인트 검증 › POST /api/tts › should accept valid TTS request 

    Error: expect(received).toContain(expected) // indexOf

    Expected value: 429
    Received array: [200, 400, 404, 500]

      354 |
      355 |         // 200 (성공) 또는 400/404 (오류)
    > 356 |         expect([200, 400, 404, 500]).toContain(response.status);
          |                                      ^
      357 |       });
      358 |     });
      359 |   });
        at /mnt/d/progress/animal forest coding/e2e/comprehensive.e2e.spec.ts:356:38

    attachment #1: screenshot (image/png) ──────────────────────────────────────────────────────────
    ../test-results/comprehensive.e2e-E2E-Test-1917c-ld-accept-valid-TTS-request-Mobile-Safari/test-failed-1.png
    ────────────────────────────────────────────────────────────────────────────────────────────────
]]>
</failure>
<system-out>
<![CDATA[
[[ATTACHMENT|comprehensive.e2e-E2E-Test-1917c-ld-accept-valid-TTS-request-Mobile-Safari/test-failed-1.png]]
]]>
</system-out>
</testcase>
<testcase name="E2E Tests - 사용자 시나리오 › 8. 데이터 일관성 › should return consistent data across requests" classname="comprehensive.e2e.spec.ts" time="0.515">
</testcase>
<testcase name="E2E Tests - 사용자 시나리오 › 8. 데이터 일관성 › should not have duplicate character IDs" classname="comprehensive.e2e.spec.ts" time="0.458">
</testcase>
<testcase name="E2E Tests - 사용자 시나리오 › 8. 데이터 일관성 › should have valid topic difficulty levels" classname="comprehensive.e2e.spec.ts" time="0.435">
</testcase>
<testcase name="E2E Tests - 사용자 시나리오 › 9. 캐싱 검증 › should cache responses efficiently" classname="comprehensive.e2e.spec.ts" time="0.322">
</testcase>
<testcase name="E2E Tests - 사용자 시나리오 › 10. 보안 기본사항 › should not expose sensitive information" classname="comprehensive.e2e.spec.ts" time="0.331">
</testcase>
<testcase name="E2E Tests - 사용자 시나리오 › 10. 보안 기본사항 › should handle CORS properly" classname="comprehensive.e2e.spec.ts" time="0.31">
</testcase>
<testcase name="E2E Tests - 사용자 시나리오 › 10. 보안 기본사항 › should validate input parameters" classname="comprehensive.e2e.spec.ts" time="0.332">
</testcase>
<testcase name="사용자 시나리오 - 통합 흐름 › User journey: Home → Content → Search → Health" classname="comprehensive.e2e.spec.ts" time="0.038">
</testcase>
</testsuite>
<testsuite name="story-page-quick.spec.ts" timestamp="2025-12-04T15:45:49.799Z" hostname="Mobile Safari" tests="7" failures="2" skipped="0" time="67.801" errors="0">
<testcase name="Episode 1: Story Page Quick Verification › ✅ Story page loads with correct title" classname="story-page-quick.spec.ts" time="0.726">
</testcase>
<testcase name="Episode 1: Story Page Quick Verification › ✅ Scene 1 displays with opening image" classname="story-page-quick.spec.ts" time="0.782">
</testcase>
<testcase name="Episode 1: Story Page Quick Verification › ✅ Step 1 IDE: int variable validation works" classname="story-page-quick.spec.ts" time="30.526">
<failure message="story-page-quick.spec.ts:21:7 ✅ Step 1 IDE: int variable validation works" type="FAILURE">
<![CDATA[  [Mobile Safari] › story-page-quick.spec.ts:21:7 › Episode 1: Story Page Quick Verification › ✅ Step 1 IDE: int variable validation works 

    Test timeout of 30000ms exceeded.

    Error: locator.click: Test timeout of 30000ms exceeded.
    Call log:
      - waiting for locator('button:has-text("다음")').first()
        - locator resolved to <button onclick="goToScene(2)">다음 →</button>
      - attempting click action
        2 × waiting for element to be visible, enabled and stable
          - element is not visible
        - retrying click action
        - waiting 20ms
        2 × waiting for element to be visible, enabled and stable
          - element is not visible
        - retrying click action
          - waiting 100ms
        53 × waiting for element to be visible, enabled and stable
           - element is not visible
         - retrying click action
           - waiting 500ms


      28 |
      29 |     const nextBtn2 = page.locator('button:has-text("다음")').first();
    > 30 |     await nextBtn2.click();
         |                    ^
      31 |     await page.waitForTimeout(500);
      32 |
      33 |     const startBtn = page.locator('button:has-text("IDE 시작")');
        at /mnt/d/progress/animal forest coding/e2e/story-page-quick.spec.ts:30:20

    attachment #1: screenshot (image/png) ──────────────────────────────────────────────────────────
    ../test-results/story-page-quick-Episode-1-c9a69-t-variable-validation-works-Mobile-Safari/test-failed-1.png
    ────────────────────────────────────────────────────────────────────────────────────────────────

    Error Context: ../test-results/story-page-quick-Episode-1-c9a69-t-variable-validation-works-Mobile-Safari/error-context.md
]]>
</failure>
<system-out>
<![CDATA[
[[ATTACHMENT|story-page-quick-Episode-1-c9a69-t-variable-validation-works-Mobile-Safari/test-failed-1.png]]

[[ATTACHMENT|story-page-quick-Episode-1-c9a69-t-variable-validation-works-Mobile-Safari/error-context.md]]
]]>
</system-out>
</testcase>
<testcase name="Episode 1: Story Page Quick Verification › ✅ Step 1 validation fails on incorrect code" classname="story-page-quick.spec.ts" time="30.556">
<failure message="story-page-quick.spec.ts:58:7 ✅ Step 1 validation fails on incorrect code" type="FAILURE">
<![CDATA[  [Mobile Safari] › story-page-quick.spec.ts:58:7 › Episode 1: Story Page Quick Verification › ✅ Step 1 validation fails on incorrect code 

    Test timeout of 30000ms exceeded.

    Error: locator.click: Test timeout of 30000ms exceeded.
    Call log:
      - waiting for locator('button:has-text("다음")').first()
        - locator resolved to <button onclick="goToScene(2)">다음 →</button>
      - attempting click action
        2 × waiting for element to be visible, enabled and stable
          - element is not visible
        - retrying click action
        - waiting 20ms
        2 × waiting for element to be visible, enabled and stable
          - element is not visible
        - retrying click action
          - waiting 100ms
        53 × waiting for element to be visible, enabled and stable
           - element is not visible
         - retrying click action
           - waiting 500ms


      65 |
      66 |     const nextBtn2 = page.locator('button:has-text("다음")').first();
    > 67 |     await nextBtn2.click();
         |                    ^
      68 |     await page.waitForTimeout(500);
      69 |
      70 |     const startBtn = page.locator('button:has-text("IDE 시작")');
        at /mnt/d/progress/animal forest coding/e2e/story-page-quick.spec.ts:67:20

    attachment #1: screenshot (image/png) ──────────────────────────────────────────────────────────
    ../test-results/story-page-quick-Episode-1-db8c6-ion-fails-on-incorrect-code-Mobile-Safari/test-failed-1.png
    ────────────────────────────────────────────────────────────────────────────────────────────────

    Error Context: ../test-results/story-page-quick-Episode-1-db8c6-ion-fails-on-incorrect-code-Mobile-Safari/error-context.md
]]>
</failure>
<system-out>
<![CDATA[
[[ATTACHMENT|story-page-quick-Episode-1-db8c6-ion-fails-on-incorrect-code-Mobile-Safari/test-failed-1.png]]

[[ATTACHMENT|story-page-quick-Episode-1-db8c6-ion-fails-on-incorrect-code-Mobile-Safari/error-context.md]]
]]>
</system-out>
</testcase>
<testcase name="Episode 1: Story Page Quick Verification › ✅ Progress bar visible and updates" classname="story-page-quick.spec.ts" time="1.741">
</testcase>
<testcase name="Episode 1: Story Page Quick Verification › ✅ Mobile responsive design" classname="story-page-quick.spec.ts" time="0.813">
</testcase>
<testcase name="Episode 1: Story Page Quick Verification › ✅ All images load without errors" classname="story-page-quick.spec.ts" time="2.657">
</testcase>
</testsuite>
<testsuite name="story-page-sample.spec.ts" timestamp="2025-12-04T15:45:49.799Z" hostname="Mobile Safari" tests="7" failures="7" skipped="0" time="3.015" errors="0">
<testcase name="Story Page - Stage 2 System Level Tests › should load story page successfully" classname="story-page-sample.spec.ts" time="0.402">
<failure message="story-page-sample.spec.ts:29:7 should load story page successfully" type="FAILURE">
<![CDATA[  [Mobile Safari] › story-page-sample.spec.ts:29:7 › Story Page - Stage 2 System Level Tests › should load story page successfully 

    Error: page.goto: Could not connect to localhost: Connection refused
    Call log:
      - navigating to "http://localhost:3000/story.html", waiting until "networkidle"


      20 |   test.beforeEach(async ({ page }) => {
      21 |     // Navigate to story page
    > 22 |     await page.goto(storyPageURL, { waitUntil: 'networkidle' });
         |                ^
      23 |   });
      24 |
      25 |   // ============================================
        at /mnt/d/progress/animal forest coding/e2e/story-page-sample.spec.ts:22:16

    attachment #1: screenshot (image/png) ──────────────────────────────────────────────────────────
    ../test-results/story-page-sample-Story-Pa-112ab-oad-story-page-successfully-Mobile-Safari/test-failed-1.png
    ────────────────────────────────────────────────────────────────────────────────────────────────
]]>
</failure>
<system-out>
<![CDATA[
[[ATTACHMENT|story-page-sample-Story-Pa-112ab-oad-story-page-successfully-Mobile-Safari/test-failed-1.png]]
]]>
</system-out>
</testcase>
<testcase name="Story Page - Stage 2 System Level Tests › should display background image correctly" classname="story-page-sample.spec.ts" time="0.514">
<failure message="story-page-sample.spec.ts:49:7 should display background image correctly" type="FAILURE">
<![CDATA[  [Mobile Safari] › story-page-sample.spec.ts:49:7 › Story Page - Stage 2 System Level Tests › should display background image correctly 

    Error: page.goto: Could not connect to localhost: Connection refused
    Call log:
      - navigating to "http://localhost:3000/story.html", waiting until "networkidle"


      20 |   test.beforeEach(async ({ page }) => {
      21 |     // Navigate to story page
    > 22 |     await page.goto(storyPageURL, { waitUntil: 'networkidle' });
         |                ^
      23 |   });
      24 |
      25 |   // ============================================
        at /mnt/d/progress/animal forest coding/e2e/story-page-sample.spec.ts:22:16

    attachment #1: screenshot (image/png) ──────────────────────────────────────────────────────────
    ../test-results/story-page-sample-Story-Pa-31aec--background-image-correctly-Mobile-Safari/test-failed-1.png
    ────────────────────────────────────────────────────────────────────────────────────────────────
]]>
</failure>
<system-out>
<![CDATA[
[[ATTACHMENT|story-page-sample-Story-Pa-31aec--background-image-correctly-Mobile-Safari/test-failed-1.png]]
]]>
</system-out>
</testcase>
<testcase name="Story Page - Stage 2 System Level Tests › should have IDE editor element available" classname="story-page-sample.spec.ts" time="0.353">
<failure message="story-page-sample.spec.ts:76:7 should have IDE editor element available" type="FAILURE">
<![CDATA[  [Mobile Safari] › story-page-sample.spec.ts:76:7 › Story Page - Stage 2 System Level Tests › should have IDE editor element available 

    Error: page.goto: Could not connect to localhost: Connection refused
    Call log:
      - navigating to "http://localhost:3000/story.html", waiting until "networkidle"


      20 |   test.beforeEach(async ({ page }) => {
      21 |     // Navigate to story page
    > 22 |     await page.goto(storyPageURL, { waitUntil: 'networkidle' });
         |                ^
      23 |   });
      24 |
      25 |   // ============================================
        at /mnt/d/progress/animal forest coding/e2e/story-page-sample.spec.ts:22:16

    attachment #1: screenshot (image/png) ──────────────────────────────────────────────────────────
    ../test-results/story-page-sample-Story-Pa-240c3-DE-editor-element-available-Mobile-Safari/test-failed-1.png
    ────────────────────────────────────────────────────────────────────────────────────────────────
]]>
</failure>
<system-out>
<![CDATA[
[[ATTACHMENT|story-page-sample-Story-Pa-240c3-DE-editor-element-available-Mobile-Safari/test-failed-1.png]]
]]>
</system-out>
</testcase>
<testcase name="Story Page - Stage 2 System Level Tests › should have navigation elements" classname="story-page-sample.spec.ts" time="0.399">
<failure message="story-page-sample.spec.ts:96:7 should have navigation elements" type="FAILURE">
<![CDATA[  [Mobile Safari] › story-page-sample.spec.ts:96:7 › Story Page - Stage 2 System Level Tests › should have navigation elements 

    Error: page.goto: Could not connect to localhost: Connection refused
    Call log:
      - navigating to "http://localhost:3000/story.html", waiting until "networkidle"


      20 |   test.beforeEach(async ({ page }) => {
      21 |     // Navigate to story page
    > 22 |     await page.goto(storyPageURL, { waitUntil: 'networkidle' });
         |                ^
      23 |   });
      24 |
      25 |   // ============================================
        at /mnt/d/progress/animal forest coding/e2e/story-page-sample.spec.ts:22:16

    attachment #1: screenshot (image/png) ──────────────────────────────────────────────────────────
    ../test-results/story-page-sample-Story-Pa-5d4dc-ld-have-navigation-elements-Mobile-Safari/test-failed-1.png
    ────────────────────────────────────────────────────────────────────────────────────────────────
]]>
</failure>
<system-out>
<![CDATA[
[[ATTACHMENT|story-page-sample-Story-Pa-5d4dc-ld-have-navigation-elements-Mobile-Safari/test-failed-1.png]]
]]>
</system-out>
</testcase>
<testcase name="Story Page - Stage 2 System Level Tests › should be responsive to window resize" classname="story-page-sample.spec.ts" time="0.339">
<failure message="story-page-sample.spec.ts:117:7 should be responsive to window resize" type="FAILURE">
<![CDATA[  [Mobile Safari] › story-page-sample.spec.ts:117:7 › Story Page - Stage 2 System Level Tests › should be responsive to window resize 

    Error: page.goto: Could not connect to localhost: Connection refused
    Call log:
      - navigating to "http://localhost:3000/story.html", waiting until "networkidle"


      20 |   test.beforeEach(async ({ page }) => {
      21 |     // Navigate to story page
    > 22 |     await page.goto(storyPageURL, { waitUntil: 'networkidle' });
         |                ^
      23 |   });
      24 |
      25 |   // ============================================
        at /mnt/d/progress/animal forest coding/e2e/story-page-sample.spec.ts:22:16

    attachment #1: screenshot (image/png) ──────────────────────────────────────────────────────────
    ../test-results/story-page-sample-Story-Pa-238a2-responsive-to-window-resize-Mobile-Safari/test-failed-1.png
    ────────────────────────────────────────────────────────────────────────────────────────────────
]]>
</failure>
<system-out>
<![CDATA[
[[ATTACHMENT|story-page-sample-Story-Pa-238a2-responsive-to-window-resize-Mobile-Safari/test-failed-1.png]]
]]>
</system-out>
</testcase>
<testcase name="Story Page - Stage 2 System Level Tests › should maintain page integrity after interactions" classname="story-page-sample.spec.ts" time="0.509">
<failure message="story-page-sample.spec.ts:142:7 should maintain page integrity after interactions" type="FAILURE">
<![CDATA[  [Mobile Safari] › story-page-sample.spec.ts:142:7 › Story Page - Stage 2 System Level Tests › should maintain page integrity after interactions 

    Error: page.goto: Could not connect to localhost: Connection refused
    Call log:
      - navigating to "http://localhost:3000/story.html", waiting until "networkidle"


      20 |   test.beforeEach(async ({ page }) => {
      21 |     // Navigate to story page
    > 22 |     await page.goto(storyPageURL, { waitUntil: 'networkidle' });
         |                ^
      23 |   });
      24 |
      25 |   // ============================================
        at /mnt/d/progress/animal forest coding/e2e/story-page-sample.spec.ts:22:16

    attachment #1: screenshot (image/png) ──────────────────────────────────────────────────────────
    ../test-results/story-page-sample-Story-Pa-75cdf-ntegrity-after-interactions-Mobile-Safari/test-failed-1.png
    ────────────────────────────────────────────────────────────────────────────────────────────────
]]>
</failure>
<system-out>
<![CDATA[
[[ATTACHMENT|story-page-sample-Story-Pa-75cdf-ntegrity-after-interactions-Mobile-Safari/test-failed-1.png]]
]]>
</system-out>
</testcase>
<testcase name="Story Page - Stage 2 System Level Tests › should not have critical console errors on load" classname="story-page-sample.spec.ts" time="0.499">
<failure message="story-page-sample.spec.ts:174:7 should not have critical console errors on load" type="FAILURE">
<![CDATA[  [Mobile Safari] › story-page-sample.spec.ts:174:7 › Story Page - Stage 2 System Level Tests › should not have critical console errors on load 

    Error: page.goto: Could not connect to localhost: Connection refused
    Call log:
      - navigating to "http://localhost:3000/story.html", waiting until "networkidle"


      20 |   test.beforeEach(async ({ page }) => {
      21 |     // Navigate to story page
    > 22 |     await page.goto(storyPageURL, { waitUntil: 'networkidle' });
         |                ^
      23 |   });
      24 |
      25 |   // ============================================
        at /mnt/d/progress/animal forest coding/e2e/story-page-sample.spec.ts:22:16

    attachment #1: screenshot (image/png) ──────────────────────────────────────────────────────────
    ../test-results/story-page-sample-Story-Pa-f5c10-ical-console-errors-on-load-Mobile-Safari/test-failed-1.png
    ────────────────────────────────────────────────────────────────────────────────────────────────
]]>
</failure>
<system-out>
<![CDATA[
[[ATTACHMENT|story-page-sample-Story-Pa-f5c10-ical-console-errors-on-load-Mobile-Safari/test-failed-1.png]]
]]>
</system-out>
</testcase>
</testsuite>
<testsuite name="story-page-validated.spec.ts" timestamp="2025-12-04T15:45:49.799Z" hostname="Mobile Safari" tests="16" failures="3" skipped="0" time="78.628" errors="0">
<testcase name="Episode 1: Story Page - Complete Validation › ✅ Page loads successfully with all scenes" classname="story-page-validated.spec.ts" time="0.826">
</testcase>
<testcase name="Episode 1: Story Page - Complete Validation › ✅ Scene 1: Opening displays correctly" classname="story-page-validated.spec.ts" time="1.016">
</testcase>
<testcase name="Episode 1: Story Page - Complete Validation › ✅ Scene navigation: Scene 1 → Scene 2" classname="story-page-validated.spec.ts" time="1.195">
</testcase>
<testcase name="Episode 1: Story Page - Complete Validation › ✅ Scene 2: Story content displays with debt amount" classname="story-page-validated.spec.ts" time="1.027">
<failure message="story-page-validated.spec.ts:46:7 ✅ Scene 2: Story content displays with debt amount" type="FAILURE">
<![CDATA[  [Mobile Safari] › story-page-validated.spec.ts:46:7 › Episode 1: Story Page - Complete Validation › ✅ Scene 2: Story content displays with debt amount 

    Error: expect(received).toContain(expected) // indexOf

    Expected substring: "49800"
    Received string:    "
                💰 빚과의 만남···························
                    너굴: \"자, 이제 정산을 해야지? 텐트 설치비, 인건비, 스마트폰 지급비, 그리고 섬 정착 수수료를 합치면...\"·········································
                    너굴: \"합계 49,800벨이다구리! 💰 ...뭐? 지금 빈털터리라고? 곤란하네, 곤란해.\"·········································
                    너굴: \"좋아! 내가 특별히 '너굴 뱅크' 대출 계좌를 만들어 주지. 대신, 우리 은행 시스템이 아직 개발 중이라서... 네가 직접 네 계좌 정보를 코딩해서 시스템에 등록해야 해.\"·········································
                    ← 이전
                    다음 →·············
            "

      54 |
      55 |     // Check for debt amount
    > 56 |     expect(text).toContain('49,800') || expect(text).toContain('49800');
         |                                                      ^
      57 |
      58 |     // Check for multiple images
      59 |     const images = scene2.locator('img');
        at /mnt/d/progress/animal forest coding/e2e/story-page-validated.spec.ts:56:54

    attachment #1: screenshot (image/png) ──────────────────────────────────────────────────────────
    ../test-results/story-page-validated-Episo-c84d8-t-displays-with-debt-amount-Mobile-Safari/test-failed-1.png
    ────────────────────────────────────────────────────────────────────────────────────────────────

    Error Context: ../test-results/story-page-validated-Episo-c84d8-t-displays-with-debt-amount-Mobile-Safari/error-context.md
]]>
</failure>
<system-out>
<![CDATA[
[[ATTACHMENT|story-page-validated-Episo-c84d8-t-displays-with-debt-amount-Mobile-Safari/test-failed-1.png]]

[[ATTACHMENT|story-page-validated-Episo-c84d8-t-displays-with-debt-amount-Mobile-Safari/error-context.md]]
]]>
</system-out>
</testcase>
<testcase name="Episode 1: Story Page - Complete Validation › ✅ Scene 3: Mission preparation" classname="story-page-validated.spec.ts" time="2.948">
</testcase>
<testcase name="Episode 1: Story Page - Complete Validation › ✅ IDE Section: Appears after mission start" classname="story-page-validated.spec.ts" time="3.601">
</testcase>
<testcase name="Episode 1: Story Page - Complete Validation › ✅ Step 1: Code validation - SUCCESS (int loan = 49800)" classname="story-page-validated.spec.ts" time="4.283">
</testcase>
<testcase name="Episode 1: Story Page - Complete Validation › ✅ Step 1: Code validation - FAILURE (missing int)" classname="story-page-validated.spec.ts" time="4.291">
</testcase>
<testcase name="Episode 1: Story Page - Complete Validation › ✅ Step 2: Accessible after Step 1 success" classname="story-page-validated.spec.ts" time="3.372">
</testcase>
<testcase name="Episode 1: Story Page - Complete Validation › ✅ Step 2: Code validation - SUCCESS (double interestRate = 0.05)" classname="story-page-validated.spec.ts" time="30.323">
<failure message="story-page-validated.spec.ts:180:7 ✅ Step 2: Code validation - SUCCESS (double interestRate = 0.05)" type="FAILURE">
<![CDATA[  [Mobile Safari] › story-page-validated.spec.ts:180:7 › Episode 1: Story Page - Complete Validation › ✅ Step 2: Code validation - SUCCESS (double interestRate = 0.05) 

    Test timeout of 30000ms exceeded.

    Error: locator.click: Test timeout of 30000ms exceeded.
    Call log:
      - waiting for locator('#mission-2 button:has-text("▶ 코드 実行")').first()


      196 |     await editor2.clear();
      197 |     await editor2.type('int loan = 49800;\ndouble interestRate = 0.05;');
    > 198 |     await page.locator('#mission-2 button:has-text("▶ 코드 実行")').first().click();
          |                                                                         ^
      199 |
      200 |     // Check output for success
      201 |     const output = page.locator('#output-content-step2');
        at /mnt/d/progress/animal forest coding/e2e/story-page-validated.spec.ts:198:73

    attachment #1: screenshot (image/png) ──────────────────────────────────────────────────────────
    ../test-results/story-page-validated-Episo-3a269-S-double-interestRate-0-05--Mobile-Safari/test-failed-1.png
    ────────────────────────────────────────────────────────────────────────────────────────────────

    Error Context: ../test-results/story-page-validated-Episo-3a269-S-double-interestRate-0-05--Mobile-Safari/error-context.md
]]>
</failure>
<system-out>
<![CDATA[
[[ATTACHMENT|story-page-validated-Episo-3a269-S-double-interestRate-0-05--Mobile-Safari/test-failed-1.png]]

[[ATTACHMENT|story-page-validated-Episo-3a269-S-double-interestRate-0-05--Mobile-Safari/error-context.md]]
]]>
</system-out>
</testcase>
<testcase name="Episode 1: Story Page - Complete Validation › ✅ Step 3: Type casting validation - FAILURE without cast" classname="story-page-validated.spec.ts" time="5.401">
</testcase>
<testcase name="Episode 1: Story Page - Complete Validation › ✅ Step 3: Type casting validation - SUCCESS with cast" classname="story-page-validated.spec.ts" time="6.538">
</testcase>
<testcase name="Episode 1: Story Page - Complete Validation › ✅ Scene 4: Completion screen accessible" classname="story-page-validated.spec.ts" time="7.423">
</testcase>
<testcase name="Episode 1: Story Page - Complete Validation › ✅ Progress bar updates through scenes" classname="story-page-validated.spec.ts" time="1.072">
<failure message="story-page-validated.spec.ts:318:7 ✅ Progress bar updates through scenes" type="FAILURE">
<![CDATA[  [Mobile Safari] › story-page-validated.spec.ts:318:7 › Episode 1: Story Page - Complete Validation › ✅ Progress bar updates through scenes 

    Error: expect(received).toBeGreaterThan(expected)

    Expected: > 0
    Received:   0

      325 |     let items = page.locator('.progress-item');
      326 |     let activeCount = await items.locator('.active, .completed').count();
    > 327 |     expect(activeCount).toBeGreaterThan(0);
          |                         ^
      328 |
      329 |     // After navigation
      330 |     await page.locator('[data-scene="1"] button:has-text("다음")').click();
        at /mnt/d/progress/animal forest coding/e2e/story-page-validated.spec.ts:327:25

    attachment #1: screenshot (image/png) ──────────────────────────────────────────────────────────
    ../test-results/story-page-validated-Episo-6babf--bar-updates-through-scenes-Mobile-Safari/test-failed-1.png
    ────────────────────────────────────────────────────────────────────────────────────────────────

    Error Context: ../test-results/story-page-validated-Episo-6babf--bar-updates-through-scenes-Mobile-Safari/error-context.md
]]>
</failure>
<system-out>
<![CDATA[
[[ATTACHMENT|story-page-validated-Episo-6babf--bar-updates-through-scenes-Mobile-Safari/test-failed-1.png]]

[[ATTACHMENT|story-page-validated-Episo-6babf--bar-updates-through-scenes-Mobile-Safari/error-context.md]]
]]>
</system-out>
</testcase>
<testcase name="Episode 1: Story Page - Complete Validation › ✅ Mobile responsiveness (375px viewport)" classname="story-page-validated.spec.ts" time="1.197">
</testcase>
<testcase name="Episode 1: Story Page - Complete Validation › ✅ Reset button functionality" classname="story-page-validated.spec.ts" time="4.115">
</testcase>
</testsuite>
<testsuite name="story-page.spec.ts" timestamp="2025-12-04T15:45:49.799Z" hostname="Mobile Safari" tests="15" failures="13" skipped="0" time="230.046" errors="0">
<testcase name="Episode 1: 너굴 코딩 - 공짜는 없다구리! (Story Page) › ✅ Page loads successfully" classname="story-page.spec.ts" time="1.083">
</testcase>
<testcase name="Episode 1: 너굴 코딩 - 공짜는 없다구리! (Story Page) › ✅ Scene 1: Opening cutscene displays correctly" classname="story-page.spec.ts" time="30.603">
<failure message="story-page.spec.ts:25:7 ✅ Scene 1: Opening cutscene displays correctly" type="FAILURE">
<![CDATA[  [Mobile Safari] › story-page.spec.ts:25:7 › Episode 1: 너굴 코딩 - 공짜는 없다구리! (Story Page) › ✅ Scene 1: Opening cutscene displays correctly 

    Test timeout of 30000ms exceeded.

    Error: locator.textContent: Test timeout of 30000ms exceeded.
    Call log:
      - waiting for locator('[data-scene="1"]').locator('.dialogue')


      36 |     // Check for Nook dialogue
      37 |     const dialogue = scene1.locator('.dialogue');
    > 38 |     const dialogueText = await dialogue.textContent();
         |                                         ^
      39 |     expect(dialogueText).toContain('너굴');
      40 |
      41 |     // "다음" button should be visible
        at /mnt/d/progress/animal forest coding/e2e/story-page.spec.ts:38:41

    attachment #1: screenshot (image/png) ──────────────────────────────────────────────────────────
    ../test-results/story-page-Episode-1-너굴-코딩-75960-cutscene-displays-correctly-Mobile-Safari/test-failed-1.png
    ────────────────────────────────────────────────────────────────────────────────────────────────

    Error Context: ../test-results/story-page-Episode-1-너굴-코딩-75960-cutscene-displays-correctly-Mobile-Safari/error-context.md
]]>
</failure>
<system-out>
<![CDATA[
[[ATTACHMENT|story-page-Episode-1-너굴-코딩-75960-cutscene-displays-correctly-Mobile-Safari/test-failed-1.png]]

[[ATTACHMENT|story-page-Episode-1-너굴-코딩-75960-cutscene-displays-correctly-Mobile-Safari/error-context.md]]
]]>
</system-out>
</testcase>
<testcase name="Episode 1: 너굴 코딩 - 공짜는 없다구리! (Story Page) › ✅ Scene 1 → Scene 2: Navigation works" classname="story-page.spec.ts" time="2.285">
<failure message="story-page.spec.ts:46:7 ✅ Scene 1 → Scene 2: Navigation works" type="FAILURE">
<![CDATA[  [Mobile Safari] › story-page.spec.ts:46:7 › Episode 1: 너굴 코딩 - 공짜는 없다구리! (Story Page) › ✅ Scene 1 → Scene 2: Navigation works 

    Error: locator.textContent: Error: strict mode violation: locator('[data-scene="2"]').locator('.dialogue') resolved to 3 elements:
        1) <div class="dialogue">…</div> aka getByText('너굴: "자, 이제 정산을 해야지? 텐트 설치비, 인건비, 스마트폰 지급비, 그리고 섬 정착 수수료를 합치면..."')
        2) <div class="dialogue">…</div> aka getByText('너굴: "합계 49,800')
        3) <div class="dialogue">…</div> aka getByText('너굴: "좋아! 내가 특별히 \'너굴 뱅크\' 대출 계좌를 만들어 주지. 대신, 우리 은행 시스템이 아직 개발 중이라서... 네가 직접 네 계좌 정')

    Call log:
      - waiting for locator('[data-scene="2"]').locator('.dialogue')


      65 |     // Check for Nook dialogue about debt
      66 |     const dialogue = scene2.locator('.dialogue');
    > 67 |     const dialogueText = await dialogue.textContent();
         |                                         ^
      68 |     expect(dialogueText?.toUpperCase()).toContain('벨');
      69 |   });
      70 |
        at /mnt/d/progress/animal forest coding/e2e/story-page.spec.ts:67:41

    attachment #1: screenshot (image/png) ──────────────────────────────────────────────────────────
    ../test-results/story-page-Episode-1-너굴-코딩-a9a89--→-Scene-2-Navigation-works-Mobile-Safari/test-failed-1.png
    ────────────────────────────────────────────────────────────────────────────────────────────────

    Error Context: ../test-results/story-page-Episode-1-너굴-코딩-a9a89--→-Scene-2-Navigation-works-Mobile-Safari/error-context.md
]]>
</failure>
<system-out>
<![CDATA[
[[ATTACHMENT|story-page-Episode-1-너굴-코딩-a9a89--→-Scene-2-Navigation-works-Mobile-Safari/test-failed-1.png]]

[[ATTACHMENT|story-page-Episode-1-너굴-코딩-a9a89--→-Scene-2-Navigation-works-Mobile-Safari/error-context.md]]
]]>
</system-out>
</testcase>
<testcase name="Episode 1: 너굴 코딩 - 공짜는 없다구리! (Story Page) › ✅ Scene 2: Story progression with multiple images" classname="story-page.spec.ts" time="2.066">
<failure message="story-page.spec.ts:71:7 ✅ Scene 2: Story progression with multiple images" type="FAILURE">
<![CDATA[  [Mobile Safari] › story-page.spec.ts:71:7 › Episode 1: 너굴 코딩 - 공짜는 없다구리! (Story Page) › ✅ Scene 2: Story progression with multiple images 

    Error: expect(received).toContain(expected) // indexOf

    Expected substring: "49800"
    Received string:    "
                💰 빚과의 만남···························
                    너굴: \"자, 이제 정산을 해야지? 텐트 설치비, 인건비, 스마트폰 지급비, 그리고 섬 정착 수수료를 합치면...\"·········································
                    너굴: \"합계 49,800벨이다구리! 💰 ...뭐? 지금 빈털터리라고? 곤란하네, 곤란해.\"·········································
                    너굴: \"좋아! 내가 특별히 '너굴 뱅크' 대출 계좌를 만들어 주지. 대신, 우리 은행 시스템이 아직 개발 중이라서... 네가 직접 네 계좌 정보를 코딩해서 시스템에 등록해야 해.\"·········································
                    ← 이전
                    다음 →·············
            "

      87 |     // Verify 49,800 벨 debt is mentioned
      88 |     const scene2Text = await scene2.textContent();
    > 89 |     expect(scene2Text).toContain('49,800') || expect(scene2Text).toContain('49800');
         |                                                                  ^
      90 |   });
      91 |
      92 |   test('✅ Scene 3: Mission preparation displays', async ({ page }) => {
        at /mnt/d/progress/animal forest coding/e2e/story-page.spec.ts:89:66

    attachment #1: screenshot (image/png) ──────────────────────────────────────────────────────────
    ../test-results/story-page-Episode-1-너굴-코딩-58a84-ession-with-multiple-images-Mobile-Safari/test-failed-1.png
    ────────────────────────────────────────────────────────────────────────────────────────────────

    Error Context: ../test-results/story-page-Episode-1-너굴-코딩-58a84-ession-with-multiple-images-Mobile-Safari/error-context.md
]]>
</failure>
<system-out>
<![CDATA[
[[ATTACHMENT|story-page-Episode-1-너굴-코딩-58a84-ession-with-multiple-images-Mobile-Safari/test-failed-1.png]]

[[ATTACHMENT|story-page-Episode-1-너굴-코딩-58a84-ession-with-multiple-images-Mobile-Safari/error-context.md]]
]]>
</system-out>
</testcase>
<testcase name="Episode 1: 너굴 코딩 - 공짜는 없다구리! (Story Page) › ✅ Scene 3: Mission preparation displays" classname="story-page.spec.ts" time="2.434">
</testcase>
<testcase name="Episode 1: 너굴 코딩 - 공짜는 없다구리! (Story Page) › ✅ IDE Section: Becomes active after mission start" classname="story-page.spec.ts" time="3.164">
<failure message="story-page.spec.ts:117:7 ✅ IDE Section: Becomes active after mission start" type="FAILURE">
<![CDATA[  [Mobile Safari] › story-page.spec.ts:117:7 › Episode 1: 너굴 코딩 - 공짜는 없다구리! (Story Page) › ✅ IDE Section: Becomes active after mission start 

    Error: expect(locator).toBeVisible() failed

    Locator: locator('text=Step 1')
    Expected: visible
    Error: strict mode violation: locator('text=Step 1') resolved to 2 elements:
        1) <div class="step-counter">Step 1/3: 빚(Loan) 변수 선언</div> aka getByText('Step 1/3: 빚(Loan) 변수 선언')
        2) <label>Step 1의 코드에 이자율을 추가하세요:</label> aka getByText('Step 1의 코드에 이자율을 추가하세요:')

    Call log:
      - Expect "toBeVisible" with timeout 5000ms
      - waiting for locator('text=Step 1')


      138 |     // Step 1 mission should be visible
      139 |     const step1Title = page.locator('text=Step 1');
    > 140 |     await expect(step1Title).toBeVisible();
          |                              ^
      141 |   });
      142 |
      143 |   test('✅ IDE Step 1: Code validation - Success case', async ({ page }) => {
        at /mnt/d/progress/animal forest coding/e2e/story-page.spec.ts:140:30

    attachment #1: screenshot (image/png) ──────────────────────────────────────────────────────────
    ../test-results/story-page-Episode-1-너굴-코딩-646c5--active-after-mission-start-Mobile-Safari/test-failed-1.png
    ────────────────────────────────────────────────────────────────────────────────────────────────

    Error Context: ../test-results/story-page-Episode-1-너굴-코딩-646c5--active-after-mission-start-Mobile-Safari/error-context.md
]]>
</failure>
<system-out>
<![CDATA[
[[ATTACHMENT|story-page-Episode-1-너굴-코딩-646c5--active-after-mission-start-Mobile-Safari/test-failed-1.png]]

[[ATTACHMENT|story-page-Episode-1-너굴-코딩-646c5--active-after-mission-start-Mobile-Safari/error-context.md]]
]]>
</system-out>
</testcase>
<testcase name="Episode 1: 너굴 코딩 - 공짜는 없다구리! (Story Page) › ✅ IDE Step 1: Code validation - Success case" classname="story-page.spec.ts" time="30.283">
<failure message="story-page.spec.ts:143:7 ✅ IDE Step 1: Code validation - Success case" type="FAILURE">
<![CDATA[  [Mobile Safari] › story-page.spec.ts:143:7 › Episode 1: 너굴 코딩 - 공짜는 없다구리! (Story Page) › ✅ IDE Step 1: Code validation - Success case 

    Test timeout of 30000ms exceeded.

    Error: locator.fill: Test timeout of 30000ms exceeded.
    Call log:
      - waiting for locator('#editor1')


      159 |     // Find and fill the Step 1 editor
      160 |     const editor1 = page.locator('#editor1');
    > 161 |     await editor1.fill('int loan = 49800;');
          |                   ^
      162 |
      163 |     // Click run button for Step 1
      164 |     const runBtn1 = page.locator('button:has-text("▶ 코드 실행"):near(#editor1)').first();
        at /mnt/d/progress/animal forest coding/e2e/story-page.spec.ts:161:19

    attachment #1: screenshot (image/png) ──────────────────────────────────────────────────────────
    ../test-results/story-page-Episode-1-너굴-코딩-e7a84-e-validation---Success-case-Mobile-Safari/test-failed-1.png
    ────────────────────────────────────────────────────────────────────────────────────────────────

    Error Context: ../test-results/story-page-Episode-1-너굴-코딩-e7a84-e-validation---Success-case-Mobile-Safari/error-context.md
]]>
</failure>
<system-out>
<![CDATA[
[[ATTACHMENT|story-page-Episode-1-너굴-코딩-e7a84-e-validation---Success-case-Mobile-Safari/test-failed-1.png]]

[[ATTACHMENT|story-page-Episode-1-너굴-코딩-e7a84-e-validation---Success-case-Mobile-Safari/error-context.md]]
]]>
</system-out>
</testcase>
<testcase name="Episode 1: 너굴 코딩 - 공짜는 없다구리! (Story Page) › ✅ IDE Step 1: Code validation - Failure case (missing declaration)" classname="story-page.spec.ts" time="30.336">
<failure message="story-page.spec.ts:177:7 ✅ IDE Step 1: Code validation - Failure case (missing declaration)" type="FAILURE">
<![CDATA[  [Mobile Safari] › story-page.spec.ts:177:7 › Episode 1: 너굴 코딩 - 공짜는 없다구리! (Story Page) › ✅ IDE Step 1: Code validation - Failure case (missing declaration) 

    Test timeout of 30000ms exceeded.

    Error: locator.fill: Test timeout of 30000ms exceeded.
    Call log:
      - waiting for locator('#editor1')


      193 |     // Enter invalid code (missing "int" keyword)
      194 |     const editor1 = page.locator('#editor1');
    > 195 |     await editor1.fill('loan = 49800;');
          |                   ^
      196 |
      197 |     // Click run button
      198 |     const runBtn1 = page.locator('button:has-text("▶ 코드 실행"):near(#editor1)').first();
        at /mnt/d/progress/animal forest coding/e2e/story-page.spec.ts:195:19

    attachment #1: screenshot (image/png) ──────────────────────────────────────────────────────────
    ../test-results/story-page-Episode-1-너굴-코딩-5d80d-e-case-missing-declaration--Mobile-Safari/test-failed-1.png
    ────────────────────────────────────────────────────────────────────────────────────────────────

    Error Context: ../test-results/story-page-Episode-1-너굴-코딩-5d80d-e-case-missing-declaration--Mobile-Safari/error-context.md
]]>
</failure>
<system-out>
<![CDATA[
[[ATTACHMENT|story-page-Episode-1-너굴-코딩-5d80d-e-case-missing-declaration--Mobile-Safari/test-failed-1.png]]

[[ATTACHMENT|story-page-Episode-1-너굴-코딩-5d80d-e-case-missing-declaration--Mobile-Safari/error-context.md]]
]]>
</system-out>
</testcase>
<testcase name="Episode 1: 너굴 코딩 - 공짜는 없다구리! (Story Page) › ✅ IDE Step 2: Code validation - Success case" classname="story-page.spec.ts" time="30.283">
<failure message="story-page.spec.ts:211:7 ✅ IDE Step 2: Code validation - Success case" type="FAILURE">
<![CDATA[  [Mobile Safari] › story-page.spec.ts:211:7 › Episode 1: 너굴 코딩 - 공짜는 없다구리! (Story Page) › ✅ IDE Step 2: Code validation - Success case 

    Test timeout of 30000ms exceeded.

    Error: locator.fill: Test timeout of 30000ms exceeded.
    Call log:
      - waiting for locator('#editor1')


      227 |     // Complete Step 1
      228 |     const editor1 = page.locator('#editor1');
    > 229 |     await editor1.fill('int loan = 49800;');
          |                   ^
      230 |     const runBtn1 = page.locator('button:has-text("▶ 코드 실행"):near(#editor1)').first();
      231 |     await runBtn1.click();
      232 |
        at /mnt/d/progress/animal forest coding/e2e/story-page.spec.ts:229:19

    attachment #1: screenshot (image/png) ──────────────────────────────────────────────────────────
    ../test-results/story-page-Episode-1-너굴-코딩-04049-e-validation---Success-case-Mobile-Safari/test-failed-1.png
    ────────────────────────────────────────────────────────────────────────────────────────────────

    Error Context: ../test-results/story-page-Episode-1-너굴-코딩-04049-e-validation---Success-case-Mobile-Safari/error-context.md
]]>
</failure>
<system-out>
<![CDATA[
[[ATTACHMENT|story-page-Episode-1-너굴-코딩-04049-e-validation---Success-case-Mobile-Safari/test-failed-1.png]]

[[ATTACHMENT|story-page-Episode-1-너굴-코딩-04049-e-validation---Success-case-Mobile-Safari/error-context.md]]
]]>
</system-out>
</testcase>
<testcase name="Episode 1: 너굴 코딩 - 공짜는 없다구리! (Story Page) › ✅ IDE Step 3: Type casting validation - Failure without cast" classname="story-page.spec.ts" time="30.299">
<failure message="story-page.spec.ts:256:7 ✅ IDE Step 3: Type casting validation - Failure without cast" type="FAILURE">
<![CDATA[  [Mobile Safari] › story-page.spec.ts:256:7 › Episode 1: 너굴 코딩 - 공짜는 없다구리! (Story Page) › ✅ IDE Step 3: Type casting validation - Failure without cast 

    Test timeout of 30000ms exceeded.

    Error: locator.fill: Test timeout of 30000ms exceeded.
    Call log:
      - waiting for locator('#editor1')


      272 |     // Complete Steps 1 & 2
      273 |     const editor1 = page.locator('#editor1');
    > 274 |     await editor1.fill('int loan = 49800;');
          |                   ^
      275 |     let runBtn = page.locator('button:has-text("▶ 코드 실행"):near(#editor1)').first();
      276 |     await runBtn.click();
      277 |
        at /mnt/d/progress/animal forest coding/e2e/story-page.spec.ts:274:19

    attachment #1: screenshot (image/png) ──────────────────────────────────────────────────────────
    ../test-results/story-page-Episode-1-너굴-코딩-de6db-tion---Failure-without-cast-Mobile-Safari/test-failed-1.png
    ────────────────────────────────────────────────────────────────────────────────────────────────

    Error Context: ../test-results/story-page-Episode-1-너굴-코딩-de6db-tion---Failure-without-cast-Mobile-Safari/error-context.md
]]>
</failure>
<system-out>
<![CDATA[
[[ATTACHMENT|story-page-Episode-1-너굴-코딩-de6db-tion---Failure-without-cast-Mobile-Safari/test-failed-1.png]]

[[ATTACHMENT|story-page-Episode-1-너굴-코딩-de6db-tion---Failure-without-cast-Mobile-Safari/error-context.md]]
]]>
</system-out>
</testcase>
<testcase name="Episode 1: 너굴 코딩 - 공짜는 없다구리! (Story Page) › ✅ IDE Step 3: Type casting validation - Success with cast" classname="story-page.spec.ts" time="30.206">
<failure message="story-page.spec.ts:306:7 ✅ IDE Step 3: Type casting validation - Success with cast" type="FAILURE">
<![CDATA[  [Mobile Safari] › story-page.spec.ts:306:7 › Episode 1: 너굴 코딩 - 공짜는 없다구리! (Story Page) › ✅ IDE Step 3: Type casting validation - Success with cast 

    Test timeout of 30000ms exceeded.

    Error: locator.fill: Test timeout of 30000ms exceeded.
    Call log:
      - waiting for locator('#editor1')


      322 |     // Complete Steps 1 & 2
      323 |     const editor1 = page.locator('#editor1');
    > 324 |     await editor1.fill('int loan = 49800;');
          |                   ^
      325 |     let runBtn = page.locator('button:has-text("▶ 코드 실행"):near(#editor1)').first();
      326 |     await runBtn.click();
      327 |
        at /mnt/d/progress/animal forest coding/e2e/story-page.spec.ts:324:19

    attachment #1: screenshot (image/png) ──────────────────────────────────────────────────────────
    ../test-results/story-page-Episode-1-너굴-코딩-a3481-idation---Success-with-cast-Mobile-Safari/test-failed-1.png
    ────────────────────────────────────────────────────────────────────────────────────────────────

    Error Context: ../test-results/story-page-Episode-1-너굴-코딩-a3481-idation---Success-with-cast-Mobile-Safari/error-context.md
]]>
</failure>
<system-out>
<![CDATA[
[[ATTACHMENT|story-page-Episode-1-너굴-코딩-a3481-idation---Success-with-cast-Mobile-Safari/test-failed-1.png]]

[[ATTACHMENT|story-page-Episode-1-너굴-코딩-a3481-idation---Success-with-cast-Mobile-Safari/error-context.md]]
]]>
</system-out>
</testcase>
<testcase name="Episode 1: 너굴 코딩 - 공짜는 없다구리! (Story Page) › ✅ Progress bar updates correctly" classname="story-page.spec.ts" time="1.271">
<failure message="story-page.spec.ts:353:7 ✅ Progress bar updates correctly" type="FAILURE">
<![CDATA[  [Mobile Safari] › story-page.spec.ts:353:7 › Episode 1: 너굴 코딩 - 공짜는 없다구리! (Story Page) › ✅ Progress bar updates correctly 

    Error: expect(received).toContain(expected) // indexOf

    Expected substring: "1"
    Received string:    "·································································
            "

      360 |     // Progress should show we're at step 1
      361 |     const progressText1 = await progressBar.textContent();
    > 362 |     expect(progressText1).toContain('1');
          |                           ^
      363 |
      364 |     // Navigate to Scene 2
      365 |     const scene1 = page.locator('[data-scene="1"]');
        at /mnt/d/progress/animal forest coding/e2e/story-page.spec.ts:362:27

    attachment #1: screenshot (image/png) ──────────────────────────────────────────────────────────
    ../test-results/story-page-Episode-1-너굴-코딩-a9783-gress-bar-updates-correctly-Mobile-Safari/test-failed-1.png
    ────────────────────────────────────────────────────────────────────────────────────────────────

    Error Context: ../test-results/story-page-Episode-1-너굴-코딩-a9783-gress-bar-updates-correctly-Mobile-Safari/error-context.md
]]>
</failure>
<system-out>
<![CDATA[
[[ATTACHMENT|story-page-Episode-1-너굴-코딩-a9783-gress-bar-updates-correctly-Mobile-Safari/test-failed-1.png]]

[[ATTACHMENT|story-page-Episode-1-너굴-코딩-a9783-gress-bar-updates-correctly-Mobile-Safari/error-context.md]]
]]>
</system-out>
</testcase>
<testcase name="Episode 1: 너굴 코딩 - 공짜는 없다구리! (Story Page) › ✅ Responsive design on mobile viewport" classname="story-page.spec.ts" time="1.182">
<failure message="story-page.spec.ts:375:7 ✅ Responsive design on mobile viewport" type="FAILURE">
<![CDATA[  [Mobile Safari] › story-page.spec.ts:375:7 › Episode 1: 너굴 코딩 - 공짜는 없다구리! (Story Page) › ✅ Responsive design on mobile viewport 

    Error: expect(received).toMatch(expected)

    Expected pattern: /1fr/
    Received string:  "335px"

      386 |
      387 |     // On mobile, should be 1 column
    > 388 |     expect(computedStyle).toMatch(/1fr/) || expect(computedStyle).not.toContain(' ');
          |                           ^
      389 |
      390 |     // Verify content is still visible
      391 |     const scene1 = page.locator('[data-scene="1"]');
        at /mnt/d/progress/animal forest coding/e2e/story-page.spec.ts:388:27

    attachment #1: screenshot (image/png) ──────────────────────────────────────────────────────────
    ../test-results/story-page-Episode-1-너굴-코딩-f8126-e-design-on-mobile-viewport-Mobile-Safari/test-failed-1.png
    ────────────────────────────────────────────────────────────────────────────────────────────────

    Error Context: ../test-results/story-page-Episode-1-너굴-코딩-f8126-e-design-on-mobile-viewport-Mobile-Safari/error-context.md
]]>
</failure>
<system-out>
<![CDATA[
[[ATTACHMENT|story-page-Episode-1-너굴-코딩-f8126-e-design-on-mobile-viewport-Mobile-Safari/test-failed-1.png]]

[[ATTACHMENT|story-page-Episode-1-너굴-코딩-f8126-e-design-on-mobile-viewport-Mobile-Safari/error-context.md]]
]]>
</system-out>
</testcase>
<testcase name="Episode 1: 너굴 코딩 - 공짜는 없다구리! (Story Page) › ✅ All episode images load successfully" classname="story-page.spec.ts" time="4.376">
<failure message="story-page.spec.ts:400:7 ✅ All episode images load successfully" type="FAILURE">
<![CDATA[  [Mobile Safari] › story-page.spec.ts:400:7 › Episode 1: 너굴 코딩 - 공짜는 없다구리! (Story Page) › ✅ All episode images load successfully 

    Error: expect(received).toBeGreaterThan(expected)

    Expected: > 0
    Received:   0

      428 |
      429 |     // Verify at least some images loaded
    > 430 |     expect(loadedImages.length).toBeGreaterThan(0);
          |                                 ^
      431 |   });
      432 |
      433 |   test('✅ Scene 4: Completion screen displays after Step 3 success', async ({ page }) => {
        at /mnt/d/progress/animal forest coding/e2e/story-page.spec.ts:430:33

    attachment #1: screenshot (image/png) ──────────────────────────────────────────────────────────
    ../test-results/story-page-Episode-1-너굴-코딩-67ea5-de-images-load-successfully-Mobile-Safari/test-failed-1.png
    ────────────────────────────────────────────────────────────────────────────────────────────────

    Error Context: ../test-results/story-page-Episode-1-너굴-코딩-67ea5-de-images-load-successfully-Mobile-Safari/error-context.md
]]>
</failure>
<system-out>
<![CDATA[
[[ATTACHMENT|story-page-Episode-1-너굴-코딩-67ea5-de-images-load-successfully-Mobile-Safari/test-failed-1.png]]

[[ATTACHMENT|story-page-Episode-1-너굴-코딩-67ea5-de-images-load-successfully-Mobile-Safari/error-context.md]]
]]>
</system-out>
</testcase>
<testcase name="Episode 1: 너굴 코딩 - 공짜는 없다구리! (Story Page) › ✅ Scene 4: Completion screen displays after Step 3 success" classname="story-page.spec.ts" time="30.175">
<failure message="story-page.spec.ts:433:7 ✅ Scene 4: Completion screen displays after Step 3 success" type="FAILURE">
<![CDATA[  [Mobile Safari] › story-page.spec.ts:433:7 › Episode 1: 너굴 코딩 - 공짜는 없다구리! (Story Page) › ✅ Scene 4: Completion screen displays after Step 3 success 

    Test timeout of 30000ms exceeded.

    Error: locator.fill: Test timeout of 30000ms exceeded.
    Call log:
      - waiting for locator('#editor1')


      449 |     // Complete Step 1
      450 |     const editor1 = page.locator('#editor1');
    > 451 |     await editor1.fill('int loan = 49800;');
          |                   ^
      452 |     let runBtn = page.locator('button:has-text("▶ 코드 실행"):near(#editor1)').first();
      453 |     await runBtn.click();
      454 |     let nextStepBtn = page.locator('button:has-text("다음 단계 →")').first();
        at /mnt/d/progress/animal forest coding/e2e/story-page.spec.ts:451:19

    attachment #1: screenshot (image/png) ──────────────────────────────────────────────────────────
    ../test-results/story-page-Episode-1-너굴-코딩-08a30-splays-after-Step-3-success-Mobile-Safari/test-failed-1.png
    ────────────────────────────────────────────────────────────────────────────────────────────────

    Error Context: ../test-results/story-page-Episode-1-너굴-코딩-08a30-splays-after-Step-3-success-Mobile-Safari/error-context.md
]]>
</failure>
<system-out>
<![CDATA[
[[ATTACHMENT|story-page-Episode-1-너굴-코딩-08a30-splays-after-Step-3-success-Mobile-Safari/test-failed-1.png]]

[[ATTACHMENT|story-page-Episode-1-너굴-코딩-08a30-splays-after-Step-3-success-Mobile-Safari/error-context.md]]
]]>
</system-out>
</testcase>
</testsuite>
</testsuites>